196.36.164.97 - - [04/Mar/2009:16:16:08 +0100] "GET /_img/menu_tab_right.gif HTTP/1.1" 200 102 "http://www.cloveretl.org/_css/general.css" "Mozilla/5.0 (Windows; U; Windows NT 6.0; en-GB; rv:1.9.0.6) Gecko/2009011913 Firefox/3.0.6 (.NET CLR 3.5.30729)"
196.36.164.97 - - [04/Mar/2009:16:16:09 +0100] "GET /_img/li_blue.gif HTTP/1.1" 200 50 "http://www.cloveretl.org/_css/modules/Index.css" "Mozilla/5.0 (Windows; U; Windows NT 6.0; en-GB; rv:1.9.0.6) Gecko/2009011913 Firefox/3.0.6 (.NET CLR 3.5.30729)"
213.98.13.161 - - [04/Mar/2009:16:09:58 +0100] "GET /favicon.ico HTTP/1.1" 200 1406 "-" "Mozilla/5.0 (Macintosh; U; Intel Mac OS X 10.5; es-ES; rv:1.9.0.6) Gecko/2009011912 Firefox/3.0.6 GTB5"
62.2.131.1 - - [04/Mar/2009:16:13:14 +0100] "GET /_img/component_icon/SortWithinGroups-64x64.png HTTP/1.0" 200 3560 "http://www.cloveretl.org/clover-gui/videos/" "Mozilla/5.0 (Windows; U; Windows NT 5.1; en-GB; rv:1.8.1.12) Gecko/20080201 Firefox/2.0.0.12"
62.2.131.1 - - [04/Mar/2009:16:13:16 +0100] "GET /favicon.ico HTTP/1.0" 200 1406 "-" "Mozilla/5.0 (Windows; U; Windows NT 5.1; en-GB; rv:1.8.1.12) Gecko/20080201 Firefox/2.0.0.12"
62.2.131.1 - - [04/Mar/2009:16:13:17 +0100] "GET /_img/logo_clover.gif HTTP/1.0" 200 3147 "http://www.cloveretl.org/_css/general.css" "Mozilla/5.0 (Windows; U; Windows NT 5.1; en-GB; rv:1.8.1.12) Gecko/20080201 Firefox/2.0.0.12"
67.202.63.98 - - [04/Mar/2009:16:14:24 +0100] "GET /robots.txt HTTP/1.0" 404 4645 "-" "SimilarPages/Nutch-1.0-dev (SimilarPages Nutch Crawler; http://www.similarpages.com; info at similarpages dot com)"
196.36.164.97 - - [04/Mar/2009:16:16:02 +0100] "GET / HTTP/1.1" 200 10615 "http://en.wikipedia.org/wiki/Clover.ETL" "Mozilla/5.0 (Windows; U; Windows NT 6.0; en-GB; rv:1.9.0.6) Gecko/2009011913 Firefox/3.0.6 (.NET CLR 3.5.30729)"
196.36.164.97 - - [04/Mar/2009:16:16:06 +0100] "GET /_img/tryitnow.gif HTTP/1.1" 200 11168 "http://www.cloveretl.org/" "Mozilla/5.0 (Windows; U; Windows NT 6.0; en-GB; rv:1.9.0.6) Gecko/2009011913 Firefox/3.0.6 (.NET CLR 3.5.30729)"
196.36.164.97 - - [04/Mar/2009:16:16:08 +0100] "GET /_img/motto_middle.gif HTTP/1.1" 200 259 "http://www.cloveretl.org/_css/modules/Index.css" "Mozilla/5.0 (Windows; U; Windows NT 6.0; en-GB; rv:1.9.0.6) Gecko/2009011913 Firefox/3.0.6 (.NET CLR 3.5.30729)"
196.36.164.97 - - [04/Mar/2009:16:16:09 +0100] "GET /_img/box_gray.gif HTTP/1.1" 200 583 "http://www.cloveretl.org/_css/general.css" "Mozilla/5.0 (Windows; U; Windows NT 6.0; en-GB; rv:1.9.0.6) Gecko/2009011913 Firefox/3.0.6 (.NET CLR 3.5.30729)"
196.36.164.97 - - [04/Mar/2009:16:16:11 +0100] "GET /_img/heading_gray.gif HTTP/1.1" 200 156 "http://www.cloveretl.org/_css/general.css" "Mozilla/5.0 (Windows; U; Windows NT 6.0; en-GB; rv:1.9.0.6) Gecko/2009011913 Firefox/3.0.6 (.NET CLR 3.5.30729)"
196.36.164.97 - - [04/Mar/2009:16:16:12 +0100] "GET /_img/rss.gif HTTP/1.1" 200 1170 "http://www.cloveretl.org/_css/general.css" "Mozilla/5.0 (Windows; U; Windows NT 6.0; en-GB; rv:1.9.0.6) Gecko/2009011913 Firefox/3.0.6 (.NET CLR 3.5.30729)"
221.137.86.145 - - [04/Mar/2009:16:08:17 +0100] "GET /_img/box_etl.gif HTTP/1.1" 200 38839 "http://www.cloveretl.org/" "Mozilla/4.0 (compatible; MSIE 7.0; Windows NT 5.1; TencentTraveler ; Mozilla/4.0 (compatible; MSIE 6.0; Windows NT 5.1; SV1) ; .NET CLR 2.0.50727; CIBA)"
62.2.131.1 - - [04/Mar/2009:16:13:17 +0100] "GET /_img/menu_top_new.gif HTTP/1.0" 200 6872 "http://www.cloveretl.org/_css/general.css" "Mozilla/5.0 (Windows; U; Windows NT 5.1; en-GB; rv:1.8.1.12) Gecko/20080201 Firefox/2.0.0.12"
62.2.131.1 - - [04/Mar/2009:16:13:18 +0100] "GET /_img/content_top.gif HTTP/1.0" 200 67 "http://www.cloveretl.org/_css/general.css" "Mozilla/5.0 (Windows; U; Windows NT 5.1; en-GB; rv:1.8.1.12) Gecko/20080201 Firefox/2.0.0.12"
62.2.131.1 - - [04/Mar/2009:16:13:18 +0100] "GET /_img/section_heading.gif HTTP/1.0" 200 93 "http://www.cloveretl.org/_css/general.css" "Mozilla/5.0 (Windows; U; Windows NT 5.1; en-GB; rv:1.8.1.12) Gecko/20080201 Firefox/2.0.0.12"
62.2.131.1 - - [04/Mar/2009:16:13:18 +0100] "GET /_img/heading_gray.gif HTTP/1.0" 200 156 "http://www.cloveretl.org/_css/general.css" "Mozilla/5.0 (Windows; U; Windows NT 5.1; en-GB; rv:1.8.1.12) Gecko/20080201 Firefox/2.0.0.12"
195.137.177.243 - - [04/Mar/2009:16:15:43 +0100] "GET /rss/news.xml HTTP/1.1" 200 5772 "-" "RSSOwl/2.0.0.200804242342 (Windows; U; en)"
196.36.164.97 - - [04/Mar/2009:16:16:07 +0100] "GET /_img/li_orange.gif HTTP/1.1" 200 50 "http://www.cloveretl.org/" "Mozilla/5.0 (Windows; U; Windows NT 6.0; en-GB; rv:1.9.0.6) Gecko/2009011913 Firefox/3.0.6 (.NET CLR 3.5.30729)"
196.36.164.97 - - [04/Mar/2009:16:16:08 +0100] "GET /_img/content_top.gif HTTP/1.1" 200 67 "http://www.cloveretl.org/_css/general.css" "Mozilla/5.0 (Windows; U; Windows NT 6.0; en-GB; rv:1.9.0.6) Gecko/2009011913 Firefox/3.0.6 (.NET CLR 3.5.30729)"
196.36.164.97 - - [04/Mar/2009:16:16:08 +0100] "GET /_img/motto_left.gif HTTP/1.1" 200 79 "http://www.cloveretl.org/_css/modules/Index.css" "Mozilla/5.0 (Windows; U; Windows NT 6.0; en-GB; rv:1.9.0.6) Gecko/2009011913 Firefox/3.0.6 (.NET CLR 3.5.30729)"
196.36.164.97 - - [04/Mar/2009:16:16:09 +0100] "GET /_img/box_green2.gif HTTP/1.1" 200 3891 "http://www.cloveretl.org/_css/general.css" "Mozilla/5.0 (Windows; U; Windows NT 6.0; en-GB; rv:1.9.0.6) Gecko/2009011913 Firefox/3.0.6 (.NET CLR 3.5.30729)"
196.36.164.97 - - [04/Mar/2009:16:16:13 +0100] "GET /_img/clock.gif HTTP/1.1" 200 57 "http://www.cloveretl.org/_css/general.css" "Mozilla/5.0 (Windows; U; Windows NT 6.0; en-GB; rv:1.9.0.6) Gecko/2009011913 Firefox/3.0.6 (.NET CLR 3.5.30729)"
196.36.164.97 - - [04/Mar/2009:16:16:08 +0100] "GET /_img/menu_tab_left.gif HTTP/1.1" 200 102 "http://www.cloveretl.org/_css/general.css" "Mozilla/5.0 (Windows; U; Windows NT 6.0; en-GB; rv:1.9.0.6) Gecko/2009011913 Firefox/3.0.6 (.NET CLR 3.5.30729)"
196.36.164.97 - - [04/Mar/2009:16:16:09 +0100] "GET /_img/box_etl.gif HTTP/1.1" 200 38839 "http://www.cloveretl.org/_css/modules/Index.css" "Mozilla/5.0 (Windows; U; Windows NT 6.0; en-GB; rv:1.9.0.6) Gecko/2009011913 Firefox/3.0.6 (.NET CLR 3.5.30729)"
170.252.72.61 - - [04/Mar/2009:16:16:23 +0100] "GET /_img/box_serv_base_anim.gif HTTP/1.1" 200 115178 "http://www.cloveretl.org/_css/modules/Index.css" "Mozilla/5.0 (Windows; U; Windows NT 5.1; ca; rv:1.9.0.6) Gecko/2009011913 Firefox/3.0.6 (.NET CLR 3.5.30729)"
170.252.72.61 - - [04/Mar/2009:16:16:21 +0100] "GET /favicon.ico HTTP/1.1" 200 1406 "http://www.cloveretl.org/" "Mozilla/5.0 (Windows; U; Windows NT 5.1; ca; rv:1.9.0.6) Gecko/2009011913 Firefox/3.0.6 (.NET CLR 3.5.30729)"
170.252.72.61 - - [04/Mar/2009:16:16:22 +0100] "GET /_img/menu_tab_left.gif HTTP/1.1" 200 102 "http://www.cloveretl.org/_css/general.css" "Mozilla/5.0 (Windows; U; Windows NT 5.1; ca; rv:1.9.0.6) Gecko/2009011913 Firefox/3.0.6 (.NET CLR 3.5.30729)"
170.252.72.61 - - [04/Mar/2009:16:16:21 +0100] "GET /_css/general.css HTTP/1.1" 200 8831 "http://www.cloveretl.org/" "Mozilla/5.0 (Windows; U; Windows NT 5.1; ca; rv:1.9.0.6) Gecko/2009011913 Firefox/3.0.6 (.NET CLR 3.5.30729)"
170.252.72.61 - - [04/Mar/2009:16:16:22 +0100] "GET /_img/menu_top_new.gif HTTP/1.1" 200 6872 "http://www.cloveretl.org/_css/general.css" "Mozilla/5.0 (Windows; U; Windows NT 5.1; ca; rv:1.9.0.6) Gecko/2009011913 Firefox/3.0.6 (.NET CLR 3.5.30729)"
170.252.72.61 - - [04/Mar/2009:16:16:20 +0100] "GET / HTTP/1.1" 200 10616 "http://freshmeat.net/projects/cloveretl/" "Mozilla/5.0 (Windows; U; Windows NT 5.1; ca; rv:1.9.0.6) Gecko/2009011913 Firefox/3.0.6 (.NET CLR 3.5.30729)"
170.252.72.61 - - [04/Mar/2009:16:16:22 +0100] "GET /_img/motto_right.gif HTTP/1.1" 200 123 "http://www.cloveretl.org/_css/modules/Index.css" "Mozilla/5.0 (Windows; U; Windows NT 5.1; ca; rv:1.9.0.6) Gecko/2009011913 Firefox/3.0.6 (.NET CLR 3.5.30729)"
170.252.72.61 - - [04/Mar/2009:16:16:22 +0100] "GET /_img/li_blue.gif HTTP/1.1" 200 50 "http://www.cloveretl.org/_css/modules/Index.css" "Mozilla/5.0 (Windows; U; Windows NT 5.1; ca; rv:1.9.0.6) Gecko/2009011913 Firefox/3.0.6 (.NET CLR 3.5.30729)"
170.252.72.61 - - [04/Mar/2009:16:16:20 +0100] "GET /_css/modules/Index.css HTTP/1.1" 200 3161 "http://www.cloveretl.org/" "Mozilla/5.0 (Windows; U; Windows NT 5.1; ca; rv:1.9.0.6) Gecko/2009011913 Firefox/3.0.6 (.NET CLR 3.5.30729)"
170.252.72.61 - - [04/Mar/2009:16:16:22 +0100] "GET /_img/content_top.gif HTTP/1.1" 200 67 "http://www.cloveretl.org/_css/general.css" "Mozilla/5.0 (Windows; U; Windows NT 5.1; ca; rv:1.9.0.6) Gecko/2009011913 Firefox/3.0.6 (.NET CLR 3.5.30729)"
170.252.72.61 - - [04/Mar/2009:16:16:22 +0100] "GET /_img/box_green2.gif HTTP/1.1" 200 3891 "http://www.cloveretl.org/_css/general.css" "Mozilla/5.0 (Windows; U; Windows NT 5.1; ca; rv:1.9.0.6) Gecko/2009011913 Firefox/3.0.6 (.NET CLR 3.5.30729)"
170.252.72.61 - - [04/Mar/2009:16:16:23 +0100] "GET /_img/box_gui.jpg HTTP/1.1" 200 5712 "http://www.cloveretl.org/_css/modules/Index.css" "Mozilla/5.0 (Windows; U; Windows NT 5.1; ca; rv:1.9.0.6) Gecko/2009011913 Firefox/3.0.6 (.NET CLR 3.5.30729)"
170.252.72.61 - - [04/Mar/2009:16:16:23 +0100] "GET /_img/motto_middle.gif HTTP/1.1" 200 259 "http://www.cloveretl.org/_css/modules/Index.css" "Mozilla/5.0 (Windows; U; Windows NT 5.1; ca; rv:1.9.0.6) Gecko/2009011913 Firefox/3.0.6 (.NET CLR 3.5.30729)"
170.252.72.61 - - [04/Mar/2009:16:16:22 +0100] "GET /_img/motto_left.gif HTTP/1.1" 200 79 "http://www.cloveretl.org/_css/modules/Index.css" "Mozilla/5.0 (Windows; U; Windows NT 5.1; ca; rv:1.9.0.6) Gecko/2009011913 Firefox/3.0.6 (.NET CLR 3.5.30729)"
170.252.72.61 - - [04/Mar/2009:16:16:23 +0100] "GET /_img/heading_gray.gif HTTP/1.1" 200 156 "http://www.cloveretl.org/_css/general.css" "Mozilla/5.0 (Windows; U; Windows NT 5.1; ca; rv:1.9.0.6) Gecko/2009011913 Firefox/3.0.6 (.NET CLR 3.5.30729)"
170.252.72.61 - - [04/Mar/2009:16:16:22 +0100] "GET /_img/li_orange.gif HTTP/1.1" 200 50 "http://www.cloveretl.org/" "Mozilla/5.0 (Windows; U; Windows NT 5.1; ca; rv:1.9.0.6) Gecko/2009011913 Firefox/3.0.6 (.NET CLR 3.5.30729)"
170.252.72.61 - - [04/Mar/2009:16:16:22 +0100] "GET /_img/logo_clover.gif HTTP/1.1" 200 3147 "http://www.cloveretl.org/_css/general.css" "Mozilla/5.0 (Windows; U; Windows NT 5.1; ca; rv:1.9.0.6) Gecko/2009011913 Firefox/3.0.6 (.NET CLR 3.5.30729)"
170.252.72.61 - - [04/Mar/2009:16:16:23 +0100] "GET /_img/rss.gif HTTP/1.1" 200 1170 "http://www.cloveretl.org/_css/general.css" "Mozilla/5.0 (Windows; U; Windows NT 5.1; ca; rv:1.9.0.6) Gecko/2009011913 Firefox/3.0.6 (.NET CLR 3.5.30729)"
196.36.164.97 - - [04/Mar/2009:16:16:03 +0100] "GET /_css/general.css HTTP/1.1" 200 8831 "http://www.cloveretl.org/" "Mozilla/5.0 (Windows; U; Windows NT 6.0; en-GB; rv:1.9.0.6) Gecko/2009011913 Firefox/3.0.6 (.NET CLR 3.5.30729)"
196.36.164.97 - - [04/Mar/2009:16:16:06 +0100] "GET /favicon.ico HTTP/1.1" 200 1406 "-" "Mozilla/5.0 (Windows; U; Windows NT 6.0; en-GB; rv:1.9.0.6) Gecko/2009011913 Firefox/3.0.6 (.NET CLR 3.5.30729)"
196.36.164.97 - - [04/Mar/2009:16:16:08 +0100] "GET /_img/logo_clover.gif HTTP/1.1" 200 3147 "http://www.cloveretl.org/_css/general.css" "Mozilla/5.0 (Windows; U; Windows NT 6.0; en-GB; rv:1.9.0.6) Gecko/2009011913 Firefox/3.0.6 (.NET CLR 3.5.30729)"
196.36.164.97 - - [04/Mar/2009:16:16:08 +0100] "GET /_img/motto_right.gif HTTP/1.1" 200 123 "http://www.cloveretl.org/_css/modules/Index.css" "Mozilla/5.0 (Windows; U; Windows NT 6.0; en-GB; rv:1.9.0.6) Gecko/2009011913 Firefox/3.0.6 (.NET CLR 3.5.30729)"
196.36.164.97 - - [04/Mar/2009:16:16:09 +0100] "GET /_img/box_serv_base_anim.gif HTTP/1.1" 200 115178 "http://www.cloveretl.org/_css/modules/Index.css" "Mozilla/5.0 (Windows; U; Windows NT 6.0; en-GB; rv:1.9.0.6) Gecko/2009011913 Firefox/3.0.6 (.NET CLR 3.5.30729)"
196.36.164.97 - - [04/Mar/2009:16:19:06 +0100] "GET /clover-gui/videos/ HTTP/1.1" 200 8277 "http://www.cloveretl.org/" "Mozilla/5.0 (Windows; U; Windows NT 6.0; en-GB; rv:1.9.0.6) Gecko/2009011913 Firefox/3.0.6 (.NET CLR 3.5.30729)"
196.36.164.97 - - [04/Mar/2009:16:19:07 +0100] "GET /_img/section_heading.gif HTTP/1.1" 200 93 "http://www.cloveretl.org/_css/general.css" "Mozilla/5.0 (Windows; U; Windows NT 6.0; en-GB; rv:1.9.0.6) Gecko/2009011913 Firefox/3.0.6 (.NET CLR 3.5.30729)"
170.252.72.61 - - [04/Mar/2009:16:16:22 +0100] "GET /_img/box_etl.gif HTTP/1.1" 200 38839 "http://www.cloveretl.org/_css/modules/Index.css" "Mozilla/5.0 (Windows; U; Windows NT 5.1; ca; rv:1.9.0.6) Gecko/2009011913 Firefox/3.0.6 (.NET CLR 3.5.30729)"
196.36.164.97 - - [04/Mar/2009:16:19:07 +0100] "GET /_img/tip_clover.gif HTTP/1.1" 200 1157 "http://www.cloveretl.org/_css/general.css" "Mozilla/5.0 (Windows; U; Windows NT 6.0; en-GB; rv:1.9.0.6) Gecko/2009011913 Firefox/3.0.6 (.NET CLR 3.5.30729)"
196.36.164.97 - - [04/Mar/2009:16:19:08 +0100] "GET /_img/tip_bg.gif HTTP/1.1" 200 986 "http://www.cloveretl.org/_css/general.css" "Mozilla/5.0 (Windows; U; Windows NT 6.0; en-GB; rv:1.9.0.6) Gecko/2009011913 Firefox/3.0.6 (.NET CLR 3.5.30729)"
196.36.164.97 - - [04/Mar/2009:16:19:10 +0100] "GET /_img/component_icon/DBInputTable-64x64.png HTTP/1.1" 200 6537 "http://www.cloveretl.org/clover-gui/videos/" "Mozilla/5.0 (Windows; U; Windows NT 6.0; en-GB; rv:1.9.0.6) Gecko/2009011913 Firefox/3.0.6 (.NET CLR 3.5.30729)"
170.252.72.61 - - [04/Mar/2009:16:16:20 +0100] "GET /rss/news.xml HTTP/1.1" 200 5772 "http://www.cloveretl.org/" "Mozilla/5.0 (Windows; U; Windows NT 5.1; ca; rv:1.9.0.6) Gecko/2009011913 Firefox/3.0.6 (.NET CLR 3.5.30729)"
170.252.72.61 - - [04/Mar/2009:16:16:22 +0100] "GET /_img/menu_tab_right.gif HTTP/1.1" 200 102 "http://www.cloveretl.org/_css/general.css" "Mozilla/5.0 (Windows; U; Windows NT 5.1; ca; rv:1.9.0.6) Gecko/2009011913 Firefox/3.0.6 (.NET CLR 3.5.30729)"
170.252.72.61 - - [04/Mar/2009:16:16:22 +0100] "GET /_img/box_gray.gif HTTP/1.1" 200 583 "http://www.cloveretl.org/_css/general.css" "Mozilla/5.0 (Windows; U; Windows NT 5.1; ca; rv:1.9.0.6) Gecko/2009011913 Firefox/3.0.6 (.NET CLR 3.5.30729)"
170.252.72.61 - - [04/Mar/2009:16:16:23 +0100] "GET /_img/clock.gif HTTP/1.1" 200 57 "http://www.cloveretl.org/_css/general.css" "Mozilla/5.0 (Windows; U; Windows NT 5.1; ca; rv:1.9.0.6) Gecko/2009011913 Firefox/3.0.6 (.NET CLR 3.5.30729)"
196.36.164.97 - - [04/Mar/2009:16:19:07 +0100] "GET /_img/menu_left_top.gif HTTP/1.1" 200 157 "http://www.cloveretl.org/_css/general.css" "Mozilla/5.0 (Windows; U; Windows NT 6.0; en-GB; rv:1.9.0.6) Gecko/2009011913 Firefox/3.0.6 (.NET CLR 3.5.30729)"
83.175.204.210 - - [04/Mar/2009:16:23:17 +0100] "GET /_img/menu_left_top.gif HTTP/1.1" 200 157 "http://www.cloveretl.org/_css/general.css" "Mozilla/5.0 (Windows; U; Windows NT 5.1; es-ES; rv:1.8.1.14) Gecko/20080404 Firefox/2.0.0.14 (.NET CLR 3.5.30729)"
83.175.204.210 - - [04/Mar/2009:16:23:17 +0100] "GET /_img/tip_bg.gif HTTP/1.1" 200 986 "http://www.cloveretl.org/_css/general.css" "Mozilla/5.0 (Windows; U; Windows NT 5.1; es-ES; rv:1.8.1.14) Gecko/20080404 Firefox/2.0.0.14 (.NET CLR 3.5.30729)"
83.175.204.210 - - [04/Mar/2009:16:23:18 +0100] "GET /_img/tip_clover.gif HTTP/1.1" 200 1157 "http://www.cloveretl.org/_css/general.css" "Mozilla/5.0 (Windows; U; Windows NT 5.1; es-ES; rv:1.8.1.14) Gecko/20080404 Firefox/2.0.0.14 (.NET CLR 3.5.30729)"
83.175.204.210 - - [04/Mar/2009:16:23:19 +0100] "GET /_img/section_heading.gif HTTP/1.1" 200 93 "http://www.cloveretl.org/_css/general.css" "Mozilla/5.0 (Windows; U; Windows NT 5.1; es-ES; rv:1.8.1.14) Gecko/20080404 Firefox/2.0.0.14 (.NET CLR 3.5.30729)"
83.175.204.210 - - [04/Mar/2009:16:23:19 +0100] "GET /_img/box_gray.gif HTTP/1.1" 200 583 "http://www.cloveretl.org/_css/general.css" "Mozilla/5.0 (Windows; U; Windows NT 5.1; es-ES; rv:1.8.1.14) Gecko/20080404 Firefox/2.0.0.14 (.NET CLR 3.5.30729)"
83.175.204.210 - - [04/Mar/2009:16:23:02 +0100] "GET /favicon.ico HTTP/1.1" 200 1406 "-" "Mozilla/5.0 (Windows; U; Windows NT 5.1; es-ES; rv:1.8.1.14) Gecko/20080404 Firefox/2.0.0.14 (.NET CLR 3.5.30729)"
83.175.204.210 - - [04/Mar/2009:16:23:03 +0100] "GET /_css/modules/Index.css HTTP/1.1" 200 3161 "http://www.cloveretl.org/" "Mozilla/5.0 (Windows; U; Windows NT 5.1; es-ES; rv:1.8.1.14) Gecko/20080404 Firefox/2.0.0.14 (.NET CLR 3.5.30729)"
83.175.204.210 - - [04/Mar/2009:16:23:07 +0100] "GET /_img/tryitnow.gif HTTP/1.1" 200 11168 "http://www.cloveretl.org/" "Mozilla/5.0 (Windows; U; Windows NT 5.1; es-ES; rv:1.8.1.14) Gecko/20080404 Firefox/2.0.0.14 (.NET CLR 3.5.30729)"
83.175.204.210 - - [04/Mar/2009:16:23:08 +0100] "GET /_img/menu_top_new.gif HTTP/1.1" 200 6872 "http://www.cloveretl.org/_css/general.css" "Mozilla/5.0 (Windows; U; Windows NT 5.1; es-ES; rv:1.8.1.14) Gecko/20080404 Firefox/2.0.0.14 (.NET CLR 3.5.30729)"
83.175.204.210 - - [04/Mar/2009:16:23:09 +0100] "GET /_img/menu_tab_right.gif HTTP/1.1" 200 102 "http://www.cloveretl.org/_css/general.css" "Mozilla/5.0 (Windows; U; Windows NT 5.1; es-ES; rv:1.8.1.14) Gecko/20080404 Firefox/2.0.0.14 (.NET CLR 3.5.30729)"
83.175.204.210 - - [04/Mar/2009:16:23:10 +0100] "GET /_img/motto_right.gif HTTP/1.1" 200 123 "http://www.cloveretl.org/_css/modules/Index.css" "Mozilla/5.0 (Windows; U; Windows NT 5.1; es-ES; rv:1.8.1.14) Gecko/20080404 Firefox/2.0.0.14 (.NET CLR 3.5.30729)"
83.175.204.210 - - [04/Mar/2009:16:23:10 +0100] "GET /_img/motto_middle.gif HTTP/1.1" 200 259 "http://www.cloveretl.org/_css/modules/Index.css" "Mozilla/5.0 (Windows; U; Windows NT 5.1; es-ES; rv:1.8.1.14) Gecko/20080404 Firefox/2.0.0.14 (.NET CLR 3.5.30729)"
83.175.204.210 - - [04/Mar/2009:16:23:11 +0100] "GET /_img/box_etl.gif HTTP/1.1" 200 38839 "http://www.cloveretl.org/_css/modules/Index.css" "Mozilla/5.0 (Windows; U; Windows NT 5.1; es-ES; rv:1.8.1.14) Gecko/20080404 Firefox/2.0.0.14 (.NET CLR 3.5.30729)"
83.175.204.210 - - [04/Mar/2009:16:23:14 +0100] "GET /clover-server/live-demo/ HTTP/1.1" 200 8850 "http://www.cloveretl.org/" "Mozilla/5.0 (Windows; U; Windows NT 5.1; es-ES; rv:1.8.1.14) Gecko/20080404 Firefox/2.0.0.14 (.NET CLR 3.5.30729)"
83.175.204.210 - - [04/Mar/2009:16:23:17 +0100] "GET /_img/component_icon/RunGraph-64x64.png HTTP/1.1" 200 4401 "http://www.cloveretl.org/clover-server/live-demo/" "Mozilla/5.0 (Windows; U; Windows NT 5.1; es-ES; rv:1.8.1.14) Gecko/20080404 Firefox/2.0.0.14 (.NET CLR 3.5.30729)"
83.175.204.210 - - [04/Mar/2009:16:23:17 +0100] "GET /_img/menu_left_border.gif HTTP/1.1" 200 43 "http://www.cloveretl.org/_css/general.css" "Mozilla/5.0 (Windows; U; Windows NT 5.1; es-ES; rv:1.8.1.14) Gecko/20080404 Firefox/2.0.0.14 (.NET CLR 3.5.30729)"
83.175.204.210 - - [04/Mar/2009:16:23:20 +0100] "GET /_img/heading_gray.gif HTTP/1.1" 200 156 "http://www.cloveretl.org/_css/general.css" "Mozilla/5.0 (Windows; U; Windows NT 5.1; es-ES; rv:1.8.1.14) Gecko/20080404 Firefox/2.0.0.14 (.NET CLR 3.5.30729)"
65.55.234.162 - - [04/Mar/2009:16:25:51 +0100] "GET /robots.txt HTTP/1.1" 404 4645 "-" "msnbot-media/1.1 (+http://search.msn.com/msnbot.htm)"
116.75.81.106 - - [04/Mar/2009:16:30:14 +0100] "GET /download/ HTTP/1.1" 200 6119 "http://www.cloveretl.org" "Mozilla/4.0 (compatible; MSIE 6.0; Windows NT 5.1)"
116.75.81.106 - - [04/Mar/2009:16:30:15 +0100] "GET /_img/menu_tab_left.gif HTTP/1.1" 304 - "http://www.cloveretl.org/download/" "Mozilla/4.0 (compatible; MSIE 6.0; Windows NT 5.1)"
116.75.81.106 - - [04/Mar/2009:16:30:16 +0100] "GET /_img/menu_tab_right.gif HTTP/1.1" 304 - "http://www.cloveretl.org/download/" "Mozilla/4.0 (compatible; MSIE 6.0; Windows NT 5.1)"
116.75.81.106 - - [04/Mar/2009:16:30:17 +0100] "GET /_img/box_gray.gif HTTP/1.1" 304 - "http://www.cloveretl.org/download/" "Mozilla/4.0 (compatible; MSIE 6.0; Windows NT 5.1)"
116.75.81.106 - - [04/Mar/2009:16:31:23 +0100] "GET /_img/component_icon/XMLExtract-64x64.png HTTP/1.1" 304 - "http://www.cloveretl.org/user/register/?fa=64" "Mozilla/4.0 (compatible; MSIE 6.0; Windows NT 5.1)"
116.75.81.106 - - [04/Mar/2009:16:31:26 +0100] "GET /_img/captcha.jpg HTTP/1.1" 200 3322 "http://www.cloveretl.org/user/register/?fa=64" "Mozilla/4.0 (compatible; MSIE 6.0; Windows NT 5.1)"
83.175.204.210 - - [04/Mar/2009:16:23:01 +0100] "GET / HTTP/1.1" 200 10615 "http://en.wikipedia.org/wiki/Clover.ETL" "Mozilla/5.0 (Windows; U; Windows NT 5.1; es-ES; rv:1.8.1.14) Gecko/20080404 Firefox/2.0.0.14 (.NET CLR 3.5.30729)"
83.175.204.210 - - [04/Mar/2009:16:23:02 +0100] "GET /_css/general.css HTTP/1.1" 200 8831 "http://www.cloveretl.org/" "Mozilla/5.0 (Windows; U; Windows NT 5.1; es-ES; rv:1.8.1.14) Gecko/20080404 Firefox/2.0.0.14 (.NET CLR 3.5.30729)"
83.175.204.210 - - [04/Mar/2009:16:23:07 +0100] "GET /_img/logo_clover.gif HTTP/1.1" 200 3147 "http://www.cloveretl.org/_css/general.css" "Mozilla/5.0 (Windows; U; Windows NT 5.1; es-ES; rv:1.8.1.14) Gecko/20080404 Firefox/2.0.0.14 (.NET CLR 3.5.30729)"
83.175.204.210 - - [04/Mar/2009:16:23:07 +0100] "GET /_img/li_orange.gif HTTP/1.1" 200 50 "http://www.cloveretl.org/_css/general.css" "Mozilla/5.0 (Windows; U; Windows NT 5.1; es-ES; rv:1.8.1.14) Gecko/20080404 Firefox/2.0.0.14 (.NET CLR 3.5.30729)"
83.175.204.210 - - [04/Mar/2009:16:23:08 +0100] "GET /_img/li_blue.gif HTTP/1.1" 200 50 "http://www.cloveretl.org/_css/modules/Index.css" "Mozilla/5.0 (Windows; U; Windows NT 5.1; es-ES; rv:1.8.1.14) Gecko/20080404 Firefox/2.0.0.14 (.NET CLR 3.5.30729)"
83.175.204.210 - - [04/Mar/2009:16:23:09 +0100] "GET /_img/menu_tab_left.gif HTTP/1.1" 200 102 "http://www.cloveretl.org/_css/general.css" "Mozilla/5.0 (Windows; U; Windows NT 5.1; es-ES; rv:1.8.1.14) Gecko/20080404 Firefox/2.0.0.14 (.NET CLR 3.5.30729)"
83.175.204.210 - - [04/Mar/2009:16:23:09 +0100] "GET /_img/content_top.gif HTTP/1.1" 200 67 "http://www.cloveretl.org/_css/general.css" "Mozilla/5.0 (Windows; U; Windows NT 5.1; es-ES; rv:1.8.1.14) Gecko/20080404 Firefox/2.0.0.14 (.NET CLR 3.5.30729)"
83.175.204.210 - - [04/Mar/2009:16:23:10 +0100] "GET /_img/motto_left.gif HTTP/1.1" 200 79 "http://www.cloveretl.org/_css/modules/Index.css" "Mozilla/5.0 (Windows; U; Windows NT 5.1; es-ES; rv:1.8.1.14) Gecko/20080404 Firefox/2.0.0.14 (.NET CLR 3.5.30729)"
83.175.204.210 - - [04/Mar/2009:16:23:10 +0100] "GET /_img/box_serv_base_anim.gif HTTP/1.1" 200 115178 "http://www.cloveretl.org/_css/modules/Index.css" "Mozilla/5.0 (Windows; U; Windows NT 5.1; es-ES; rv:1.8.1.14) Gecko/20080404 Firefox/2.0.0.14 (.NET CLR 3.5.30729)"
65.55.234.162 - - [04/Mar/2009:16:25:52 +0100] "GET /clover-gui/videos/ HTTP/1.1" 200 7929 "-" "msnbot-media/1.1 (+http://search.msn.com/msnbot.htm)"
170.252.72.61 - - [04/Mar/2009:16:16:22 +0100] "GET /_img/tryitnow.gif HTTP/1.1" 200 11168 "http://www.cloveretl.org/" "Mozilla/5.0 (Windows; U; Windows NT 5.1; ca; rv:1.9.0.6) Gecko/2009011913 Firefox/3.0.6 (.NET CLR 3.5.30729)"
196.36.164.97 - - [04/Mar/2009:16:19:07 +0100] "GET /_img/menu_left_border.gif HTTP/1.1" 200 43 "http://www.cloveretl.org/_css/general.css" "Mozilla/5.0 (Windows; U; Windows NT 6.0; en-GB; rv:1.9.0.6) Gecko/2009011913 Firefox/3.0.6 (.NET CLR 3.5.30729)"
194.51.20.126 - - [04/Mar/2009:16:29:37 +0100] "GET /_img/about/architecture.gif HTTP/1.1" 200 18403 "http://www.cloveretl.org/clover/etl-tool/" "Mozilla/5.0 (Windows; U; Windows NT 5.1; fr; rv:1.8.1.20) Gecko/20081217 Firefox/2.0.0.20"
194.51.20.126 - - [04/Mar/2009:16:29:38 +0100] "GET /_img/about//definition.gif HTTP/1.1" 200 29069 "http://www.cloveretl.org/clover/etl-tool/" "Mozilla/5.0 (Windows; U; Windows NT 5.1; fr; rv:1.8.1.20) Gecko/20081217 Firefox/2.0.0.20"
116.75.81.106 - - [04/Mar/2009:16:30:07 +0100] "GET /_css/general-ie.css HTTP/1.1" 304 - "http://www.cloveretl.org" "Mozilla/4.0 (compatible; MSIE 6.0; Windows NT 5.1)"
116.75.81.106 - - [04/Mar/2009:16:30:07 +0100] "GET /_css/modules/Index.css HTTP/1.1" 304 - "http://www.cloveretl.org" "Mozilla/4.0 (compatible; MSIE 6.0; Windows NT 5.1)"
116.75.81.106 - - [04/Mar/2009:16:30:08 +0100] "GET /_img/menu_top_new.gif HTTP/1.1" 304 - "http://www.cloveretl.org" "Mozilla/4.0 (compatible; MSIE 6.0; Windows NT 5.1)"
116.75.81.106 - - [04/Mar/2009:16:30:09 +0100] "GET /_img/box_serv_base_anim.gif HTTP/1.1" 206 93572 "http://www.cloveretl.org" "Mozilla/4.0 (compatible; MSIE 6.0; Windows NT 5.1)"
116.75.81.106 - - [04/Mar/2009:16:30:18 +0100] "GET /user/register/ HTTP/1.1" 200 23389 "http://www.cloveretl.org/download/" "Mozilla/4.0 (compatible; MSIE 6.0; Windows NT 5.1)"
116.75.81.106 - - [04/Mar/2009:16:30:24 +0100] "GET /_img/tip_bg.gif HTTP/1.1" 304 - "http://www.cloveretl.org/user/register/" "Mozilla/4.0 (compatible; MSIE 6.0; Windows NT 5.1)"
116.75.81.106 - - [04/Mar/2009:16:30:24 +0100] "GET /_img/menu_left_top.gif HTTP/1.1" 304 - "http://www.cloveretl.org/user/register/" "Mozilla/4.0 (compatible; MSIE 6.0; Windows NT 5.1)"
116.75.81.106 - - [04/Mar/2009:16:30:25 +0100] "GET /_img/section_heading.gif HTTP/1.1" 304 - "http://www.cloveretl.org/user/register/" "Mozilla/4.0 (compatible; MSIE 6.0; Windows NT 5.1)"
116.75.81.106 - - [04/Mar/2009:16:30:25 +0100] "GET /_img/box_gray.gif HTTP/1.1" 304 - "http://www.cloveretl.org/user/register/" "Mozilla/4.0 (compatible; MSIE 6.0; Windows NT 5.1)"
116.75.81.106 - - [04/Mar/2009:16:30:26 +0100] "GET /_img/heading_gray.gif HTTP/1.1" 304 - "http://www.cloveretl.org/user/register/" "Mozilla/4.0 (compatible; MSIE 6.0; Windows NT 5.1)"
67.195.37.163 - - [04/Mar/2009:16:24:35 +0100] "GET /download/ HTTP/1.0" 200 6117 "-" "Mozilla/5.0 (compatible; Yahoo! Slurp; http://help.yahoo.com/help/us/ysearch/slurp)"
93.63.46.223 - - [04/Mar/2009:16:27:50 +0100] "GET /rss/news.xml HTTP/1.1" 200 5772 "-" "Apple-PubSub/65.6"
194.51.20.126 - - [04/Mar/2009:16:28:27 +0100] "GET /clover-server/live-demo/ HTTP/1.1" 200 8093 "http://www.cloveretl.org/clover-etl/" "Mozilla/5.0 (Windows; U; Windows NT 5.1; fr; rv:1.8.1.20) Gecko/20081217 Firefox/2.0.0.20"
194.51.20.126 - - [04/Mar/2009:16:29:36 +0100] "GET /_img/about/clover.gif HTTP/1.1" 200 2591 "http://www.cloveretl.org/clover/etl-tool/" "Mozilla/5.0 (Windows; U; Windows NT 5.1; fr; rv:1.8.1.20) Gecko/20081217 Firefox/2.0.0.20"
194.51.20.126 - - [04/Mar/2009:16:29:37 +0100] "GET /_img/about/editing.gif HTTP/1.1" 200 24244 "http://www.cloveretl.org/clover/etl-tool/" "Mozilla/5.0 (Windows; U; Windows NT 5.1; fr; rv:1.8.1.20) Gecko/20081217 Firefox/2.0.0.20"
74.6.30.99 - - [04/Mar/2009:16:30:32 +0100] "GET / HTTP/1.0" 200 10615 "-" "Mozilla/5.0 (compatible; Yahoo! DE Slurp; http://help.yahoo.com/help/us/ysearch/slurp)"
195.137.177.243 - - [04/Mar/2009:16:30:39 +0100] "GET /rss/news.xml HTTP/1.1" 200 5772 "-" "RSSOwl/2.0.0.200804242342 (Windows; U; en)"
116.75.81.106 - - [04/Mar/2009:16:32:26 +0100] "GET /_css/general-ie.css HTTP/1.1" 304 - "http://www.cloveretl.org/user/confirm-registration?id=3837&email=sonal.vikram@gmail.com" "Mozilla/4.0 (compatible; MSIE 6.0; Windows NT 5.1)"
116.75.81.106 - - [04/Mar/2009:16:32:27 +0100] "GET /_img/component_icon/LDAPReader-64x64.png HTTP/1.1" 200 3682 "http://www.cloveretl.org/user/confirm-registration?id=3837&email=sonal.vikram@gmail.com" "Mozilla/4.0 (compatible; MSIE 6.0; Windows NT 5.1)"
116.75.81.106 - - [04/Mar/2009:16:32:28 +0100] "GET /_img/tip_bg.gif HTTP/1.1" 304 - "http://www.cloveretl.org/user/confirm-registration?id=3837&email=sonal.vikram@gmail.com" "Mozilla/4.0 (compatible; MSIE 6.0; Windows NT 5.1)"
116.75.81.106 - - [04/Mar/2009:16:32:29 +0100] "GET /_img/logo_clover.gif HTTP/1.1" 304 - "http://www.cloveretl.org/user/confirm-registration?id=3837&email=sonal.vikram@gmail.com" "Mozilla/4.0 (compatible; MSIE 6.0; Windows NT 5.1)"
116.75.81.106 - - [04/Mar/2009:16:32:30 +0100] "GET /_img/tip_clover.gif HTTP/1.1" 304 - "http://www.cloveretl.org/user/confirm-registration?id=3837&email=sonal.vikram@gmail.com" "Mozilla/4.0 (compatible; MSIE 6.0; Windows NT 5.1)"
116.75.81.106 - - [04/Mar/2009:16:32:30 +0100] "GET /_img/heading_gray.gif HTTP/1.1" 304 - "http://www.cloveretl.org/user/confirm-registration?id=3837&email=sonal.vikram@gmail.com" "Mozilla/4.0 (compatible; MSIE 6.0; Windows NT 5.1)"
194.51.20.126 - - [04/Mar/2009:16:29:35 +0100] "GET /clover/etl-tool/ HTTP/1.1" 200 13883 "http://www.cloveretl.org/clover-server/live-demo/" "Mozilla/5.0 (Windows; U; Windows NT 5.1; fr; rv:1.8.1.20) Gecko/20081217 Firefox/2.0.0.20"
194.51.20.126 - - [04/Mar/2009:16:29:37 +0100] "GET /_img/component_icon/SimpleCopy-64x64.png HTTP/1.1" 200 4277 "http://www.cloveretl.org/clover/etl-tool/" "Mozilla/5.0 (Windows; U; Windows NT 5.1; fr; rv:1.8.1.20) Gecko/20081217 Firefox/2.0.0.20"
116.75.81.106 - - [04/Mar/2009:16:30:05 +0100] "GET / HTTP/1.1" 200 10615 "-" "Mozilla/4.0 (compatible; MSIE 6.0; Windows NT 5.1)"
116.75.81.106 - - [04/Mar/2009:16:30:07 +0100] "GET /_css/general.css HTTP/1.1" 304 - "http://www.cloveretl.org" "Mozilla/4.0 (compatible; MSIE 6.0; Windows NT 5.1)"
116.75.81.106 - - [04/Mar/2009:16:30:07 +0100] "GET /_img/tryitnow.gif HTTP/1.1" 304 - "http://www.cloveretl.org" "Mozilla/4.0 (compatible; MSIE 6.0; Windows NT 5.1)"
116.75.81.106 - - [04/Mar/2009:16:30:08 +0100] "GET /_img/li_orange.gif HTTP/1.1" 304 - "http://www.cloveretl.org" "Mozilla/4.0 (compatible; MSIE 6.0; Windows NT 5.1)"
116.75.81.106 - - [04/Mar/2009:16:30:09 +0100] "GET /_img/content_top.gif HTTP/1.1" 304 - "http://www.cloveretl.org" "Mozilla/4.0 (compatible; MSIE 6.0; Windows NT 5.1)"
116.75.81.106 - - [04/Mar/2009:16:30:10 +0100] "GET /_img/box_etl.gif HTTP/1.1" 206 31830 "http://www.cloveretl.org" "Mozilla/4.0 (compatible; MSIE 6.0; Windows NT 5.1)"
116.75.81.106 - - [04/Mar/2009:16:30:15 +0100] "GET /_img/logo_clover.gif HTTP/1.1" 304 - "http://www.cloveretl.org/download/" "Mozilla/4.0 (compatible; MSIE 6.0; Windows NT 5.1)"
116.75.81.106 - - [04/Mar/2009:16:30:16 +0100] "GET /_img/menu_left_border.gif HTTP/1.1" 304 - "http://www.cloveretl.org/download/" "Mozilla/4.0 (compatible; MSIE 6.0; Windows NT 5.1)"
116.75.81.106 - - [04/Mar/2009:16:30:17 +0100] "GET /_img/menu_left_top.gif HTTP/1.1" 304 - "http://www.cloveretl.org/download/" "Mozilla/4.0 (compatible; MSIE 6.0; Windows NT 5.1)"
116.75.81.106 - - [04/Mar/2009:16:30:20 +0100] "GET /_css/modules/UserAdmin.css HTTP/1.1" 304 - "http://www.cloveretl.org/user/register/" "Mozilla/4.0 (compatible; MSIE 6.0; Windows NT 5.1)"
116.75.81.106 - - [04/Mar/2009:16:30:21 +0100] "GET /_img/component_icon/FixLenDataReader-64x64.png HTTP/1.1" 200 5184 "http://www.cloveretl.org/user/register/" "Mozilla/4.0 (compatible; MSIE 6.0; Windows NT 5.1)"
116.75.81.106 - - [04/Mar/2009:16:30:25 +0100] "GET /_img/tip_clover.gif HTTP/1.1" 304 - "http://www.cloveretl.org/user/register/" "Mozilla/4.0 (compatible; MSIE 6.0; Windows NT 5.1)"
116.75.81.106 - - [04/Mar/2009:16:30:25 +0100] "GET /_img/captcha.jpg HTTP/1.1" 200 3320 "http://www.cloveretl.org/user/register/" "Mozilla/4.0 (compatible; MSIE 6.0; Windows NT 5.1)"
192.85.47.1 - - [04/Mar/2009:16:35:34 +0100] "GET / HTTP/1.1" 200 10616 "http://en.wikipedia.org/wiki/Clover.ETL" "Mozilla/4.0 (compatible; MSIE 6.0; Windows NT 5.1; SV1; .NET CLR 1.1.4322; .NET CLR 2.0.50727)"
192.85.47.1 - - [04/Mar/2009:16:35:36 +0100] "GET /_img/tryitnow.gif HTTP/1.1" 200 11168 "http://www.cloveretl.org/" "Mozilla/4.0 (compatible; MSIE 6.0; Windows NT 5.1; SV1; .NET CLR 1.1.4322; .NET CLR 2.0.50727)"
192.85.47.1 - - [04/Mar/2009:16:35:38 +0100] "GET /_img/box_etl.gif HTTP/1.1" 200 38839 "http://www.cloveretl.org/" "Mozilla/4.0 (compatible; MSIE 6.0; Windows NT 5.1; SV1; .NET CLR 1.1.4322; .NET CLR 2.0.50727)"
192.85.47.1 - - [04/Mar/2009:16:35:41 +0100] "GET /_img/motto_middle.gif HTTP/1.1" 200 259 "http://www.cloveretl.org/" "Mozilla/4.0 (compatible; MSIE 6.0; Windows NT 5.1; SV1; .NET CLR 1.1.4322; .NET CLR 2.0.50727)"
192.85.47.1 - - [04/Mar/2009:16:35:42 +0100] "GET /_img/heading_gray.gif HTTP/1.1" 200 156 "http://www.cloveretl.org/" "Mozilla/4.0 (compatible; MSIE 6.0; Windows NT 5.1; SV1; .NET CLR 1.1.4322; .NET CLR 2.0.50727)"
192.85.47.1 - - [04/Mar/2009:16:35:38 +0100] "GET /_img/content_top.gif HTTP/1.1" 200 67 "http://www.cloveretl.org/" "Mozilla/4.0 (compatible; MSIE 6.0; Windows NT 5.1; SV1; .NET CLR 1.1.4322; .NET CLR 2.0.50727)"
192.85.47.1 - - [04/Mar/2009:16:35:39 +0100] "GET /_img/li_blue.gif HTTP/1.1" 200 50 "http://www.cloveretl.org/" "Mozilla/4.0 (compatible; MSIE 6.0; Windows NT 5.1; SV1; .NET CLR 1.1.4322; .NET CLR 2.0.50727)"
192.85.47.1 - - [04/Mar/2009:16:35:40 +0100] "GET /_img/menu_tab_left.gif HTTP/1.1" 200 102 "http://www.cloveretl.org/" "Mozilla/4.0 (compatible; MSIE 6.0; Windows NT 5.1; SV1; .NET CLR 1.1.4322; .NET CLR 2.0.50727)"
192.85.47.1 - - [04/Mar/2009:16:35:41 +0100] "GET /_img/menu_tab_right.gif HTTP/1.1" 200 102 "http://www.cloveretl.org/" "Mozilla/4.0 (compatible; MSIE 6.0; Windows NT 5.1; SV1; .NET CLR 1.1.4322; .NET CLR 2.0.50727)"
192.85.47.1 - - [04/Mar/2009:16:35:42 +0100] "GET /_img/clock.gif HTTP/1.1" 200 57 "http://www.cloveretl.org/" "Mozilla/4.0 (compatible; MSIE 6.0; Windows NT 5.1; SV1; .NET CLR 1.1.4322; .NET CLR 2.0.50727)"
192.85.47.1 - - [04/Mar/2009:16:35:36 +0100] "GET /_css/modules/Index.css HTTP/1.1" 200 3161 "http://www.cloveretl.org/" "Mozilla/4.0 (compatible; MSIE 6.0; Windows NT 5.1; SV1; .NET CLR 1.1.4322; .NET CLR 2.0.50727)"
192.85.47.1 - - [04/Mar/2009:16:35:37 +0100] "GET /_img/menu_top_new.gif HTTP/1.1" 200 6872 "http://www.cloveretl.org/" "Mozilla/4.0 (compatible; MSIE 6.0; Windows NT 5.1; SV1; .NET CLR 1.1.4322; .NET CLR 2.0.50727)"
192.85.47.1 - - [04/Mar/2009:16:35:39 +0100] "GET /_img/box_gray.gif HTTP/1.1" 200 583 "http://www.cloveretl.org/" "Mozilla/4.0 (compatible; MSIE 6.0; Windows NT 5.1; SV1; .NET CLR 1.1.4322; .NET CLR 2.0.50727)"
192.85.47.1 - - [04/Mar/2009:16:35:40 +0100] "GET /_img/logo_clover.gif HTTP/1.1" 200 3147 "http://www.cloveretl.org/" "Mozilla/4.0 (compatible; MSIE 6.0; Windows NT 5.1; SV1; .NET CLR 1.1.4322; .NET CLR 2.0.50727)"
192.85.47.1 - - [04/Mar/2009:16:35:41 +0100] "GET /_img/motto_right.gif HTTP/1.1" 200 123 "http://www.cloveretl.org/" "Mozilla/4.0 (compatible; MSIE 6.0; Windows NT 5.1; SV1; .NET CLR 1.1.4322; .NET CLR 2.0.50727)"
192.85.47.1 - - [04/Mar/2009:16:35:42 +0100] "GET /_img/rss.gif HTTP/1.1" 200 1170 "http://www.cloveretl.org/" "Mozilla/4.0 (compatible; MSIE 6.0; Windows NT 5.1; SV1; .NET CLR 1.1.4322; .NET CLR 2.0.50727)"
116.75.81.106 - - [04/Mar/2009:16:32:25 +0100] "GET /_css/general.css HTTP/1.1" 304 - "http://www.cloveretl.org/user/confirm-registration?id=3837&email=sonal.vikram@gmail.com" "Mozilla/4.0 (compatible; MSIE 6.0; Windows NT 5.1)"
116.75.81.106 - - [04/Mar/2009:16:32:26 +0100] "GET /_css/modules/UserAdmin.css HTTP/1.1" 304 - "http://www.cloveretl.org/user/confirm-registration?id=3837&email=sonal.vikram@gmail.com" "Mozilla/4.0 (compatible; MSIE 6.0; Windows NT 5.1)"
116.75.81.106 - - [04/Mar/2009:16:32:27 +0100] "GET /_img/menu_top_new.gif HTTP/1.1" 304 - "http://www.cloveretl.org/user/confirm-registration?id=3837&email=sonal.vikram@gmail.com" "Mozilla/4.0 (compatible; MSIE 6.0; Windows NT 5.1)"
116.75.81.106 - - [04/Mar/2009:16:32:27 +0100] "GET /_img/li_orange.gif HTTP/1.1" 304 - "http://www.cloveretl.org/user/confirm-registration?id=3837&email=sonal.vikram@gmail.com" "Mozilla/4.0 (compatible; MSIE 6.0; Windows NT 5.1)"
116.75.81.106 - - [04/Mar/2009:16:32:28 +0100] "GET /_img/content_top.gif HTTP/1.1" 304 - "http://www.cloveretl.org/user/confirm-registration?id=3837&email=sonal.vikram@gmail.com" "Mozilla/4.0 (compatible; MSIE 6.0; Windows NT 5.1)"
116.75.81.106 - - [04/Mar/2009:16:32:29 +0100] "GET /_img/box_gray.gif HTTP/1.1" 304 - "http://www.cloveretl.org/user/confirm-registration?id=3837&email=sonal.vikram@gmail.com" "Mozilla/4.0 (compatible; MSIE 6.0; Windows NT 5.1)"
116.75.81.106 - - [04/Mar/2009:16:32:30 +0100] "GET /_img/menu_left_top.gif HTTP/1.1" 304 - "http://www.cloveretl.org/user/confirm-registration?id=3837&email=sonal.vikram@gmail.com" "Mozilla/4.0 (compatible; MSIE 6.0; Windows NT 5.1)"
116.75.81.106 - - [04/Mar/2009:16:32:30 +0100] "GET /_img/section_heading.gif HTTP/1.1" 304 - "http://www.cloveretl.org/user/confirm-registration?id=3837&email=sonal.vikram@gmail.com" "Mozilla/4.0 (compatible; MSIE 6.0; Windows NT 5.1)"
192.85.47.1 - - [04/Mar/2009:16:35:38 +0100] "GET /_img/box_serv_base_anim.gif HTTP/1.1" 200 115178 "http://www.cloveretl.org/" "Mozilla/4.0 (compatible; MSIE 6.0; Windows NT 5.1; SV1; .NET CLR 1.1.4322; .NET CLR 2.0.50727)"
65.55.211.76 - - [04/Mar/2009:16:39:45 +0100] "GET /download/licensing/ HTTP/1.1" 200 8178 "-" "msnbot/1.1 (+http://search.msn.com/msnbot.htm)"
74.6.22.180 - - [04/Mar/2009:16:40:17 +0100] "GET /robots.txt HTTP/1.0" 404 4645 "-" "Mozilla/5.0 (compatible; Yahoo! Slurp; http://help.yahoo.com/help/us/ysearch/slurp)"
65.55.211.76 - - [04/Mar/2009:16:39:44 +0100] "GET /robots.txt HTTP/1.1" 404 4645 "-" "msnbot/1.1 (+http://search.msn.com/msnbot.htm)"
74.6.22.180 - - [04/Mar/2009:16:40:37 +0100] "GET /download/clover-etl/rel-2-5-3 HTTP/1.0" 200 6730 "-" "Mozilla/5.0 (compatible; Yahoo! Slurp/3.0; http://help.yahoo.com/help/us/ysearch/slurp)"
74.6.22.180 - - [04/Mar/2009:16:40:37 +0100] "GET /_css/modules/Download.css HTTP/1.0" 304 - "http://www.cloveretl.org/download/clover-etl/rel-2-5-3" "Mozilla/5.0 (compatible; Yahoo! Slurp/3.0; http://help.yahoo.com/help/us/ysearch/slurp)"
194.51.20.126 - - [04/Mar/2009:16:46:29 +0100] "GET /clover-gui/ HTTP/1.1" 200 8648 "http://www.cloveretl.org/clover/etl-tool/" "Mozilla/5.0 (Windows; U; Windows NT 5.1; fr; rv:1.8.1.20) Gecko/20081217 Firefox/2.0.0.20"
194.51.20.126 - - [04/Mar/2009:16:46:41 +0100] "GET /clover-etl/ HTTP/1.1" 200 10724 "http://www.cloveretl.org/clover-gui/" "Mozilla/5.0 (Windows; U; Windows NT 5.1; fr; rv:1.8.1.20) Gecko/20081217 Firefox/2.0.0.20"
74.6.22.180 - - [04/Mar/2009:16:40:37 +0100] "GET /_css/general.css HTTP/1.0" 304 - "http://www.cloveretl.org/download/clover-etl/rel-2-5-3" "Mozilla/5.0 (compatible; Yahoo! Slurp/3.0; http://help.yahoo.com/help/us/ysearch/slurp)"
90.177.74.151 - - [04/Mar/2009:16:43:16 +0100] "GET / HTTP/1.1" 200 10616 "-" "Mozilla/5.0 (Macintosh; U; Intel Mac OS X 10.5; en-US; rv:1.9.0.6) Gecko/2009011912 Firefox/3.0.6"
195.137.177.243 - - [04/Mar/2009:16:45:38 +0100] "GET /rss/news.xml HTTP/1.1" 200 5772 "-" "RSSOwl/2.0.0.200804242342 (Windows; U; en)"
194.51.20.126 - - [04/Mar/2009:16:46:09 +0100] "GET /clover/etl-tool/ HTTP/1.1" 200 14116 "http://www.cloveretl.org/clover-server/live-demo/" "Mozilla/5.0 (Windows; U; Windows NT 5.1; fr; rv:1.8.1.20) Gecko/20081217 Firefox/2.0.0.20"
91.78.88.87 - - [04/Mar/2009:16:44:02 +0100] "GET /favicon.ico HTTP/1.1" 200 1406 "-" "Mozilla/5.0 (Windows; U; Windows NT 5.1; ru; rv:1.9.0.6) Gecko/2009011913 Firefox/3.0.6"
194.51.20.126 - - [04/Mar/2009:16:46:42 +0100] "GET /clover-etl/ HTTP/1.1" 200 11197 "http://www.cloveretl.org/clover-gui/" "Mozilla/5.0 (Windows; U; Windows NT 5.1; fr; rv:1.8.1.20) Gecko/20081217 Firefox/2.0.0.20"
194.51.20.126 - - [04/Mar/2009:16:46:49 +0100] "GET /clover-gui/ HTTP/1.1" 200 8676 "http://www.cloveretl.org/clover-etl/" "Mozilla/5.0 (Windows; U; Windows NT 5.1; fr; rv:1.8.1.20) Gecko/20081217 Firefox/2.0.0.20"
170.22.76.10 - - [04/Mar/2009:16:51:36 +0100] "GET /_css/general.css HTTP/1.1" 200 8831 "http://www.cloveretl.org/" "Mozilla/5.0 (Windows; U; Windows NT 5.1; en-US; rv:1.9.0.6) Gecko/2009011913 Firefox/3.0.6"
170.22.76.10 - - [04/Mar/2009:16:51:36 +0100] "GET /_img/menu_tab_right.gif HTTP/1.1" 200 102 "http://www.cloveretl.org/_css/general.css" "Mozilla/5.0 (Windows; U; Windows NT 5.1; en-US; rv:1.9.0.6) Gecko/2009011913 Firefox/3.0.6"
170.22.76.10 - - [04/Mar/2009:16:51:36 +0100] "GET /_img/motto_middle.gif HTTP/1.1" 200 259 "http://www.cloveretl.org/_css/modules/Index.css" "Mozilla/5.0 (Windows; U; Windows NT 5.1; en-US; rv:1.9.0.6) Gecko/2009011913 Firefox/3.0.6"
170.22.76.10 - - [04/Mar/2009:16:51:37 +0100] "GET /_img/li_blue.gif HTTP/1.1" 200 50 "http://www.cloveretl.org/_css/modules/Index.css" "Mozilla/5.0 (Windows; U; Windows NT 5.1; en-US; rv:1.9.0.6) Gecko/2009011913 Firefox/3.0.6"
170.22.76.10 - - [04/Mar/2009:16:51:37 +0100] "GET /_img/box_green2.gif HTTP/1.1" 200 3891 "http://www.cloveretl.org/_css/general.css" "Mozilla/5.0 (Windows; U; Windows NT 5.1; en-US; rv:1.9.0.6) Gecko/2009011913 Firefox/3.0.6"
170.22.76.10 - - [04/Mar/2009:16:51:37 +0100] "GET /_img/clock.gif HTTP/1.1" 200 57 "http://www.cloveretl.org/_css/general.css" "Mozilla/5.0 (Windows; U; Windows NT 5.1; en-US; rv:1.9.0.6) Gecko/2009011913 Firefox/3.0.6"
170.22.76.10 - - [04/Mar/2009:16:51:50 +0100] "GET /_img/component_icon/Reformat-64x64.png HTTP/1.1" 200 3970 "http://www.cloveretl.org/clover-etl/" "Mozilla/5.0 (Windows; U; Windows NT 5.1; en-US; rv:1.9.0.6) Gecko/2009011913 Firefox/3.0.6"
170.22.76.10 - - [04/Mar/2009:16:51:36 +0100] "GET /favicon.ico HTTP/1.1" 200 1406 "-" "Mozilla/5.0 (Windows; U; Windows NT 5.1; en-US; rv:1.9.0.6) Gecko/2009011913 Firefox/3.0.6"
170.22.76.10 - - [04/Mar/2009:16:51:36 +0100] "GET /_img/logo_clover.gif HTTP/1.1" 200 3147 "http://www.cloveretl.org/_css/general.css" "Mozilla/5.0 (Windows; U; Windows NT 5.1; en-US; rv:1.9.0.6) Gecko/2009011913 Firefox/3.0.6"
170.22.76.10 - - [04/Mar/2009:16:51:36 +0100] "GET /_img/motto_right.gif HTTP/1.1" 200 123 "http://www.cloveretl.org/_css/modules/Index.css" "Mozilla/5.0 (Windows; U; Windows NT 5.1; en-US; rv:1.9.0.6) Gecko/2009011913 Firefox/3.0.6"
170.22.76.10 - - [04/Mar/2009:16:51:37 +0100] "GET /_img/box_serv_base_anim.gif HTTP/1.1" 200 115178 "http://www.cloveretl.org/_css/modules/Index.css" "Mozilla/5.0 (Windows; U; Windows NT 5.1; en-US; rv:1.9.0.6) Gecko/2009011913 Firefox/3.0.6"
170.22.76.10 - - [04/Mar/2009:16:51:50 +0100] "GET /_img/tip_clover.gif HTTP/1.1" 200 1157 "http://www.cloveretl.org/_css/general.css" "Mozilla/5.0 (Windows; U; Windows NT 5.1; en-US; rv:1.9.0.6) Gecko/2009011913 Firefox/3.0.6"
170.22.76.10 - - [04/Mar/2009:16:51:35 +0100] "GET / HTTP/1.1" 200 10616 "http://www.google.com/search?q=clover+etl&sourceid=navclient-ff&ie=UTF-8&rlz=1B3GGGL_enUS271US271" "Mozilla/5.0 (Windows; U; Windows NT 5.1; en-US; rv:1.9.0.6) Gecko/2009011913 Firefox/3.0.6"
170.22.76.10 - - [04/Mar/2009:16:51:36 +0100] "GET /_img/tryitnow.gif HTTP/1.1" 200 11168 "http://www.cloveretl.org/" "Mozilla/5.0 (Windows; U; Windows NT 5.1; en-US; rv:1.9.0.6) Gecko/2009011913 Firefox/3.0.6"
170.22.76.10 - - [04/Mar/2009:16:51:36 +0100] "GET /_img/menu_top_new.gif HTTP/1.1" 200 6872 "http://www.cloveretl.org/_css/general.css" "Mozilla/5.0 (Windows; U; Windows NT 5.1; en-US; rv:1.9.0.6) Gecko/2009011913 Firefox/3.0.6"
170.22.76.10 - - [04/Mar/2009:16:51:37 +0100] "GET /_img/box_etl.gif HTTP/1.1" 200 38839 "http://www.cloveretl.org/_css/modules/Index.css" "Mozilla/5.0 (Windows; U; Windows NT 5.1; en-US; rv:1.9.0.6) Gecko/2009011913 Firefox/3.0.6"
170.22.76.10 - - [04/Mar/2009:16:51:50 +0100] "GET /_img/tip_bg.gif HTTP/1.1" 200 986 "http://www.cloveretl.org/_css/general.css" "Mozilla/5.0 (Windows; U; Windows NT 5.1; en-US; rv:1.9.0.6) Gecko/2009011913 Firefox/3.0.6"
170.22.76.10 - - [04/Mar/2009:16:51:36 +0100] "GET /_css/modules/Index.css HTTP/1.1" 200 3161 "http://www.cloveretl.org/" "Mozilla/5.0 (Windows; U; Windows NT 5.1; en-US; rv:1.9.0.6) Gecko/2009011913 Firefox/3.0.6"
170.22.76.10 - - [04/Mar/2009:16:51:36 +0100] "GET /_img/menu_tab_left.gif HTTP/1.1" 200 102 "http://www.cloveretl.org/_css/general.css" "Mozilla/5.0 (Windows; U; Windows NT 5.1; en-US; rv:1.9.0.6) Gecko/2009011913 Firefox/3.0.6"
170.22.76.10 - - [04/Mar/2009:16:51:36 +0100] "GET /_img/motto_left.gif HTTP/1.1" 200 79 "http://www.cloveretl.org/_css/modules/Index.css" "Mozilla/5.0 (Windows; U; Windows NT 5.1; en-US; rv:1.9.0.6) Gecko/2009011913 Firefox/3.0.6"
170.22.76.10 - - [04/Mar/2009:16:51:37 +0100] "GET /_img/box_gui.jpg HTTP/1.1" 200 5712 "http://www.cloveretl.org/_css/modules/Index.css" "Mozilla/5.0 (Windows; U; Windows NT 5.1; en-US; rv:1.9.0.6) Gecko/2009011913 Firefox/3.0.6"
170.22.76.10 - - [04/Mar/2009:16:51:37 +0100] "GET /_img/rss.gif HTTP/1.1" 200 1170 "http://www.cloveretl.org/_css/general.css" "Mozilla/5.0 (Windows; U; Windows NT 5.1; en-US; rv:1.9.0.6) Gecko/2009011913 Firefox/3.0.6"
170.22.76.10 - - [04/Mar/2009:16:51:50 +0100] "GET /_img/menu_left_border.gif HTTP/1.1" 200 43 "http://www.cloveretl.org/_css/general.css" "Mozilla/5.0 (Windows; U; Windows NT 5.1; en-US; rv:1.9.0.6) Gecko/2009011913 Firefox/3.0.6"
166.102.58.120 - - [04/Mar/2009:16:51:08 +0100] "GET /_css/general.css HTTP/1.1" 200 8831 "http://www.cloveretl.org/" "Mozilla/4.0 (compatible; MSIE 7.0; Windows NT 5.1; .NET CLR 1.1.4322; .NET CLR 2.0.50727; InfoPath.2)"
166.102.58.120 - - [04/Mar/2009:16:51:09 +0100] "GET /_img/menu_top_new.gif HTTP/1.1" 200 6872 "http://www.cloveretl.org/" "Mozilla/4.0 (compatible; MSIE 7.0; Windows NT 5.1; .NET CLR 1.1.4322; .NET CLR 2.0.50727; InfoPath.2)"
166.102.58.120 - - [04/Mar/2009:16:51:09 +0100] "GET /_img/box_etl.gif HTTP/1.1" 200 38839 "http://www.cloveretl.org/" "Mozilla/4.0 (compatible; MSIE 7.0; Windows NT 5.1; .NET CLR 1.1.4322; .NET CLR 2.0.50727; InfoPath.2)"
166.102.58.120 - - [04/Mar/2009:16:51:10 +0100] "GET /_img/box_gui.jpg HTTP/1.1" 200 5712 "http://www.cloveretl.org/" "Mozilla/4.0 (compatible; MSIE 7.0; Windows NT 5.1; .NET CLR 1.1.4322; .NET CLR 2.0.50727; InfoPath.2)"
166.102.58.120 - - [04/Mar/2009:16:51:10 +0100] "GET /_img/li_blue.gif HTTP/1.1" 200 50 "http://www.cloveretl.org/" "Mozilla/4.0 (compatible; MSIE 7.0; Windows NT 5.1; .NET CLR 1.1.4322; .NET CLR 2.0.50727; InfoPath.2)"
166.102.58.120 - - [04/Mar/2009:16:51:11 +0100] "GET /_img/tryitnow.gif HTTP/1.1" 200 11168 "http://www.cloveretl.org/" "Mozilla/4.0 (compatible; MSIE 7.0; Windows NT 5.1; .NET CLR 1.1.4322; .NET CLR 2.0.50727; InfoPath.2)"
166.102.58.120 - - [04/Mar/2009:16:51:11 +0100] "GET /_img/logo_clover.gif HTTP/1.1" 200 3147 "http://www.cloveretl.org/" "Mozilla/4.0 (compatible; MSIE 7.0; Windows NT 5.1; .NET CLR 1.1.4322; .NET CLR 2.0.50727; InfoPath.2)"
166.102.58.120 - - [04/Mar/2009:16:51:11 +0100] "GET /_img/motto_right.gif HTTP/1.1" 200 123 "http://www.cloveretl.org/" "Mozilla/4.0 (compatible; MSIE 7.0; Windows NT 5.1; .NET CLR 1.1.4322; .NET CLR 2.0.50727; InfoPath.2)"
166.102.58.120 - - [04/Mar/2009:16:51:12 +0100] "GET /_img/motto_middle.gif HTTP/1.1" 200 259 "http://www.cloveretl.org/" "Mozilla/4.0 (compatible; MSIE 7.0; Windows NT 5.1; .NET CLR 1.1.4322; .NET CLR 2.0.50727; InfoPath.2)"
166.102.58.120 - - [04/Mar/2009:16:51:12 +0100] "GET /_img/heading_gray.gif HTTP/1.1" 200 156 "http://www.cloveretl.org/" "Mozilla/4.0 (compatible; MSIE 7.0; Windows NT 5.1; .NET CLR 1.1.4322; .NET CLR 2.0.50727; InfoPath.2)"
166.102.58.120 - - [04/Mar/2009:16:51:12 +0100] "GET /_img/clock.gif HTTP/1.1" 200 57 "http://www.cloveretl.org/" "Mozilla/4.0 (compatible; MSIE 7.0; Windows NT 5.1; .NET CLR 1.1.4322; .NET CLR 2.0.50727; InfoPath.2)"
166.102.58.120 - - [04/Mar/2009:16:51:24 +0100] "GET /clover-etl/ HTTP/1.1" 200 10932 "http://www.cloveretl.org/" "Mozilla/4.0 (compatible; MSIE 7.0; Windows NT 5.1; .NET CLR 1.1.4322; .NET CLR 2.0.50727; InfoPath.2)"
166.102.58.120 - - [04/Mar/2009:16:51:24 +0100] "GET /_img/component_icon/FixLenDataReader-64x64.png HTTP/1.1" 200 5184 "http://www.cloveretl.org/clover-etl/" "Mozilla/4.0 (compatible; MSIE 7.0; Windows NT 5.1; .NET CLR 1.1.4322; .NET CLR 2.0.50727; InfoPath.2)"
166.102.58.120 - - [04/Mar/2009:16:51:25 +0100] "GET /_img/tip_clover.gif HTTP/1.1" 200 1157 "http://www.cloveretl.org/clover-etl/" "Mozilla/4.0 (compatible; MSIE 7.0; Windows NT 5.1; .NET CLR 1.1.4322; .NET CLR 2.0.50727; InfoPath.2)"
170.22.76.10 - - [04/Mar/2009:16:51:37 +0100] "GET /_img/li_orange.gif HTTP/1.1" 200 50 "http://www.cloveretl.org/" "Mozilla/5.0 (Windows; U; Windows NT 5.1; en-US; rv:1.9.0.6) Gecko/2009011913 Firefox/3.0.6"
170.22.76.10 - - [04/Mar/2009:16:51:37 +0100] "GET /_img/box_gray.gif HTTP/1.1" 200 583 "http://www.cloveretl.org/_css/general.css" "Mozilla/5.0 (Windows; U; Windows NT 5.1; en-US; rv:1.9.0.6) Gecko/2009011913 Firefox/3.0.6"
170.22.76.10 - - [04/Mar/2009:16:51:49 +0100] "GET /clover-etl/ HTTP/1.1" 200 11041 "http://www.cloveretl.org/" "Mozilla/5.0 (Windows; U; Windows NT 5.1; en-US; rv:1.9.0.6) Gecko/2009011913 Firefox/3.0.6"
170.22.76.10 - - [04/Mar/2009:16:51:50 +0100] "GET /_img/section_heading.gif HTTP/1.1" 200 93 "http://www.cloveretl.org/_css/general.css" "Mozilla/5.0 (Windows; U; Windows NT 5.1; en-US; rv:1.9.0.6) Gecko/2009011913 Firefox/3.0.6"
166.102.58.120 - - [04/Mar/2009:16:51:07 +0100] "GET / HTTP/1.1" 200 10616 "http://www.google.com/search?hl=en&q=open+source+etl+tools" "Mozilla/4.0 (compatible; MSIE 7.0; Windows NT 5.1; .NET CLR 1.1.4322; .NET CLR 2.0.50727; InfoPath.2)"
166.102.58.120 - - [04/Mar/2009:16:51:08 +0100] "GET /_css/modules/Index.css HTTP/1.1" 200 3161 "http://www.cloveretl.org/" "Mozilla/4.0 (compatible; MSIE 7.0; Windows NT 5.1; .NET CLR 1.1.4322; .NET CLR 2.0.50727; InfoPath.2)"
166.102.58.120 - - [04/Mar/2009:16:51:09 +0100] "GET /_img/li_orange.gif HTTP/1.1" 200 50 "http://www.cloveretl.org/" "Mozilla/4.0 (compatible; MSIE 7.0; Windows NT 5.1; .NET CLR 1.1.4322; .NET CLR 2.0.50727; InfoPath.2)"
166.102.58.120 - - [04/Mar/2009:16:51:09 +0100] "GET /_img/content_top.gif HTTP/1.1" 200 67 "http://www.cloveretl.org/" "Mozilla/4.0 (compatible; MSIE 7.0; Windows NT 5.1; .NET CLR 1.1.4322; .NET CLR 2.0.50727; InfoPath.2)"
166.102.58.120 - - [04/Mar/2009:16:51:09 +0100] "GET /_img/box_serv_base_anim.gif HTTP/1.1" 200 115178 "http://www.cloveretl.org/" "Mozilla/4.0 (compatible; MSIE 7.0; Windows NT 5.1; .NET CLR 1.1.4322; .NET CLR 2.0.50727; InfoPath.2)"
166.102.58.120 - - [04/Mar/2009:16:51:11 +0100] "GET /_img/box_gray.gif HTTP/1.1" 200 583 "http://www.cloveretl.org/" "Mozilla/4.0 (compatible; MSIE 7.0; Windows NT 5.1; .NET CLR 1.1.4322; .NET CLR 2.0.50727; InfoPath.2)"
166.102.58.120 - - [04/Mar/2009:16:51:11 +0100] "GET /_img/menu_tab_left.gif HTTP/1.1" 200 102 "http://www.cloveretl.org/" "Mozilla/4.0 (compatible; MSIE 7.0; Windows NT 5.1; .NET CLR 1.1.4322; .NET CLR 2.0.50727; InfoPath.2)"
166.102.58.120 - - [04/Mar/2009:16:51:11 +0100] "GET /_img/menu_tab_right.gif HTTP/1.1" 200 102 "http://www.cloveretl.org/" "Mozilla/4.0 (compatible; MSIE 7.0; Windows NT 5.1; .NET CLR 1.1.4322; .NET CLR 2.0.50727; InfoPath.2)"
