62.77.56.16 - - [04/Mar/2009:17:07:18 +0100] "GET /_upload/clover-gui/docs/html/component_html_chunk/figures/0_00040.png HTTP/1.1" 200 56832 "http://www.cloveretl.org/_upload/clover-gui/docs/html/component_html_chunk/ch01.html" "Mozilla/4.0 (compatible; MSIE 7.0; Windows NT 5.1; .NET CLR 2.0.50727; .NET CLR 3.0.04506.30; .NET CLR 1.1.4322; .NET CLR 3.0.04506.648)"
62.77.56.16 - - [04/Mar/2009:17:07:18 +0100] "GET /_upload/clover-gui/docs/html/component_html_chunk/figures/0_00050.png HTTP/1.1" 200 25499 "http://www.cloveretl.org/_upload/clover-gui/docs/html/component_html_chunk/ch01.html" "Mozilla/4.0 (compatible; MSIE 7.0; Windows NT 5.1; .NET CLR 2.0.50727; .NET CLR 3.0.04506.30; .NET CLR 1.1.4322; .NET CLR 3.0.04506.648)"
62.77.56.16 - - [04/Mar/2009:17:07:19 +0100] "GET /_upload/clover-gui/docs/html/component_html_chunk/figures/0_00060.png HTTP/1.1" 200 46927 "http://www.cloveretl.org/_upload/clover-gui/docs/html/component_html_chunk/ch01.html" "Mozilla/4.0 (compatible; MSIE 7.0; Windows NT 5.1; .NET CLR 2.0.50727; .NET CLR 3.0.04506.30; .NET CLR 1.1.4322; .NET CLR 3.0.04506.648)"
62.77.56.16 - - [04/Mar/2009:17:07:19 +0100] "GET /_upload/clover-gui/docs/html/component_html_chunk/figures/0_00070.png HTTP/1.1" 200 53314 "http://www.cloveretl.org/_upload/clover-gui/docs/html/component_html_chunk/ch01.html" "Mozilla/4.0 (compatible; MSIE 7.0; Windows NT 5.1; .NET CLR 2.0.50727; .NET CLR 3.0.04506.30; .NET CLR 1.1.4322; .NET CLR 3.0.04506.648)"
194.51.20.126 - - [04/Mar/2009:17:07:15 +0100] "GET /_img/clovergui/03Source_icon.png HTTP/1.1" 200 9128 "http://www.cloveretl.org/clover-gui/screenshots/" "Mozilla/5.0 (Windows; U; Windows NT 5.1; fr; rv:1.8.1.20) Gecko/20081217 Firefox/2.0.0.20"
194.51.20.126 - - [04/Mar/2009:17:07:15 +0100] "GET /_img/clovergui/Metadata_Wizard_Preview_icon.png HTTP/1.1" 200 11682 "http://www.cloveretl.org/clover-gui/screenshots/" "Mozilla/5.0 (Windows; U; Windows NT 5.1; fr; rv:1.8.1.20) Gecko/20081217 Firefox/2.0.0.20"
194.51.20.126 - - [04/Mar/2009:17:07:16 +0100] "GET /_img/clovergui/DB_browser_view_icon.png HTTP/1.1" 200 7413 "http://www.cloveretl.org/clover-gui/screenshots/" "Mozilla/5.0 (Windows; U; Windows NT 5.1; fr; rv:1.8.1.20) Gecko/20081217 Firefox/2.0.0.20"
194.51.20.126 - - [04/Mar/2009:17:07:16 +0100] "GET /_img/clovergui/GraphTrackingTab_icon.png HTTP/1.1" 200 9931 "http://www.cloveretl.org/clover-gui/screenshots/" "Mozilla/5.0 (Windows; U; Windows NT 5.1; fr; rv:1.8.1.20) Gecko/20081217 Firefox/2.0.0.20"
194.51.20.126 - - [04/Mar/2009:17:07:15 +0100] "GET /_img/clovergui/03_icon.png HTTP/1.1" 200 8217 "http://www.cloveretl.org/clover-gui/screenshots/" "Mozilla/5.0 (Windows; U; Windows NT 5.1; fr; rv:1.8.1.20) Gecko/20081217 Firefox/2.0.0.20"
194.51.20.126 - - [04/Mar/2009:17:07:15 +0100] "GET /_img/clovergui/DB_browser_query_icon.png HTTP/1.1" 200 3176 "http://www.cloveretl.org/clover-gui/screenshots/" "Mozilla/5.0 (Windows; U; Windows NT 5.1; fr; rv:1.8.1.20) Gecko/20081217 Firefox/2.0.0.20"
194.51.20.126 - - [04/Mar/2009:17:07:16 +0100] "GET /_img/clovergui/CloverLog_icon.png HTTP/1.1" 200 11669 "http://www.cloveretl.org/clover-gui/screenshots/" "Mozilla/5.0 (Windows; U; Windows NT 5.1; fr; rv:1.8.1.20) Gecko/20081217 Firefox/2.0.0.20"
62.77.56.16 - - [04/Mar/2009:17:07:20 +0100] "GET /_upload/clover-gui/docs/html/component_html_chunk/figures/00900.png HTTP/1.1" 200 35705 "http://www.cloveretl.org/_upload/clover-gui/docs/html/component_html_chunk/ch01.html" "Mozilla/4.0 (compatible; MSIE 7.0; Windows NT 5.1; .NET CLR 2.0.50727; .NET CLR 3.0.04506.30; .NET CLR 1.1.4322; .NET CLR 3.0.04506.648)"
62.77.56.16 - - [04/Mar/2009:17:07:20 +0100] "GET /_upload/clover-gui/docs/html/component_html_chunk/figures/0_00080.png HTTP/1.1" 200 36868 "http://www.cloveretl.org/_upload/clover-gui/docs/html/component_html_chunk/ch01.html" "Mozilla/4.0 (compatible; MSIE 7.0; Windows NT 5.1; .NET CLR 2.0.50727; .NET CLR 3.0.04506.30; .NET CLR 1.1.4322; .NET CLR 3.0.04506.648)"
62.77.56.16 - - [04/Mar/2009:17:07:21 +0100] "GET /_upload/clover-gui/docs/html/component_html_chunk/figures/0_00090.png HTTP/1.1" 200 62713 "http://www.cloveretl.org/_upload/clover-gui/docs/html/component_html_chunk/ch01.html" "Mozilla/4.0 (compatible; MSIE 7.0; Windows NT 5.1; .NET CLR 2.0.50727; .NET CLR 3.0.04506.30; .NET CLR 1.1.4322; .NET CLR 3.0.04506.648)"
62.77.56.16 - - [04/Mar/2009:17:07:22 +0100] "GET /_upload/clover-gui/docs/html/component_html_chunk/figures/0_00100.png HTTP/1.1" 200 39380 "http://www.cloveretl.org/_upload/clover-gui/docs/html/component_html_chunk/ch01.html" "Mozilla/4.0 (compatible; MSIE 7.0; Windows NT 5.1; .NET CLR 2.0.50727; .NET CLR 3.0.04506.30; .NET CLR 1.1.4322; .NET CLR 3.0.04506.648)"
62.77.56.16 - - [04/Mar/2009:17:07:23 +0100] "GET /_upload/clover-gui/docs/html/component_html_chunk/figures/01700.png HTTP/1.1" 200 59625 "http://www.cloveretl.org/_upload/clover-gui/docs/html/component_html_chunk/ch01.html" "Mozilla/4.0 (compatible; MSIE 7.0; Windows NT 5.1; .NET CLR 2.0.50727; .NET CLR 3.0.04506.30; .NET CLR 1.1.4322; .NET CLR 3.0.04506.648)"
62.77.56.16 - - [04/Mar/2009:17:07:24 +0100] "GET /_upload/clover-gui/docs/html/component_html_chunk/figures/01800.png HTTP/1.1" 200 37050 "http://www.cloveretl.org/_upload/clover-gui/docs/html/component_html_chunk/ch01.html" "Mozilla/4.0 (compatible; MSIE 7.0; Windows NT 5.1; .NET CLR 2.0.50727; .NET CLR 3.0.04506.30; .NET CLR 1.1.4322; .NET CLR 3.0.04506.648)"
62.77.56.16 - - [04/Mar/2009:17:07:25 +0100] "GET /_upload/clover-gui/docs/html/component_html_chunk/figures/01900.png HTTP/1.1" 200 37404 "http://www.cloveretl.org/_upload/clover-gui/docs/html/component_html_chunk/ch01.html" "Mozilla/4.0 (compatible; MSIE 7.0; Windows NT 5.1; .NET CLR 2.0.50727; .NET CLR 3.0.04506.30; .NET CLR 1.1.4322; .NET CLR 3.0.04506.648)"
62.77.56.16 - - [04/Mar/2009:17:07:25 +0100] "GET /_upload/clover-gui/docs/html/component_html_chunk/figures/01950.png HTTP/1.1" 200 33500 "http://www.cloveretl.org/_upload/clover-gui/docs/html/component_html_chunk/ch01.html" "Mozilla/4.0 (compatible; MSIE 7.0; Windows NT 5.1; .NET CLR 2.0.50727; .NET CLR 3.0.04506.30; .NET CLR 1.1.4322; .NET CLR 3.0.04506.648)"
62.77.56.16 - - [04/Mar/2009:17:07:26 +0100] "GET /_upload/clover-gui/docs/html/component_html_chunk/figures/0_00120.png HTTP/1.1" 200 68578 "http://www.cloveretl.org/_upload/clover-gui/docs/html/component_html_chunk/ch01.html" "Mozilla/4.0 (compatible; MSIE 7.0; Windows NT 5.1; .NET CLR 2.0.50727; .NET CLR 3.0.04506.30; .NET CLR 1.1.4322; .NET CLR 3.0.04506.648)"
62.77.56.16 - - [04/Mar/2009:17:07:26 +0100] "GET /_upload/clover-gui/docs/html/component_html_chunk/figures/0_00130.png HTTP/1.1" 200 67596 "http://www.cloveretl.org/_upload/clover-gui/docs/html/component_html_chunk/ch01.html" "Mozilla/4.0 (compatible; MSIE 7.0; Windows NT 5.1; .NET CLR 2.0.50727; .NET CLR 3.0.04506.30; .NET CLR 1.1.4322; .NET CLR 3.0.04506.648)"
62.77.56.16 - - [04/Mar/2009:17:07:27 +0100] "GET /_upload/clover-gui/docs/html/component_html_chunk/figures/0_00140.png HTTP/1.1" 200 60684 "http://www.cloveretl.org/_upload/clover-gui/docs/html/component_html_chunk/ch01.html" "Mozilla/4.0 (compatible; MSIE 7.0; Windows NT 5.1; .NET CLR 2.0.50727; .NET CLR 3.0.04506.30; .NET CLR 1.1.4322; .NET CLR 3.0.04506.648)"
63.239.69.1 - - [04/Mar/2009:17:08:04 +0100] "GET / HTTP/1.1" 200 10616 "http://www.google.com/search?hl=en&q=clover+etl&aq=f&oq=" "Mozilla/4.0 (compatible; MSIE 6.0; Windows NT 5.1; WDL6.1.1; .NET CLR 1.1.4322; .NET CLR 2.0.50727)"
63.239.69.1 - - [04/Mar/2009:17:08:05 +0100] "GET /_css/general-ie.css HTTP/1.1" 200 41 "http://www.cloveretl.org/" "Mozilla/4.0 (compatible; MSIE 6.0; Windows NT 5.1; WDL6.1.1; .NET CLR 1.1.4322; .NET CLR 2.0.50727)"
63.239.69.1 - - [04/Mar/2009:17:08:05 +0100] "GET /_img/tryitnow.gif HTTP/1.1" 200 11168 "http://www.cloveretl.org/" "Mozilla/4.0 (compatible; MSIE 6.0; Windows NT 5.1; WDL6.1.1; .NET CLR 1.1.4322; .NET CLR 2.0.50727)"
63.239.69.1 - - [04/Mar/2009:17:08:05 +0100] "GET /_img/li_orange.gif HTTP/1.1" 200 50 "http://www.cloveretl.org/" "Mozilla/4.0 (compatible; MSIE 6.0; Windows NT 5.1; WDL6.1.1; .NET CLR 1.1.4322; .NET CLR 2.0.50727)"
63.239.69.1 - - [04/Mar/2009:17:08:06 +0100] "GET /_css/general.css HTTP/1.1" 200 8831 "http://www.cloveretl.org/" "Mozilla/4.0 (compatible; MSIE 6.0; Windows NT 5.1; WDL6.1.1; .NET CLR 1.1.4322; .NET CLR 2.0.50727)"
63.239.69.1 - - [04/Mar/2009:17:08:06 +0100] "GET /_img/menu_top_new.gif HTTP/1.1" 200 6872 "http://www.cloveretl.org/" "Mozilla/4.0 (compatible; MSIE 6.0; Windows NT 5.1; WDL6.1.1; .NET CLR 1.1.4322; .NET CLR 2.0.50727)"
63.239.69.1 - - [04/Mar/2009:17:08:06 +0100] "GET /_img/content_top.gif HTTP/1.1" 200 67 "http://www.cloveretl.org/" "Mozilla/4.0 (compatible; MSIE 6.0; Windows NT 5.1; WDL6.1.1; .NET CLR 1.1.4322; .NET CLR 2.0.50727)"
63.239.69.1 - - [04/Mar/2009:17:08:06 +0100] "GET /_img/box_serv_base_anim.gif HTTP/1.1" 200 115178 "http://www.cloveretl.org/" "Mozilla/4.0 (compatible; MSIE 6.0; Windows NT 5.1; WDL6.1.1; .NET CLR 1.1.4322; .NET CLR 2.0.50727)"
63.239.69.1 - - [04/Mar/2009:17:08:07 +0100] "GET /_img/box_etl.gif HTTP/1.1" 200 38839 "http://www.cloveretl.org/" "Mozilla/4.0 (compatible; MSIE 6.0; Windows NT 5.1; WDL6.1.1; .NET CLR 1.1.4322; .NET CLR 2.0.50727)"
63.239.69.1 - - [04/Mar/2009:17:08:08 +0100] "GET /_img/box_gui.jpg HTTP/1.1" 200 5712 "http://www.cloveretl.org/" "Mozilla/4.0 (compatible; MSIE 6.0; Windows NT 5.1; WDL6.1.1; .NET CLR 1.1.4322; .NET CLR 2.0.50727)"
63.239.69.1 - - [04/Mar/2009:17:08:08 +0100] "GET /_img/li_blue.gif HTTP/1.1" 200 50 "http://www.cloveretl.org/" "Mozilla/4.0 (compatible; MSIE 6.0; Windows NT 5.1; WDL6.1.1; .NET CLR 1.1.4322; .NET CLR 2.0.50727)"
63.239.69.1 - - [04/Mar/2009:17:08:08 +0100] "GET /_img/box_gray.gif HTTP/1.1" 200 583 "http://www.cloveretl.org/" "Mozilla/4.0 (compatible; MSIE 6.0; Windows NT 5.1; WDL6.1.1; .NET CLR 1.1.4322; .NET CLR 2.0.50727)"
63.239.69.1 - - [04/Mar/2009:17:08:08 +0100] "GET /_img/logo_clover.gif HTTP/1.1" 200 3147 "http://www.cloveretl.org/" "Mozilla/4.0 (compatible; MSIE 6.0; Windows NT 5.1; WDL6.1.1; .NET CLR 1.1.4322; .NET CLR 2.0.50727)"
63.239.69.1 - - [04/Mar/2009:17:08:09 +0100] "GET /_img/menu_tab_left.gif HTTP/1.1" 200 102 "http://www.cloveretl.org/" "Mozilla/4.0 (compatible; MSIE 6.0; Windows NT 5.1; WDL6.1.1; .NET CLR 1.1.4322; .NET CLR 2.0.50727)"
63.239.69.1 - - [04/Mar/2009:17:08:09 +0100] "GET /_img/menu_tab_right.gif HTTP/1.1" 200 102 "http://www.cloveretl.org/" "Mozilla/4.0 (compatible; MSIE 6.0; Windows NT 5.1; WDL6.1.1; .NET CLR 1.1.4322; .NET CLR 2.0.50727)"
63.239.69.1 - - [04/Mar/2009:17:08:09 +0100] "GET /_img/motto_right.gif HTTP/1.1" 200 123 "http://www.cloveretl.org/" "Mozilla/4.0 (compatible; MSIE 6.0; Windows NT 5.1; WDL6.1.1; .NET CLR 1.1.4322; .NET CLR 2.0.50727)"
63.239.69.1 - - [04/Mar/2009:17:08:09 +0100] "GET /_img/motto_left.gif HTTP/1.1" 200 79 "http://www.cloveretl.org/" "Mozilla/4.0 (compatible; MSIE 6.0; Windows NT 5.1; WDL6.1.1; .NET CLR 1.1.4322; .NET CLR 2.0.50727)"
63.239.69.1 - - [04/Mar/2009:17:08:09 +0100] "GET /_img/motto_middle.gif HTTP/1.1" 200 259 "http://www.cloveretl.org/" "Mozilla/4.0 (compatible; MSIE 6.0; Windows NT 5.1; WDL6.1.1; .NET CLR 1.1.4322; .NET CLR 2.0.50727)"
194.51.20.126 - - [04/Mar/2009:17:07:50 +0100] "GET /clover-gui/screenshots/ HTTP/1.1" 200 12761 "http://www.cloveretl.org/clover/etl-tool/" "Mozilla/5.0 (Windows; U; Windows NT 5.1; fr; rv:1.8.1.20) Gecko/20081217 Firefox/2.0.0.20"
194.51.20.126 - - [04/Mar/2009:17:07:54 +0100] "GET /_img/clovergui/image02a.png HTTP/1.1" 200 67820 "http://www.cloveretl.org/clover-gui/screenshots/" "Mozilla/5.0 (Windows; U; Windows NT 5.1; fr; rv:1.8.1.20) Gecko/20081217 Firefox/2.0.0.20"
62.77.56.16 - - [04/Mar/2009:17:07:28 +0100] "GET /_upload/clover-gui/docs/html/component_html_chunk/figures/02400.png HTTP/1.1" 200 26811 "http://www.cloveretl.org/_upload/clover-gui/docs/html/component_html_chunk/ch01.html" "Mozilla/4.0 (compatible; MSIE 7.0; Windows NT 5.1; .NET CLR 2.0.50727; .NET CLR 3.0.04506.30; .NET CLR 1.1.4322; .NET CLR 3.0.04506.648)"
62.77.56.16 - - [04/Mar/2009:17:07:28 +0100] "GET /_upload/clover-gui/docs/html/component_html_chunk/figures/0_00150.png HTTP/1.1" 200 54115 "http://www.cloveretl.org/_upload/clover-gui/docs/html/component_html_chunk/ch01.html" "Mozilla/4.0 (compatible; MSIE 7.0; Windows NT 5.1; .NET CLR 2.0.50727; .NET CLR 3.0.04506.30; .NET CLR 1.1.4322; .NET CLR 3.0.04506.648)"
62.77.56.16 - - [04/Mar/2009:17:07:29 +0100] "GET /_upload/clover-gui/docs/html/component_html_chunk/figures/0_00170.png HTTP/1.1" 200 64690 "http://www.cloveretl.org/_upload/clover-gui/docs/html/component_html_chunk/ch01.html" "Mozilla/4.0 (compatible; MSIE 7.0; Windows NT 5.1; .NET CLR 2.0.50727; .NET CLR 3.0.04506.30; .NET CLR 1.1.4322; .NET CLR 3.0.04506.648)"
194.51.20.126 - - [04/Mar/2009:17:07:51 +0100] "GET /_img/component_icon/Aggregate-64x64.png HTTP/1.1" 200 3011 "http://www.cloveretl.org/clover-gui/screenshots/" "Mozilla/5.0 (Windows; U; Windows NT 5.1; fr; rv:1.8.1.20) Gecko/20081217 Firefox/2.0.0.20"
194.51.20.126 - - [04/Mar/2009:17:04:08 +0100] "GET /clover/etl-tool/ HTTP/1.1" 200 13678 "http://www.cloveretl.org/clover/project-repository/" "Mozilla/5.0 (Windows; U; Windows NT 5.1; fr; rv:1.8.1.20) Gecko/20081217 Firefox/2.0.0.20"
74.6.22.180 - - [04/Mar/2009:17:04:58 +0100] "GET /news/released-clover-etl-2-5 HTTP/1.0" 200 7119 "-" "Mozilla/5.0 (compatible; Yahoo! Slurp/3.0; http://help.yahoo.com/help/us/ysearch/slurp)"
194.51.20.126 - - [04/Mar/2009:17:07:13 +0100] "GET /clover-gui/screenshots/ HTTP/1.1" 200 12815 "http://www.cloveretl.org/clover/etl-tool/" "Mozilla/5.0 (Windows; U; Windows NT 5.1; fr; rv:1.8.1.20) Gecko/20081217 Firefox/2.0.0.20"
194.51.20.126 - - [04/Mar/2009:17:07:14 +0100] "GET /_img/clovergui/image02a_icon.png HTTP/1.1" 200 5371 "http://www.cloveretl.org/clover-gui/screenshots/" "Mozilla/5.0 (Windows; U; Windows NT 5.1; fr; rv:1.8.1.20) Gecko/20081217 Firefox/2.0.0.20"
194.51.20.126 - - [04/Mar/2009:17:07:14 +0100] "GET /_img/clovergui/Graf_icon.png HTTP/1.1" 200 11126 "http://www.cloveretl.org/clover-gui/screenshots/" "Mozilla/5.0 (Windows; U; Windows NT 5.1; fr; rv:1.8.1.20) Gecko/20081217 Firefox/2.0.0.20"
194.51.20.126 - - [04/Mar/2009:17:07:15 +0100] "GET /_img/clovergui/image03b_icon.png HTTP/1.1" 200 5187 "http://www.cloveretl.org/clover-gui/screenshots/" "Mozilla/5.0 (Windows; U; Windows NT 5.1; fr; rv:1.8.1.20) Gecko/20081217 Firefox/2.0.0.20"
194.51.20.126 - - [04/Mar/2009:17:07:15 +0100] "GET /_img/clovergui/DB_connection_wizard_icon.png HTTP/1.1" 200 6892 "http://www.cloveretl.org/clover-gui/screenshots/" "Mozilla/5.0 (Windows; U; Windows NT 5.1; fr; rv:1.8.1.20) Gecko/20081217 Firefox/2.0.0.20"
194.51.20.126 - - [04/Mar/2009:17:07:16 +0100] "GET /_img/clovergui/Data_tracking_icon.png HTTP/1.1" 200 12761 "http://www.cloveretl.org/clover-gui/screenshots/" "Mozilla/5.0 (Windows; U; Windows NT 5.1; fr; rv:1.8.1.20) Gecko/20081217 Firefox/2.0.0.20"
194.51.20.126 - - [04/Mar/2009:17:07:21 +0100] "GET /_img/clovergui/Graf.png HTTP/1.1" 200 149767 "http://www.cloveretl.org/clover-gui/screenshots/" "Mozilla/5.0 (Windows; U; Windows NT 5.1; fr; rv:1.8.1.20) Gecko/20081217 Firefox/2.0.0.20"
119.63.193.55 - - [04/Mar/2009:17:06:15 +0100] "GET / HTTP/1.1" 200 10616 "-" "Baiduspider+(+http://help.baidu.jp/system/05.html)"
194.51.20.126 - - [04/Mar/2009:17:08:12 +0100] "GET /clover-gui/screenshots/ HTTP/1.1" 200 12285 "http://www.cloveretl.org/clover/etl-tool/" "Mozilla/5.0 (Windows; U; Windows NT 5.1; fr; rv:1.8.1.20) Gecko/20081217 Firefox/2.0.0.20"
194.51.20.126 - - [04/Mar/2009:17:08:30 +0100] "GET /clover-gui/screenshots/ HTTP/1.1" 200 12607 "http://www.cloveretl.org/clover/etl-tool/" "Mozilla/5.0 (Windows; U; Windows NT 5.1; fr; rv:1.8.1.20) Gecko/20081217 Firefox/2.0.0.20"
62.77.56.16 - - [04/Mar/2009:17:08:37 +0100] "GET /documentation/ HTTP/1.1" 200 10968 "http://www.cloveretl.org/clover/" "Mozilla/4.0 (compatible; MSIE 7.0; Windows NT 5.1; .NET CLR 2.0.50727; .NET CLR 3.0.04506.30; .NET CLR 1.1.4322; .NET CLR 3.0.04506.648)"
62.77.56.16 - - [04/Mar/2009:17:08:38 +0100] "GET /_img/component_icon/ApproximativeJoin-64x64.png HTTP/1.1" 200 3073 "http://www.cloveretl.org/documentation/" "Mozilla/4.0 (compatible; MSIE 7.0; Windows NT 5.1; .NET CLR 2.0.50727; .NET CLR 3.0.04506.30; .NET CLR 1.1.4322; .NET CLR 3.0.04506.648)"
62.77.56.16 - - [04/Mar/2009:17:08:40 +0100] "GET /clover/ HTTP/1.1" 200 9474 "http://www.cloveretl.org/" "Mozilla/4.0 (compatible; MSIE 7.0; Windows NT 5.1; .NET CLR 2.0.50727; .NET CLR 3.0.04506.30; .NET CLR 1.1.4322; .NET CLR 3.0.04506.648)"
62.77.56.16 - - [04/Mar/2009:17:08:40 +0100] "GET /_img/component_icon/JavaExecute-64x64.png HTTP/1.1" 200 5121 "http://www.cloveretl.org/clover/" "Mozilla/4.0 (compatible; MSIE 7.0; Windows NT 5.1; .NET CLR 2.0.50727; .NET CLR 3.0.04506.30; .NET CLR 1.1.4322; .NET CLR 3.0.04506.648)"
62.77.56.16 - - [04/Mar/2009:17:08:43 +0100] "GET / HTTP/1.1" 200 10616 "http://www.cloveretl.org/clover/" "Mozilla/4.0 (compatible; MSIE 7.0; Windows NT 5.1; .NET CLR 2.0.50727; .NET CLR 3.0.04506.30; .NET CLR 1.1.4322; .NET CLR 3.0.04506.648)"
62.77.56.16 - - [04/Mar/2009:17:09:02 +0100] "GET /download/clover-gui/ HTTP/1.1" 200 10344 "http://www.cloveretl.org/" "Mozilla/4.0 (compatible; MSIE 7.0; Windows NT 5.1; .NET CLR 2.0.50727; .NET CLR 3.0.04506.30; .NET CLR 1.1.4322; .NET CLR 3.0.04506.648)"
62.77.56.16 - - [04/Mar/2009:17:09:04 +0100] "GET / HTTP/1.1" 200 10616 "http://www.cloveretl.org/clover/" "Mozilla/4.0 (compatible; MSIE 7.0; Windows NT 5.1; .NET CLR 2.0.50727; .NET CLR 3.0.04506.30; .NET CLR 1.1.4322; .NET CLR 3.0.04506.648)"
62.77.56.16 - - [04/Mar/2009:17:09:07 +0100] "GET /clover-gui/videos/ HTTP/1.1" 200 8685 "http://www.cloveretl.org/" "Mozilla/4.0 (compatible; MSIE 7.0; Windows NT 5.1; .NET CLR 2.0.50727; .NET CLR 3.0.04506.30; .NET CLR 1.1.4322; .NET CLR 3.0.04506.648)"
62.77.56.16 - - [04/Mar/2009:17:09:08 +0100] "GET /_img/component_icon/ExtHashJoin-64x64.png HTTP/1.1" 200 2968 "http://www.cloveretl.org/clover-gui/videos/" "Mozilla/4.0 (compatible; MSIE 7.0; Windows NT 5.1; .NET CLR 2.0.50727; .NET CLR 3.0.04506.30; .NET CLR 1.1.4322; .NET CLR 3.0.04506.648)"
62.77.56.16 - - [04/Mar/2009:17:09:13 +0100] "GET /clover-gui/video-tutorial/ HTTP/1.1" 200 13597 "http://www.cloveretl.org/clover-gui/videos/" "Mozilla/4.0 (compatible; MSIE 7.0; Windows NT 5.1; .NET CLR 2.0.50727; .NET CLR 3.0.04506.30; .NET CLR 1.1.4322; .NET CLR 3.0.04506.648)"
62.77.56.16 - - [04/Mar/2009:17:09:13 +0100] "GET /_upload/clover-gui/video-tutorial/01Project.png HTTP/1.1" 200 7697 "http://www.cloveretl.org/clover-gui/video-tutorial/" "Mozilla/4.0 (compatible; MSIE 7.0; Windows NT 5.1; .NET CLR 2.0.50727; .NET CLR 3.0.04506.30; .NET CLR 1.1.4322; .NET CLR 3.0.04506.648)"
62.77.56.16 - - [04/Mar/2009:17:09:14 +0100] "GET /_upload/clover-gui/video-tutorial/02graph.png HTTP/1.1" 200 6388 "http://www.cloveretl.org/clover-gui/video-tutorial/" "Mozilla/4.0 (compatible; MSIE 7.0; Windows NT 5.1; .NET CLR 2.0.50727; .NET CLR 3.0.04506.30; .NET CLR 1.1.4322; .NET CLR 3.0.04506.648)"
62.77.56.16 - - [04/Mar/2009:17:09:14 +0100] "GET /_upload/clover-gui/video-tutorial/03components.png HTTP/1.1" 200 9313 "http://www.cloveretl.org/clover-gui/video-tutorial/" "Mozilla/4.0 (compatible; MSIE 7.0; Windows NT 5.1; .NET CLR 2.0.50727; .NET CLR 3.0.04506.30; .NET CLR 1.1.4322; .NET CLR 3.0.04506.648)"
62.77.56.16 - - [04/Mar/2009:17:09:14 +0100] "GET /_upload/clover-gui/video-tutorial/04db_connection.png HTTP/1.1" 200 7675 "http://www.cloveretl.org/clover-gui/video-tutorial/" "Mozilla/4.0 (compatible; MSIE 7.0; Windows NT 5.1; .NET CLR 2.0.50727; .NET CLR 3.0.04506.30; .NET CLR 1.1.4322; .NET CLR 3.0.04506.648)"
62.77.56.16 - - [04/Mar/2009:17:09:14 +0100] "GET /_upload/clover-gui/video-tutorial/05metadata_customers_DB.png HTTP/1.1" 200 7353 "http://www.cloveretl.org/clover-gui/video-tutorial/" "Mozilla/4.0 (compatible; MSIE 7.0; Windows NT 5.1; .NET CLR 2.0.50727; .NET CLR 3.0.04506.30; .NET CLR 1.1.4322; .NET CLR 3.0.04506.648)"
62.77.56.16 - - [04/Mar/2009:17:09:14 +0100] "GET /_upload/clover-gui/video-tutorial/06source_db.png HTTP/1.1" 200 9355 "http://www.cloveretl.org/clover-gui/video-tutorial/" "Mozilla/4.0 (compatible; MSIE 7.0; Windows NT 5.1; .NET CLR 2.0.50727; .NET CLR 3.0.04506.30; .NET CLR 1.1.4322; .NET CLR 3.0.04506.648)"
62.77.56.16 - - [04/Mar/2009:17:09:15 +0100] "GET /_upload/clover-gui/video-tutorial/07metadata_comm_file.png HTTP/1.1" 200 5893 "http://www.cloveretl.org/clover-gui/video-tutorial/" "Mozilla/4.0 (compatible; MSIE 7.0; Windows NT 5.1; .NET CLR 2.0.50727; .NET CLR 3.0.04506.30; .NET CLR 1.1.4322; .NET CLR 3.0.04506.648)"
62.77.56.16 - - [04/Mar/2009:17:09:15 +0100] "GET /_upload/clover-gui/video-tutorial/09trans_sort.png HTTP/1.1" 200 9113 "http://www.cloveretl.org/clover-gui/video-tutorial/" "Mozilla/4.0 (compatible; MSIE 7.0; Windows NT 5.1; .NET CLR 2.0.50727; .NET CLR 3.0.04506.30; .NET CLR 1.1.4322; .NET CLR 3.0.04506.648)"
62.77.56.16 - - [04/Mar/2009:17:09:15 +0100] "GET /_upload/clover-gui/video-tutorial/08source_file.png HTTP/1.1" 200 7308 "http://www.cloveretl.org/clover-gui/video-tutorial/" "Mozilla/4.0 (compatible; MSIE 7.0; Windows NT 5.1; .NET CLR 2.0.50727; .NET CLR 3.0.04506.30; .NET CLR 1.1.4322; .NET CLR 3.0.04506.648)"
62.77.56.16 - - [04/Mar/2009:17:09:15 +0100] "GET /_upload/clover-gui/video-tutorial/01Project.htm HTTP/1.1" 200 943 "http://www.cloveretl.org/clover-gui/video-tutorial/" "Mozilla/4.0 (compatible; MSIE 7.0; Windows NT 5.1; .NET CLR 2.0.50727; .NET CLR 3.0.04506.30; .NET CLR 1.1.4322; .NET CLR 3.0.04506.648)"
62.77.56.16 - - [04/Mar/2009:17:09:16 +0100] "GET /_upload/clover-gui/video-tutorial/01Project.swf HTTP/1.1" 200 800429 "http://www.cloveretl.org/_upload/clover-gui/video-tutorial/01Project.htm" "Mozilla/4.0 (compatible; MSIE 7.0; Windows NT 5.1; .NET CLR 2.0.50727; .NET CLR 3.0.04506.30; .NET CLR 1.1.4322; .NET CLR 3.0.04506.648)"
62.77.56.16 - - [04/Mar/2009:17:09:32 +0100] "GET /clover-gui/video-tutorial/ HTTP/1.1" 200 13773 "http://www.cloveretl.org/clover-gui/videos/" "Mozilla/4.0 (compatible; MSIE 7.0; Windows NT 5.1; .NET CLR 2.0.50727; .NET CLR 3.0.04506.30; .NET CLR 1.1.4322; .NET CLR 3.0.04506.648)"
62.77.56.16 - - [04/Mar/2009:17:09:32 +0100] "GET /_img/component_icon/FixLenDataReader-64x64.png HTTP/1.1" 200 5184 "http://www.cloveretl.org/clover-gui/video-tutorial/" "Mozilla/4.0 (compatible; MSIE 7.0; Windows NT 5.1; .NET CLR 2.0.50727; .NET CLR 3.0.04506.30; .NET CLR 1.1.4322; .NET CLR 3.0.04506.648)"
62.77.56.16 - - [04/Mar/2009:17:09:33 +0100] "GET /_upload/clover-gui/video-tutorial/10trans_merge.png HTTP/1.1" 200 7106 "http://www.cloveretl.org/clover-gui/video-tutorial/" "Mozilla/4.0 (compatible; MSIE 7.0; Windows NT 5.1; .NET CLR 2.0.50727; .NET CLR 3.0.04506.30; .NET CLR 1.1.4322; .NET CLR 3.0.04506.648)"
62.77.56.16 - - [04/Mar/2009:17:09:33 +0100] "GET /_upload/clover-gui/video-tutorial/11writer.png HTTP/1.1" 200 8858 "http://www.cloveretl.org/clover-gui/video-tutorial/" "Mozilla/4.0 (compatible; MSIE 7.0; Windows NT 5.1; .NET CLR 2.0.50727; .NET CLR 3.0.04506.30; .NET CLR 1.1.4322; .NET CLR 3.0.04506.648)"
62.77.56.16 - - [04/Mar/2009:17:09:34 +0100] "GET /_upload/clover-gui/video-tutorial/12run.png HTTP/1.1" 200 11190 "http://www.cloveretl.org/clover-gui/video-tutorial/" "Mozilla/4.0 (compatible; MSIE 7.0; Windows NT 5.1; .NET CLR 2.0.50727; .NET CLR 3.0.04506.30; .NET CLR 1.1.4322; .NET CLR 3.0.04506.648)"
194.51.20.126 - - [04/Mar/2009:17:08:15 +0100] "GET /_img/clovergui/image02b.png HTTP/1.1" 200 72157 "http://www.cloveretl.org/clover-gui/screenshots/" "Mozilla/5.0 (Windows; U; Windows NT 5.1; fr; rv:1.8.1.20) Gecko/20081217 Firefox/2.0.0.20"
63.239.69.1 - - [04/Mar/2009:17:09:04 +0100] "GET /rss/news.xml HTTP/1.1" 200 5772 "http://www.cloveretl.org/clover-gui/buy/" "Mozilla/4.0 (compatible; MSIE 6.0; Windows NT 5.1; WDL6.1.1; .NET CLR 1.1.4322; .NET CLR 2.0.50727)"
194.51.20.126 - - [04/Mar/2009:17:10:57 +0100] "GET /_img/clovergui/image03a.png HTTP/1.1" 200 64705 "http://www.cloveretl.org/clover-gui/screenshots/" "Mozilla/5.0 (Windows; U; Windows NT 5.1; fr; rv:1.8.1.20) Gecko/20081217 Firefox/2.0.0.20"
194.51.20.126 - - [04/Mar/2009:17:07:14 +0100] "GET /_img/clovergui/image02b_icon.png HTTP/1.1" 200 5365 "http://www.cloveretl.org/clover-gui/screenshots/" "Mozilla/5.0 (Windows; U; Windows NT 5.1; fr; rv:1.8.1.20) Gecko/20081217 Firefox/2.0.0.20"
194.51.20.126 - - [04/Mar/2009:17:07:14 +0100] "GET /_img/clovergui/Paleta_parsed_icon.png HTTP/1.1" 200 5137 "http://www.cloveretl.org/clover-gui/screenshots/" "Mozilla/5.0 (Windows; U; Windows NT 5.1; fr; rv:1.8.1.20) Gecko/20081217 Firefox/2.0.0.20"
194.51.20.126 - - [04/Mar/2009:17:07:15 +0100] "GET /_img/clovergui/image03a_icon.png HTTP/1.1" 200 5834 "http://www.cloveretl.org/clover-gui/screenshots/" "Mozilla/5.0 (Windows; U; Windows NT 5.1; fr; rv:1.8.1.20) Gecko/20081217 Firefox/2.0.0.20"
194.51.20.126 - - [04/Mar/2009:17:08:30 +0100] "GET /_img/component_icon/XLSDataReader-64x64.png HTTP/1.1" 200 5053 "http://www.cloveretl.org/clover-gui/screenshots/" "Mozilla/5.0 (Windows; U; Windows NT 5.1; fr; rv:1.8.1.20) Gecko/20081217 Firefox/2.0.0.20"
63.239.69.1 - - [04/Mar/2009:17:09:04 +0100] "GET /clover-gui/buy/ HTTP/1.1" 200 7619 "http://www.cloveretl.org/clover-gui/" "Mozilla/4.0 (compatible; MSIE 6.0; Windows NT 5.1; WDL6.1.1; .NET CLR 1.1.4322; .NET CLR 2.0.50727)"
194.51.20.126 - - [04/Mar/2009:17:09:49 +0100] "GET /_img/clovergui/image02c.png HTTP/1.1" 200 79535 "http://www.cloveretl.org/clover-gui/screenshots/" "Mozilla/5.0 (Windows; U; Windows NT 5.1; fr; rv:1.8.1.20) Gecko/20081217 Firefox/2.0.0.20"
194.51.20.126 - - [04/Mar/2009:17:10:27 +0100] "GET /_img/component_icon/DataGenerator-64x64.png HTTP/1.1" 200 5187 "http://www.cloveretl.org/clover-gui/screenshots/" "Mozilla/5.0 (Windows; U; Windows NT 5.1; fr; rv:1.8.1.20) Gecko/20081217 Firefox/2.0.0.20"
194.51.20.126 - - [04/Mar/2009:17:10:23 +0100] "GET /clover-gui/screenshots/ HTTP/1.1" 200 12520 "http://www.cloveretl.org/clover/etl-tool/" "Mozilla/5.0 (Windows; U; Windows NT 5.1; fr; rv:1.8.1.20) Gecko/20081217 Firefox/2.0.0.20"
194.51.20.126 - - [04/Mar/2009:17:13:22 +0100] "GET /documentation/clover-etl/ HTTP/1.1" 200 7523 "http://www.cloveretl.org/development/" "Mozilla/5.0 (Windows; U; Windows NT 5.1; fr; rv:1.8.1.20) Gecko/20081217 Firefox/2.0.0.20"
63.239.69.1 - - [04/Mar/2009:17:08:09 +0100] "GET /_img/box_green2.gif HTTP/1.1" 200 3891 "http://www.cloveretl.org/" "Mozilla/4.0 (compatible; MSIE 6.0; Windows NT 5.1; WDL6.1.1; .NET CLR 1.1.4322; .NET CLR 2.0.50727)"
63.239.69.1 - - [04/Mar/2009:17:08:10 +0100] "GET /_img/heading_gray.gif HTTP/1.1" 200 156 "http://www.cloveretl.org/" "Mozilla/4.0 (compatible; MSIE 6.0; Windows NT 5.1; WDL6.1.1; .NET CLR 1.1.4322; .NET CLR 2.0.50727)"
63.239.69.1 - - [04/Mar/2009:17:08:10 +0100] "GET /_img/rss.gif HTTP/1.1" 200 1170 "http://www.cloveretl.org/" "Mozilla/4.0 (compatible; MSIE 6.0; Windows NT 5.1; WDL6.1.1; .NET CLR 1.1.4322; .NET CLR 2.0.50727)"
63.239.69.1 - - [04/Mar/2009:17:08:10 +0100] "GET /_img/clock.gif HTTP/1.1" 200 57 "http://www.cloveretl.org/" "Mozilla/4.0 (compatible; MSIE 6.0; Windows NT 5.1; WDL6.1.1; .NET CLR 1.1.4322; .NET CLR 2.0.50727)"
63.239.69.1 - - [04/Mar/2009:17:08:18 +0100] "GET /clover-gui/ HTTP/1.1" 200 8659 "http://www.cloveretl.org/" "Mozilla/4.0 (compatible; MSIE 6.0; Windows NT 5.1; WDL6.1.1; .NET CLR 1.1.4322; .NET CLR 2.0.50727)"
63.239.69.1 - - [04/Mar/2009:17:08:18 +0100] "GET /_img/menu_left_border.gif HTTP/1.1" 200 43 "http://www.cloveretl.org/clover-gui/" "Mozilla/4.0 (compatible; MSIE 6.0; Windows NT 5.1; WDL6.1.1; .NET CLR 1.1.4322; .NET CLR 2.0.50727)"
63.239.69.1 - - [04/Mar/2009:17:08:19 +0100] "GET /_img/menu_left_top.gif HTTP/1.1" 200 157 "http://www.cloveretl.org/clover-gui/" "Mozilla/4.0 (compatible; MSIE 6.0; Windows NT 5.1; WDL6.1.1; .NET CLR 1.1.4322; .NET CLR 2.0.50727)"
63.239.69.1 - - [04/Mar/2009:17:08:19 +0100] "GET /_img/tip_bg.gif HTTP/1.1" 200 986 "http://www.cloveretl.org/clover-gui/" "Mozilla/4.0 (compatible; MSIE 6.0; Windows NT 5.1; WDL6.1.1; .NET CLR 1.1.4322; .NET CLR 2.0.50727)"
63.239.69.1 - - [04/Mar/2009:17:08:19 +0100] "GET /_img/tip_clover.gif HTTP/1.1" 200 1157 "http://www.cloveretl.org/clover-gui/" "Mozilla/4.0 (compatible; MSIE 6.0; Windows NT 5.1; WDL6.1.1; .NET CLR 1.1.4322; .NET CLR 2.0.50727)"
63.239.69.1 - - [04/Mar/2009:17:08:19 +0100] "GET /_img/section_heading.gif HTTP/1.1" 200 93 "http://www.cloveretl.org/clover-gui/" "Mozilla/4.0 (compatible; MSIE 6.0; Windows NT 5.1; WDL6.1.1; .NET CLR 1.1.4322; .NET CLR 2.0.50727)"
63.239.69.1 - - [04/Mar/2009:17:09:04 +0100] "GET /_img/component_icon/DelimitedDataReader-64x64.png HTTP/1.1" 200 5168 "http://www.cloveretl.org/clover-gui/buy/" "Mozilla/4.0 (compatible; MSIE 6.0; Windows NT 5.1; WDL6.1.1; .NET CLR 1.1.4322; .NET CLR 2.0.50727)"
67.195.37.163 - - [04/Mar/2009:17:10:35 +0100] "GET /news/released-cloveretl-2-5-4-gui-2-0-4 HTTP/1.0" 200 5527 "-" "Mozilla/5.0 (compatible; Yahoo! Slurp; http://help.yahoo.com/help/us/ysearch/slurp)"
194.51.20.126 - - [04/Mar/2009:17:11:24 +0100] "GET /clover-gui/screenshots/ HTTP/1.1" 200 12259 "http://www.cloveretl.org/clover/etl-tool/" "Mozilla/5.0 (Windows; U; Windows NT 5.1; fr; rv:1.8.1.20) Gecko/20081217 Firefox/2.0.0.20"
62.77.56.16 - - [04/Mar/2009:17:09:37 +0100] "GET /_upload/clover-gui/video-tutorial/03components.htm HTTP/1.1" 200 949 "http://www.cloveretl.org/clover-gui/video-tutorial/" "Mozilla/4.0 (compatible; MSIE 7.0; Windows NT 5.1; .NET CLR 2.0.50727; .NET CLR 3.0.04506.30; .NET CLR 1.1.4322; .NET CLR 3.0.04506.648)"
62.77.56.16 - - [04/Mar/2009:17:09:37 +0100] "GET /_upload/clover-gui/video-tutorial/03components.swf HTTP/1.1" 200 6379967 "http://www.cloveretl.org/_upload/clover-gui/video-tutorial/03components.htm" "Mozilla/4.0 (compatible; MSIE 7.0; Windows NT 5.1; .NET CLR 2.0.50727; .NET CLR 3.0.04506.30; .NET CLR 1.1.4322; .NET CLR 3.0.04506.648)"
194.51.20.126 - - [04/Mar/2009:17:12:02 +0100] "GET /clover-gui/screenshots/ HTTP/1.1" 200 12824 "http://www.cloveretl.org/clover/etl-tool/" "Mozilla/5.0 (Windows; U; Windows NT 5.1; fr; rv:1.8.1.20) Gecko/20081217 Firefox/2.0.0.20"
194.51.20.126 - - [04/Mar/2009:17:12:25 +0100] "GET /documentation/ HTTP/1.1" 200 10076 "http://www.cloveretl.org/clover-gui/screenshots/" "Mozilla/5.0 (Windows; U; Windows NT 5.1; fr; rv:1.8.1.20) Gecko/20081217 Firefox/2.0.0.20"
194.51.20.126 - - [04/Mar/2009:17:13:19 +0100] "GET /development/ HTTP/1.1" 200 6530 "http://www.cloveretl.org/documentation/" "Mozilla/5.0 (Windows; U; Windows NT 5.1; fr; rv:1.8.1.20) Gecko/20081217 Firefox/2.0.0.20"
67.195.37.163 - - [04/Mar/2009:17:10:25 +0100] "GET /news/clovergui-2-0-finally-released HTTP/1.0" 200 6435 "-" "Mozilla/5.0 (compatible; Yahoo! Slurp; http://help.yahoo.com/help/us/ysearch/slurp)"
194.51.20.126 - - [04/Mar/2009:17:11:36 +0100] "GET /_img/clovergui/03Source.png HTTP/1.1" 200 73055 "http://www.cloveretl.org/clover-gui/screenshots/" "Mozilla/5.0 (Windows; U; Windows NT 5.1; fr; rv:1.8.1.20) Gecko/20081217 Firefox/2.0.0.20"
194.51.20.126 - - [04/Mar/2009:17:12:04 +0100] "GET /_img/component_icon/SimpleGather-64x64.png HTTP/1.1" 200 4437 "http://www.cloveretl.org/clover-gui/screenshots/" "Mozilla/5.0 (Windows; U; Windows NT 5.1; fr; rv:1.8.1.20) Gecko/20081217 Firefox/2.0.0.20"
194.51.20.126 - - [04/Mar/2009:17:12:26 +0100] "GET /_img/out.gif HTTP/1.1" 200 57 "http://www.cloveretl.org/_css/general.css" "Mozilla/5.0 (Windows; U; Windows NT 5.1; fr; rv:1.8.1.20) Gecko/20081217 Firefox/2.0.0.20"
194.51.20.126 - - [04/Mar/2009:17:13:20 +0100] "GET /_img/component_icon/PostgreSQLDataWriter-64x64.png HTTP/1.1" 200 7175 "http://www.cloveretl.org/development/" "Mozilla/5.0 (Windows; U; Windows NT 5.1; fr; rv:1.8.1.20) Gecko/20081217 Firefox/2.0.0.20"
62.77.56.16 - - [04/Mar/2009:17:14:36 +0100] "GET /_upload/clover-gui/video-tutorial/02graph.htm HTTP/1.1" 200 956 "http://www.cloveretl.org/clover-gui/video-tutorial/" "Mozilla/4.0 (compatible; MSIE 7.0; Windows NT 5.1; .NET CLR 2.0.50727; .NET CLR 3.0.04506.30; .NET CLR 1.1.4322; .NET CLR 3.0.04506.648)"
62.77.56.16 - - [04/Mar/2009:17:14:37 +0100] "GET /_upload/clover-gui/video-tutorial/02graph.swf HTTP/1.1" 200 685524 "http://www.cloveretl.org/_upload/clover-gui/video-tutorial/02graph.htm" "Mozilla/4.0 (compatible; MSIE 7.0; Windows NT 5.1; .NET CLR 2.0.50727; .NET CLR 3.0.04506.30; .NET CLR 1.1.4322; .NET CLR 3.0.04506.648)"
195.137.177.243 - - [04/Mar/2009:17:15:38 +0100] "GET /rss/news.xml HTTP/1.1" 200 5772 "-" "RSSOwl/2.0.0.200804242342 (Windows; U; en)"
201.76.165.34 - - [04/Mar/2009:17:26:48 +0100] "GET /download/clover-etl/ HTTP/1.0" 200 10031 "http://www.cloveretl.org/download/clover-gui/" "Mozilla/5.0 (Windows; U; Windows NT 5.1; pt-BR; rv:1.9.0.6) Gecko/2009011913 Firefox/3.0.6"
201.76.165.34 - - [04/Mar/2009:17:27:55 +0100] "GET /_img/component_icon/DB2DataWriter-64x64.png HTTP/1.0" 200 7253 "http://www.cloveretl.org/download/clover-server/" "Mozilla/5.0 (Windows; U; Windows NT 5.1; pt-BR; rv:1.9.0.6) Gecko/2009011913 Firefox/3.0.6"
62.77.56.16 - - [04/Mar/2009:17:13:46 +0100] "GET /clover-gui/video-tutorial/ HTTP/1.1" 200 14122 "http://www.cloveretl.org/clover-gui/videos/" "Mozilla/4.0 (compatible; MSIE 7.0; Windows NT 5.1; .NET CLR 2.0.50727; .NET CLR 3.0.04506.30; .NET CLR 1.1.4322; .NET CLR 3.0.04506.648)"
62.77.56.16 - - [04/Mar/2009:17:13:47 +0100] "GET /_img/component_icon/ExtMergeJoin-64x64.png HTTP/1.1" 200 2790 "http://www.cloveretl.org/clover-gui/video-tutorial/" "Mozilla/4.0 (compatible; MSIE 7.0; Windows NT 5.1; .NET CLR 2.0.50727; .NET CLR 3.0.04506.30; .NET CLR 1.1.4322; .NET CLR 3.0.04506.648)"
221.125.5.23 - - [04/Mar/2009:17:22:19 +0100] "GET /_img/logo_clover.gif HTTP/1.1" 200 3147 "http://www.cloveretl.org/_css/general.css" "Mozilla/5.0 (Windows; U; Windows NT 5.1; en-US; rv:1.8.1.1) Gecko/20061204 Firefox/2.0.0.1"
221.125.5.23 - - [04/Mar/2009:17:22:20 +0100] "GET /favicon.ico HTTP/1.1" 200 1406 "-" "Mozilla/5.0 (Windows; U; Windows NT 5.1; en-US; rv:1.8.1.1) Gecko/20061204 Firefox/2.0.0.1"
221.125.5.23 - - [04/Mar/2009:17:22:21 +0100] "GET /_img/menu_tab_right.gif HTTP/1.1" 200 102 "http://www.cloveretl.org/_css/general.css" "Mozilla/5.0 (Windows; U; Windows NT 5.1; en-US; rv:1.8.1.1) Gecko/20061204 Firefox/2.0.0.1"
221.125.5.23 - - [04/Mar/2009:17:22:22 +0100] "GET /_img/menu_left_top.gif HTTP/1.1" 200 157 "http://www.cloveretl.org/_css/general.css" "Mozilla/5.0 (Windows; U; Windows NT 5.1; en-US; rv:1.8.1.1) Gecko/20061204 Firefox/2.0.0.1"
221.125.5.23 - - [04/Mar/2009:17:22:23 +0100] "GET /_img/tip_bg.gif HTTP/1.1" 200 986 "http://www.cloveretl.org/_css/general.css" "Mozilla/5.0 (Windows; U; Windows NT 5.1; en-US; rv:1.8.1.1) Gecko/20061204 Firefox/2.0.0.1"
221.125.5.23 - - [04/Mar/2009:17:22:24 +0100] "GET /_img/section_heading.gif HTTP/1.1" 200 93 "http://www.cloveretl.org/_css/general.css" "Mozilla/5.0 (Windows; U; Windows NT 5.1; en-US; rv:1.8.1.1) Gecko/20061204 Firefox/2.0.0.1"
221.125.5.23 - - [04/Mar/2009:17:22:24 +0100] "GET /_img/heading_gray.gif HTTP/1.1" 200 156 "http://www.cloveretl.org/_css/general.css" "Mozilla/5.0 (Windows; U; Windows NT 5.1; en-US; rv:1.8.1.1) Gecko/20061204 Firefox/2.0.0.1"
201.76.165.34 - - [04/Mar/2009:17:26:54 +0100] "GET /_img/component_icon/StructuredDataWriter-64x64.png HTTP/1.0" 200 7782 "http://www.cloveretl.org/download/clover-gui/" "Mozilla/5.0 (Windows; U; Windows NT 5.1; pt-BR; rv:1.9.0.6) Gecko/2009011913 Firefox/3.0.6"
201.76.165.34 - - [04/Mar/2009:17:28:55 +0100] "GET /_img/component_icon/LDAPWriter-64x64.png HTTP/1.0" 200 5030 "http://www.cloveretl.org/download/clover-etl/" "Mozilla/5.0 (Windows; U; Windows NT 5.1; pt-BR; rv:1.9.0.6) Gecko/2009011913 Firefox/3.0.6"
221.125.5.23 - - [04/Mar/2009:17:22:13 +0100] "GET /download/clover-gui/ HTTP/1.1" 200 10890 "-" "Mozilla/5.0 (Windows; U; Windows NT 5.1; en-US; rv:1.8.1.1) Gecko/20061204 Firefox/2.0.0.1"
221.125.5.23 - - [04/Mar/2009:17:22:16 +0100] "GET /_css/modules/Download.css HTTP/1.1" 200 136 "http://www.cloveretl.org/download/clover-gui/" "Mozilla/5.0 (Windows; U; Windows NT 5.1; en-US; rv:1.8.1.1) Gecko/20061204 Firefox/2.0.0.1"
62.77.56.16 - - [04/Mar/2009:17:23:24 +0100] "GET /clover-gui/video-tutorial/ HTTP/1.1" 200 14037 "http://www.cloveretl.org/clover-gui/videos/" "Mozilla/4.0 (compatible; MSIE 7.0; Windows NT 5.1; .NET CLR 2.0.50727; .NET CLR 3.0.04506.30; .NET CLR 1.1.4322; .NET CLR 3.0.04506.648)"
62.77.56.16 - - [04/Mar/2009:17:23:25 +0100] "GET /_img/component_icon/ExtSort-64x64.png HTTP/1.1" 200 2332 "http://www.cloveretl.org/clover-gui/video-tutorial/" "Mozilla/4.0 (compatible; MSIE 7.0; Windows NT 5.1; .NET CLR 2.0.50727; .NET CLR 3.0.04506.30; .NET CLR 1.1.4322; .NET CLR 3.0.04506.648)"
62.77.56.16 - - [04/Mar/2009:17:23:33 +0100] "GET /_upload/clover-gui/video-tutorial/05metadata_customers_DB.htm HTTP/1.1" 200 971 "http://www.cloveretl.org/clover-gui/video-tutorial/" "Mozilla/4.0 (compatible; MSIE 7.0; Windows NT 5.1; .NET CLR 2.0.50727; .NET CLR 3.0.04506.30; .NET CLR 1.1.4322; .NET CLR 3.0.04506.648)"
62.77.56.16 - - [04/Mar/2009:17:23:33 +0100] "GET /_upload/clover-gui/video-tutorial/05metadata_customers_DB.swf HTTP/1.1" 200 6048200 "http://www.cloveretl.org/_upload/clover-gui/video-tutorial/05metadata_customers_DB.htm" "Mozilla/4.0 (compatible; MSIE 7.0; Windows NT 5.1; .NET CLR 2.0.50727; .NET CLR 3.0.04506.30; .NET CLR 1.1.4322; .NET CLR 3.0.04506.648)"
201.76.165.34 - - [04/Mar/2009:17:25:40 +0100] "GET /download/clover-gui/ HTTP/1.0" 200 10312 "http://www.cloveretl.org/download/clover-etl/" "Mozilla/5.0 (Windows; U; Windows NT 5.1; pt-BR; rv:1.9.0.6) Gecko/2009011913 Firefox/3.0.6"
201.76.165.34 - - [04/Mar/2009:17:26:52 +0100] "GET /download/clover-gui/ HTTP/1.0" 200 10649 "http://www.cloveretl.org/download/clover-etl/" "Mozilla/5.0 (Windows; U; Windows NT 5.1; pt-BR; rv:1.9.0.6) Gecko/2009011913 Firefox/3.0.6"
67.195.37.163 - - [04/Mar/2009:17:29:10 +0100] "GET /clover/project-repository/ HTTP/1.0" 200 9976 "-" "Mozilla/5.0 (compatible; Yahoo! Slurp; http://help.yahoo.com/help/us/ysearch/slurp)"
195.137.177.243 - - [04/Mar/2009:17:30:40 +0100] "GET /rss/news.xml HTTP/1.1" 200 5772 "-" "RSSOwl/2.0.0.200804242342 (Windows; U; en)"
62.77.56.16 - - [04/Mar/2009:17:15:41 +0100] "GET /clover-gui/video-tutorial/ HTTP/1.1" 200 13565 "http://www.cloveretl.org/clover-gui/videos/" "Mozilla/4.0 (compatible; MSIE 7.0; Windows NT 5.1; .NET CLR 2.0.50727; .NET CLR 3.0.04506.30; .NET CLR 1.1.4322; .NET CLR 3.0.04506.648)"
62.77.56.16 - - [04/Mar/2009:17:15:55 +0100] "GET /_upload/clover-gui/video-tutorial/04db_connection.htm HTTP/1.1" 200 972 "http://www.cloveretl.org/clover-gui/video-tutorial/" "Mozilla/4.0 (compatible; MSIE 7.0; Windows NT 5.1; .NET CLR 2.0.50727; .NET CLR 3.0.04506.30; .NET CLR 1.1.4322; .NET CLR 3.0.04506.648)"
62.77.56.16 - - [04/Mar/2009:17:15:55 +0100] "GET /_upload/clover-gui/video-tutorial/04db_connection.swf HTTP/1.1" 200 3307730 "http://www.cloveretl.org/_upload/clover-gui/video-tutorial/04db_connection.htm" "Mozilla/4.0 (compatible; MSIE 7.0; Windows NT 5.1; .NET CLR 2.0.50727; .NET CLR 3.0.04506.30; .NET CLR 1.1.4322; .NET CLR 3.0.04506.648)"
221.125.5.23 - - [04/Mar/2009:17:22:16 +0100] "GET /_css/general.css HTTP/1.1" 200 8831 "http://www.cloveretl.org/download/clover-gui/" "Mozilla/5.0 (Windows; U; Windows NT 5.1; en-US; rv:1.8.1.1) Gecko/20061204 Firefox/2.0.0.1"
221.125.5.23 - - [04/Mar/2009:17:22:19 +0100] "GET /_img/component_icon/ExtMergeJoin-64x64.png HTTP/1.1" 200 2790 "http://www.cloveretl.org/download/clover-gui/" "Mozilla/5.0 (Windows; U; Windows NT 5.1; en-US; rv:1.8.1.1) Gecko/20061204 Firefox/2.0.0.1"
221.125.5.23 - - [04/Mar/2009:17:22:19 +0100] "GET /_img/li_orange.gif HTTP/1.1" 200 50 "http://www.cloveretl.org/_css/general.css" "Mozilla/5.0 (Windows; U; Windows NT 5.1; en-US; rv:1.8.1.1) Gecko/20061204 Firefox/2.0.0.1"
221.125.5.23 - - [04/Mar/2009:17:22:20 +0100] "GET /_img/menu_top_new.gif HTTP/1.1" 200 6872 "http://www.cloveretl.org/_css/general.css" "Mozilla/5.0 (Windows; U; Windows NT 5.1; en-US; rv:1.8.1.1) Gecko/20061204 Firefox/2.0.0.1"
221.125.5.23 - - [04/Mar/2009:17:22:21 +0100] "GET /_img/menu_tab_left.gif HTTP/1.1" 200 102 "http://www.cloveretl.org/_css/general.css" "Mozilla/5.0 (Windows; U; Windows NT 5.1; en-US; rv:1.8.1.1) Gecko/20061204 Firefox/2.0.0.1"
221.125.5.23 - - [04/Mar/2009:17:22:22 +0100] "GET /_img/content_top.gif HTTP/1.1" 200 67 "http://www.cloveretl.org/_css/general.css" "Mozilla/5.0 (Windows; U; Windows NT 5.1; en-US; rv:1.8.1.1) Gecko/20061204 Firefox/2.0.0.1"
221.125.5.23 - - [04/Mar/2009:17:22:23 +0100] "GET /_img/menu_left_border.gif HTTP/1.1" 200 43 "http://www.cloveretl.org/_css/general.css" "Mozilla/5.0 (Windows; U; Windows NT 5.1; en-US; rv:1.8.1.1) Gecko/20061204 Firefox/2.0.0.1"
221.125.5.23 - - [04/Mar/2009:17:22:24 +0100] "GET /_img/tip_clover.gif HTTP/1.1" 200 1157 "http://www.cloveretl.org/_css/general.css" "Mozilla/5.0 (Windows; U; Windows NT 5.1; en-US; rv:1.8.1.1) Gecko/20061204 Firefox/2.0.0.1"
221.125.5.23 - - [04/Mar/2009:17:22:24 +0100] "GET /_img/box_gray.gif HTTP/1.1" 200 583 "http://www.cloveretl.org/_css/general.css" "Mozilla/5.0 (Windows; U; Windows NT 5.1; en-US; rv:1.8.1.1) Gecko/20061204 Firefox/2.0.0.1"
93.63.46.223 - - [04/Mar/2009:17:26:15 +0100] "GET /rss/news.xml HTTP/1.1" 200 5772 "-" "Apple-PubSub/65.6"
201.76.165.34 - - [04/Mar/2009:17:27:53 +0100] "GET /download/clover-server/ HTTP/1.0" 200 7861 "http://www.cloveretl.org/download/clover-gui/" "Mozilla/5.0 (Windows; U; Windows NT 5.1; pt-BR; rv:1.9.0.6) Gecko/2009011913 Firefox/3.0.6"
201.76.165.34 - - [04/Mar/2009:17:28:54 +0100] "GET /download/clover-etl/ HTTP/1.0" 200 10330 "http://www.cloveretl.org/download/clover-server/" "Mozilla/5.0 (Windows; U; Windows NT 5.1; pt-BR; rv:1.9.0.6) Gecko/2009011913 Firefox/3.0.6"
213.98.13.161 - - [04/Mar/2009:17:36:41 +0100] "GET /favicon.ico HTTP/1.1" 200 1406 "-" "Mozilla/5.0 (Macintosh; U; Intel Mac OS X 10.5; es-ES; rv:1.9.0.6) Gecko/2009011912 Firefox/3.0.6 GTB5"
116.75.81.106 - - [04/Mar/2009:17:38:20 +0100] "GET / HTTP/1.1" 200 10616 "-" "Mozilla/4.0 (compatible; MSIE 6.0; Windows NT 5.1)"
116.75.81.106 - - [04/Mar/2009:17:38:24 +0100] "GET /_css/modules/Index.css HTTP/1.1" 304 - "http://www.cloveretl.org/" "Mozilla/4.0 (compatible; MSIE 6.0; Windows NT 5.1)"
116.75.81.106 - - [04/Mar/2009:17:38:25 +0100] "GET /_img/tryitnow.gif HTTP/1.1" 304 - "http://www.cloveretl.org/" "Mozilla/4.0 (compatible; MSIE 6.0; Windows NT 5.1)"
116.75.81.106 - - [04/Mar/2009:17:38:27 +0100] "GET /_img/li_orange.gif HTTP/1.1" 304 - "http://www.cloveretl.org/" "Mozilla/4.0 (compatible; MSIE 6.0; Windows NT 5.1)"
116.75.81.106 - - [04/Mar/2009:17:38:27 +0100] "GET /_img/menu_top_new.gif HTTP/1.1" 304 - "http://www.cloveretl.org/" "Mozilla/4.0 (compatible; MSIE 6.0; Windows NT 5.1)"
116.75.81.106 - - [04/Mar/2009:17:38:28 +0100] "GET /_img/box_etl.gif HTTP/1.1" 206 20493 "http://www.cloveretl.org/" "Mozilla/4.0 (compatible; MSIE 6.0; Windows NT 5.1)"
116.75.81.106 - - [04/Mar/2009:17:38:36 +0100] "GET /_img/box_gui.jpg HTTP/1.1" 200 5712 "http://www.cloveretl.org/" "Mozilla/4.0 (compatible; MSIE 6.0; Windows NT 5.1)"
116.75.81.106 - - [04/Mar/2009:17:38:39 +0100] "GET /_img/li_blue.gif HTTP/1.1" 200 50 "http://www.cloveretl.org/" "Mozilla/4.0 (compatible; MSIE 6.0; Windows NT 5.1)"
116.75.81.106 - - [04/Mar/2009:17:38:39 +0100] "GET /_img/box_gray.gif HTTP/1.1" 304 - "http://www.cloveretl.org/" "Mozilla/4.0 (compatible; MSIE 6.0; Windows NT 5.1)"
116.75.81.106 - - [04/Mar/2009:17:38:40 +0100] "GET /_img/logo_clover.gif HTTP/1.1" 304 - "http://www.cloveretl.org/" "Mozilla/4.0 (compatible; MSIE 6.0; Windows NT 5.1)"
116.75.81.106 - - [04/Mar/2009:17:38:41 +0100] "GET /_img/menu_tab_left.gif HTTP/1.1" 304 - "http://www.cloveretl.org/" "Mozilla/4.0 (compatible; MSIE 6.0; Windows NT 5.1)"
116.75.81.106 - - [04/Mar/2009:17:38:42 +0100] "GET /_img/menu_tab_right.gif HTTP/1.1" 304 - "http://www.cloveretl.org/" "Mozilla/4.0 (compatible; MSIE 6.0; Windows NT 5.1)"
116.75.81.106 - - [04/Mar/2009:17:38:42 +0100] "GET /_img/motto_right.gif HTTP/1.1" 200 123 "http://www.cloveretl.org/" "Mozilla/4.0 (compatible; MSIE 6.0; Windows NT 5.1)"
116.75.81.106 - - [04/Mar/2009:17:38:43 +0100] "GET /_img/motto_left.gif HTTP/1.1" 200 79 "http://www.cloveretl.org/" "Mozilla/4.0 (compatible; MSIE 6.0; Windows NT 5.1)"
116.75.81.106 - - [04/Mar/2009:17:38:44 +0100] "GET /_img/motto_middle.gif HTTP/1.1" 200 259 "http://www.cloveretl.org/" "Mozilla/4.0 (compatible; MSIE 6.0; Windows NT 5.1)"
116.75.81.106 - - [04/Mar/2009:17:38:46 +0100] "GET /_img/box_green2.gif HTTP/1.1" 200 3891 "http://www.cloveretl.org/" "Mozilla/4.0 (compatible; MSIE 6.0; Windows NT 5.1)"
116.75.81.106 - - [04/Mar/2009:17:38:49 +0100] "GET /_img/heading_gray.gif HTTP/1.1" 304 - "http://www.cloveretl.org/" "Mozilla/4.0 (compatible; MSIE 6.0; Windows NT 5.1)"
116.75.81.106 - - [04/Mar/2009:17:38:50 +0100] "GET /_img/rss.gif HTTP/1.1" 200 1170 "http://www.cloveretl.org/" "Mozilla/4.0 (compatible; MSIE 6.0; Windows NT 5.1)"
116.75.81.106 - - [04/Mar/2009:17:38:51 +0100] "GET /_img/clock.gif HTTP/1.1" 200 57 "http://www.cloveretl.org/" "Mozilla/4.0 (compatible; MSIE 6.0; Windows NT 5.1)"
81.80.191.1 - - [04/Mar/2009:17:41:38 +0100] "GET /download/clover-etl/ HTTP/1.0" 200 10020 "http://hubpages.com/hub/CLOVER_ETL" "Mozilla/4.0 (compatible; MSIE 6.0; Windows NT 5.1; SV1)"
81.80.191.1 - - [04/Mar/2009:17:41:39 +0100] "GET /_css/general.css HTTP/1.0" 200 8831 "http://www.cloveretl.org/download/clover-etl/" "Mozilla/4.0 (compatible; MSIE 6.0; Windows NT 5.1; SV1)"
81.80.191.1 - - [04/Mar/2009:17:41:39 +0100] "GET /_img/menu_top_new.gif HTTP/1.0" 200 6872 "http://www.cloveretl.org/download/clover-etl/" "Mozilla/4.0 (compatible; MSIE 6.0; Windows NT 5.1; SV1)"
81.80.191.1 - - [04/Mar/2009:17:41:40 +0100] "GET /_img/box_gray.gif HTTP/1.0" 200 583 "http://www.cloveretl.org/download/clover-etl/" "Mozilla/4.0 (compatible; MSIE 6.0; Windows NT 5.1; SV1)"
81.80.191.1 - - [04/Mar/2009:17:41:40 +0100] "GET /_img/menu_tab_right.gif HTTP/1.0" 200 102 "http://www.cloveretl.org/download/clover-etl/" "Mozilla/4.0 (compatible; MSIE 6.0; Windows NT 5.1; SV1)"
81.80.191.1 - - [04/Mar/2009:17:41:40 +0100] "GET /_img/tip_bg.gif HTTP/1.0" 200 986 "http://www.cloveretl.org/download/clover-etl/" "Mozilla/4.0 (compatible; MSIE 6.0; Windows NT 5.1; SV1)"
81.80.191.1 - - [04/Mar/2009:17:41:39 +0100] "GET /_css/modules/Download.css HTTP/1.0" 200 136 "http://www.cloveretl.org/download/clover-etl/" "Mozilla/4.0 (compatible; MSIE 6.0; Windows NT 5.1; SV1)"
81.80.191.1 - - [04/Mar/2009:17:41:39 +0100] "GET /_img/content_top.gif HTTP/1.0" 200 67 "http://www.cloveretl.org/download/clover-etl/" "Mozilla/4.0 (compatible; MSIE 6.0; Windows NT 5.1; SV1)"
81.80.191.1 - - [04/Mar/2009:17:41:40 +0100] "GET /_img/logo_clover.gif HTTP/1.0" 200 3147 "http://www.cloveretl.org/download/clover-etl/" "Mozilla/4.0 (compatible; MSIE 6.0; Windows NT 5.1; SV1)"
81.80.191.1 - - [04/Mar/2009:17:41:40 +0100] "GET /_img/menu_left_top.gif HTTP/1.0" 200 157 "http://www.cloveretl.org/download/clover-etl/" "Mozilla/4.0 (compatible; MSIE 6.0; Windows NT 5.1; SV1)"
81.80.191.1 - - [04/Mar/2009:17:41:40 +0100] "GET /_img/section_heading.gif HTTP/1.0" 200 93 "http://www.cloveretl.org/download/clover-etl/" "Mozilla/4.0 (compatible; MSIE 6.0; Windows NT 5.1; SV1)"
81.80.191.1 - - [04/Mar/2009:17:41:40 +0100] "GET /_img/menu_left_border.gif HTTP/1.0" 200 43 "http://www.cloveretl.org/download/clover-etl/" "Mozilla/4.0 (compatible; MSIE 6.0; Windows NT 5.1; SV1)"
81.80.191.1 - - [04/Mar/2009:17:42:00 +0100] "GET /download/clover-etl/ HTTP/1.0" 200 10047 "-" "Mozilla/4.0 (compatible; MSIE 6.0; Windows NT 5.1; SV1)"
116.75.81.106 - - [04/Mar/2009:17:38:23 +0100] "GET /_css/general-ie.css HTTP/1.1" 304 - "http://www.cloveretl.org/" "Mozilla/4.0 (compatible; MSIE 6.0; Windows NT 5.1)"
116.75.81.106 - - [04/Mar/2009:17:38:24 +0100] "GET /_css/general.css HTTP/1.1" 304 - "http://www.cloveretl.org/" "Mozilla/4.0 (compatible; MSIE 6.0; Windows NT 5.1)"
116.75.81.106 - - [04/Mar/2009:17:38:27 +0100] "GET /_img/content_top.gif HTTP/1.1" 304 - "http://www.cloveretl.org/" "Mozilla/4.0 (compatible; MSIE 6.0; Windows NT 5.1)"
116.75.81.106 - - [04/Mar/2009:17:38:28 +0100] "GET /_img/box_serv_base_anim.gif HTTP/1.1" 206 89540 "http://www.cloveretl.org/" "Mozilla/4.0 (compatible; MSIE 6.0; Windows NT 5.1)"
81.80.191.1 - - [04/Mar/2009:17:41:39 +0100] "GET /_css/general-ie.css HTTP/1.0" 200 41 "http://www.cloveretl.org/download/clover-etl/" "Mozilla/4.0 (compatible; MSIE 6.0; Windows NT 5.1; SV1)"
81.80.191.1 - - [04/Mar/2009:17:41:39 +0100] "GET /_img/li_orange.gif HTTP/1.0" 200 50 "http://www.cloveretl.org/download/clover-etl/" "Mozilla/4.0 (compatible; MSIE 6.0; Windows NT 5.1; SV1)"
81.80.191.1 - - [04/Mar/2009:17:41:40 +0100] "GET /_img/grad_ltr.gif HTTP/1.0" 200 97 "http://www.cloveretl.org/download/clover-etl/" "Mozilla/4.0 (compatible; MSIE 6.0; Windows NT 5.1; SV1)"
81.80.191.1 - - [04/Mar/2009:17:41:40 +0100] "GET /_img/menu_tab_left.gif HTTP/1.0" 200 102 "http://www.cloveretl.org/download/clover-etl/" "Mozilla/4.0 (compatible; MSIE 6.0; Windows NT 5.1; SV1)"
81.80.191.1 - - [04/Mar/2009:17:41:40 +0100] "GET /_img/tip_clover.gif HTTP/1.0" 200 1157 "http://www.cloveretl.org/download/clover-etl/" "Mozilla/4.0 (compatible; MSIE 6.0; Windows NT 5.1; SV1)"
81.80.191.1 - - [04/Mar/2009:17:41:41 +0100] "GET /_img/heading_gray.gif HTTP/1.0" 200 156 "http://www.cloveretl.org/download/clover-etl/" "Mozilla/4.0 (compatible; MSIE 6.0; Windows NT 5.1; SV1)"
66.249.71.56 - - [04/Mar/2009:17:47:47 +0100] "GET /download/clover-gui/ HTTP/1.1" 200 10545 "-" "Mozilla/5.0 (compatible; Googlebot/2.1; +http://www.google.com/bot.html)"
