160.83.73.25 - - [04/Mar/2009:15:20:51 +0100] "GET /_css/general-ie.css HTTP/1.1" 200 41 "http://www.cloveretl.org/" "Mozilla/4.0 (compatible; MSIE 6.0; Windows NT 5.1; SV1; .NET CLR 1.1.4322; InfoPath.2; .NET CLR 2.0.50727; .NET CLR 3.0.04506.648; .NET CLR 3.5.21022)"
160.83.73.25 - - [04/Mar/2009:15:20:52 +0100] "GET /_img/li_orange.gif HTTP/1.1" 200 50 "http://www.cloveretl.org/" "Mozilla/4.0 (compatible; MSIE 6.0; Windows NT 5.1; SV1; .NET CLR 1.1.4322; InfoPath.2; .NET CLR 2.0.50727; .NET CLR 3.0.04506.648; .NET CLR 3.5.21022)"
160.83.73.25 - - [04/Mar/2009:15:20:52 +0100] "GET /_img/content_top.gif HTTP/1.1" 200 67 "http://www.cloveretl.org/" "Mozilla/4.0 (compatible; MSIE 6.0; Windows NT 5.1; SV1; .NET CLR 1.1.4322; InfoPath.2; .NET CLR 2.0.50727; .NET CLR 3.0.04506.648; .NET CLR 3.5.21022)"
160.83.73.25 - - [04/Mar/2009:15:20:52 +0100] "GET /_img/box_etl.gif HTTP/1.1" 200 38839 "http://www.cloveretl.org/" "Mozilla/4.0 (compatible; MSIE 6.0; Windows NT 5.1; SV1; .NET CLR 1.1.4322; InfoPath.2; .NET CLR 2.0.50727; .NET CLR 3.0.04506.648; .NET CLR 3.5.21022)"
160.83.73.25 - - [04/Mar/2009:15:20:53 +0100] "GET /_img/box_gui.jpg HTTP/1.1" 200 5712 "http://www.cloveretl.org/" "Mozilla/4.0 (compatible; MSIE 6.0; Windows NT 5.1; SV1; .NET CLR 1.1.4322; InfoPath.2; .NET CLR 2.0.50727; .NET CLR 3.0.04506.648; .NET CLR 3.5.21022)"
160.83.73.25 - - [04/Mar/2009:15:20:53 +0100] "GET /_img/li_blue.gif HTTP/1.1" 200 50 "http://www.cloveretl.org/" "Mozilla/4.0 (compatible; MSIE 6.0; Windows NT 5.1; SV1; .NET CLR 1.1.4322; InfoPath.2; .NET CLR 2.0.50727; .NET CLR 3.0.04506.648; .NET CLR 3.5.21022)"
160.83.73.25 - - [04/Mar/2009:15:20:54 +0100] "GET /_img/box_gray.gif HTTP/1.1" 200 583 "http://www.cloveretl.org/" "Mozilla/4.0 (compatible; MSIE 6.0; Windows NT 5.1; SV1; .NET CLR 1.1.4322; InfoPath.2; .NET CLR 2.0.50727; .NET CLR 3.0.04506.648; .NET CLR 3.5.21022)"
160.83.73.25 - - [04/Mar/2009:15:20:54 +0100] "GET /_img/menu_tab_left.gif HTTP/1.1" 200 102 "http://www.cloveretl.org/" "Mozilla/4.0 (compatible; MSIE 6.0; Windows NT 5.1; SV1; .NET CLR 1.1.4322; InfoPath.2; .NET CLR 2.0.50727; .NET CLR 3.0.04506.648; .NET CLR 3.5.21022)"
160.83.73.25 - - [04/Mar/2009:15:20:54 +0100] "GET /_img/motto_right.gif HTTP/1.1" 200 123 "http://www.cloveretl.org/" "Mozilla/4.0 (compatible; MSIE 6.0; Windows NT 5.1; SV1; .NET CLR 1.1.4322; InfoPath.2; .NET CLR 2.0.50727; .NET CLR 3.0.04506.648; .NET CLR 3.5.21022)"
160.83.73.25 - - [04/Mar/2009:15:20:54 +0100] "GET /_img/motto_middle.gif HTTP/1.1" 200 259 "http://www.cloveretl.org/" "Mozilla/4.0 (compatible; MSIE 6.0; Windows NT 5.1; SV1; .NET CLR 1.1.4322; InfoPath.2; .NET CLR 2.0.50727; .NET CLR 3.0.04506.648; .NET CLR 3.5.21022)"
160.83.73.25 - - [04/Mar/2009:15:20:54 +0100] "GET /_img/heading_gray.gif HTTP/1.1" 200 156 "http://www.cloveretl.org/" "Mozilla/4.0 (compatible; MSIE 6.0; Windows NT 5.1; SV1; .NET CLR 1.1.4322; InfoPath.2; .NET CLR 2.0.50727; .NET CLR 3.0.04506.648; .NET CLR 3.5.21022)"
160.83.73.25 - - [04/Mar/2009:15:20:54 +0100] "GET /_img/clock.gif HTTP/1.1" 200 57 "http://www.cloveretl.org/" "Mozilla/4.0 (compatible; MSIE 6.0; Windows NT 5.1; SV1; .NET CLR 1.1.4322; InfoPath.2; .NET CLR 2.0.50727; .NET CLR 3.0.04506.648; .NET CLR 3.5.21022)"
222.70.68.158 - - [04/Mar/2009:15:21:20 +0100] "GET /icons/blank.gif HTTP/1.1" 404 4650 "http://www.clovergui.net/eval-update/" "Mozilla/4.0 (compatible; MSIE 6.0; Windows NT 5.1; SV1; Maxthon)"
201.76.165.34 - - [04/Mar/2009:15:24:24 +0100] "GET /_img/motto_right.gif HTTP/1.0" 200 123 "http://www.cloveretl.org/_css/modules/Index.css" "Mozilla/5.0 (Windows; U; Windows NT 5.1; pt-BR; rv:1.9.0.6) Gecko/2009011913 Firefox/3.0.6"
201.76.165.34 - - [04/Mar/2009:15:24:31 +0100] "GET /download/ HTTP/1.0" 200 6090 "http://www.cloveretl.org/" "Mozilla/5.0 (Windows; U; Windows NT 5.1; pt-BR; rv:1.9.0.6) Gecko/2009011913 Firefox/3.0.6"
201.76.165.34 - - [04/Mar/2009:15:24:33 +0100] "GET /_img/menu_left_top.gif HTTP/1.0" 200 157 "http://www.cloveretl.org/_css/general.css" "Mozilla/5.0 (Windows; U; Windows NT 5.1; pt-BR; rv:1.9.0.6) Gecko/2009011913 Firefox/3.0.6"
222.70.68.158 - - [04/Mar/2009:15:26:39 +0100] "GET /_upload/clover-gui/docs/Clover_users_manual_2_1_2.pdf HTTP/1.1" 206 152830 "http://www.cloveretl.org/_upload/clover-gui/docs" "Mozilla/4.0 (compatible; MSIE 6.0; Windows NT 5.1; )"
222.70.68.158 - - [04/Mar/2009:15:26:49 +0100] "GET /_upload/clover-gui/docs/Clover_users_manual_2_1_2.pdf HTTP/1.1" 206 135409 "http://www.cloveretl.org/_upload/clover-gui/docs" "Mozilla/4.0 (compatible; MSIE 6.0; Windows NT 5.1; )"
77.94.32.33 - - [04/Mar/2009:15:26:56 +0100] "GET /_img/box_gui.jpg HTTP/1.0" 200 5712 "http://www.cloveretl.org/_css/modules/Index.css" "Mozilla/5.0 (X11; U; Linux i686; en-US; rv:1.9.0.6) Gecko/2009011912 Firefox/3.0.6"
222.70.68.158 - - [04/Mar/2009:15:21:45 +0100] "GET /download/clover-server/ HTTP/1.1" 200 8023 "http://www.cloveretl.org/download/clovermanual/" "Mozilla/4.0 (compatible; MSIE 6.0; Windows NT 5.1; SV1; Maxthon)"
77.94.32.33 - - [04/Mar/2009:15:26:55 +0100] "GET /_img/box_serv_base_anim.gif HTTP/1.0" 200 115178 "http://www.cloveretl.org/_css/modules/Index.css" "Mozilla/5.0 (X11; U; Linux i686; en-US; rv:1.9.0.6) Gecko/2009011912 Firefox/3.0.6"
77.94.32.33 - - [04/Mar/2009:15:26:56 +0100] "GET /_img/heading_gray.gif HTTP/1.0" 200 156 "http://www.cloveretl.org/_css/general.css" "Mozilla/5.0 (X11; U; Linux i686; en-US; rv:1.9.0.6) Gecko/2009011912 Firefox/3.0.6"
82.94.147.26 - - [04/Mar/2009:15:20:55 +0100] "GET /_img/li_orange.gif HTTP/1.1" 200 50 "http://www.cloveretl.org/" "Mozilla/5.0 (Windows; U; Windows NT 6.0; en-US; rv:1.9.0.6) Gecko/2009011913 Firefox/3.0.6 (.NET CLR 3.5.30729)"
82.94.147.26 - - [04/Mar/2009:15:20:55 +0100] "GET /_img/menu_tab_right.gif HTTP/1.1" 200 102 "http://www.cloveretl.org/_css/general.css" "Mozilla/5.0 (Windows; U; Windows NT 6.0; en-US; rv:1.9.0.6) Gecko/2009011913 Firefox/3.0.6 (.NET CLR 3.5.30729)"
82.94.147.26 - - [04/Mar/2009:15:20:56 +0100] "GET /_img/box_serv_base_anim.gif HTTP/1.1" 200 115178 "http://www.cloveretl.org/_css/modules/Index.css" "Mozilla/5.0 (Windows; U; Windows NT 6.0; en-US; rv:1.9.0.6) Gecko/2009011913 Firefox/3.0.6 (.NET CLR 3.5.30729)"
82.94.147.26 - - [04/Mar/2009:15:21:11 +0100] "GET /_img/clovergui/image02c_icon.png HTTP/1.1" 200 5653 "http://www.cloveretl.org/clover-gui/screenshots/" "Mozilla/5.0 (Windows; U; Windows NT 6.0; en-US; rv:1.9.0.6) Gecko/2009011913 Firefox/3.0.6 (.NET CLR 3.5.30729)"
82.94.147.26 - - [04/Mar/2009:15:21:12 +0100] "GET /_img/clovergui/Metadata_Wizard_Preview_icon.png HTTP/1.1" 200 11682 "http://www.cloveretl.org/clover-gui/screenshots/" "Mozilla/5.0 (Windows; U; Windows NT 6.0; en-US; rv:1.9.0.6) Gecko/2009011913 Firefox/3.0.6 (.NET CLR 3.5.30729)"
82.94.147.26 - - [04/Mar/2009:15:21:12 +0100] "GET /_img/menu_left_border.gif HTTP/1.1" 200 43 "http://www.cloveretl.org/_css/general.css" "Mozilla/5.0 (Windows; U; Windows NT 6.0; en-US; rv:1.9.0.6) Gecko/2009011913 Firefox/3.0.6 (.NET CLR 3.5.30729)"
82.94.147.26 - - [04/Mar/2009:15:21:13 +0100] "GET /_img/section_heading.gif HTTP/1.1" 200 93 "http://www.cloveretl.org/_css/general.css" "Mozilla/5.0 (Windows; U; Windows NT 6.0; en-US; rv:1.9.0.6) Gecko/2009011913 Firefox/3.0.6 (.NET CLR 3.5.30729)"
202.79.203.43 - - [04/Mar/2009:15:28:27 +0100] "GET /_css/modules/Index.css HTTP/1.0" 304 - "-" "Mozilla/4.0 (compatible;)"
222.70.68.158 - - [04/Mar/2009:15:29:07 +0100] "GET /_img/li_orange.gif HTTP/1.1" 304 - "http://www.cloveretl.org/download/clovermanual/" "Mozilla/4.0 (compatible; MSIE 6.0; Windows NT 5.1; SV1; Maxthon)"
116.227.217.61 - - [04/Mar/2009:15:29:20 +0100] "GET /_upload/clover-gui/docs/Clover_users_manual_2_1_2.pdf HTTP/1.1" 200 13787041 "http://www.cloveretl.org/documentation/" "Mozilla/4.0 (compatible; MSIE 6.0; Windows NT 5.1; SV1; Maxthon; Maxthon; .NET CLR 2.0.50727)"
222.70.68.158 - - [04/Mar/2009:15:21:32 +0100] "GET /_img/box_gray.gif HTTP/1.1" 304 - "http://www.cloveretl.org/download/clover-server/" "Mozilla/4.0 (compatible; MSIE 6.0; Windows NT 5.1; SV1; Maxthon)"
222.70.68.158 - - [04/Mar/2009:15:21:33 +0100] "GET /_img/menu_tab_left.gif HTTP/1.1" 304 - "http://www.cloveretl.org/download/clover-server/" "Mozilla/4.0 (compatible; MSIE 6.0; Windows NT 5.1; SV1; Maxthon)"
222.70.68.158 - - [04/Mar/2009:15:21:33 +0100] "GET /_img/menu_left_top.gif HTTP/1.1" 304 - "http://www.cloveretl.org/download/clover-server/" "Mozilla/4.0 (compatible; MSIE 6.0; Windows NT 5.1; SV1; Maxthon)"
222.70.68.158 - - [04/Mar/2009:15:21:34 +0100] "GET /_img/tip_clover.gif HTTP/1.1" 304 - "http://www.cloveretl.org/download/clover-server/" "Mozilla/4.0 (compatible; MSIE 6.0; Windows NT 5.1; SV1; Maxthon)"
222.70.68.158 - - [04/Mar/2009:15:21:34 +0100] "GET /_img/heading_gray.gif HTTP/1.1" 304 - "http://www.cloveretl.org/download/clover-server/" "Mozilla/4.0 (compatible; MSIE 6.0; Windows NT 5.1; SV1; Maxthon)"
222.70.68.158 - - [04/Mar/2009:15:21:44 +0100] "GET /_img/component_icon/SortWithinGroups-64x64.png HTTP/1.1" 200 3560 "http://www.cloveretl.org/download/clovermanual/" "Mozilla/4.0 (compatible; MSIE 6.0; Windows NT 5.1; SV1; Maxthon)"
80.187.96.166 - - [04/Mar/2009:15:30:11 +0100] "GET / HTTP/1.1" 200 10617 "-" "Mozilla/5.0 (Windows; U; Windows NT 6.0; de; rv:1.9.0.6) Gecko/2009011913 Firefox/3.0.6 (.NET CLR 3.5.30729)"
80.187.96.166 - - [04/Mar/2009:15:30:12 +0100] "GET /_css/general.css HTTP/1.1" 200 8831 "-" "Mozilla/5.0 (Windows; U; Windows NT 6.0; de; rv:1.9.0.6) Gecko/2009011913 Firefox/3.0.6 (.NET CLR 3.5.30729)"
80.187.96.166 - - [04/Mar/2009:15:30:12 +0100] "GET /_css/general.css HTTP/1.1" 200 8831 "http://www.cloveretl.org/" "Mozilla/5.0 (Windows; U; Windows NT 6.0; de; rv:1.9.0.6) Gecko/2009011913 Firefox/3.0.6 (.NET CLR 3.5.30729)"
80.187.96.166 - - [04/Mar/2009:15:30:13 +0100] "GET /_img/logo_clover.gif HTTP/1.1" 200 3147 "http://www.cloveretl.org/_css/general.css" "Mozilla/5.0 (Windows; U; Windows NT 6.0; de; rv:1.9.0.6) Gecko/2009011913 Firefox/3.0.6 (.NET CLR 3.5.30729)"
80.187.96.166 - - [04/Mar/2009:15:30:13 +0100] "GET /_img/motto_left.gif HTTP/1.1" 200 79 "http://www.cloveretl.org/_css/modules/Index.css" "Mozilla/5.0 (Windows; U; Windows NT 6.0; de; rv:1.9.0.6) Gecko/2009011913 Firefox/3.0.6 (.NET CLR 3.5.30729)"
80.187.96.166 - - [04/Mar/2009:15:30:14 +0100] "GET /favicon.ico HTTP/1.1" 200 1406 "-" "Mozilla/5.0 (Windows; U; Windows NT 6.0; de; rv:1.9.0.6) Gecko/2009011913 Firefox/3.0.6 (.NET CLR 3.5.30729)"
80.187.96.166 - - [04/Mar/2009:15:30:14 +0100] "GET /_img/box_gui.jpg HTTP/1.1" 200 5712 "http://www.cloveretl.org/_css/modules/Index.css" "Mozilla/5.0 (Windows; U; Windows NT 6.0; de; rv:1.9.0.6) Gecko/2009011913 Firefox/3.0.6 (.NET CLR 3.5.30729)"
80.187.96.166 - - [04/Mar/2009:15:30:15 +0100] "GET /_img/li_blue.gif HTTP/1.1" 200 50 "http://www.cloveretl.org/_css/modules/Index.css" "Mozilla/5.0 (Windows; U; Windows NT 6.0; de; rv:1.9.0.6) Gecko/2009011913 Firefox/3.0.6 (.NET CLR 3.5.30729)"
80.187.96.166 - - [04/Mar/2009:15:30:15 +0100] "GET /_img/box_gray.gif HTTP/1.1" 200 583 "http://www.cloveretl.org/_css/general.css" "Mozilla/5.0 (Windows; U; Windows NT 6.0; de; rv:1.9.0.6) Gecko/2009011913 Firefox/3.0.6 (.NET CLR 3.5.30729)"
80.187.96.166 - - [04/Mar/2009:15:30:16 +0100] "GET /_img/content_top.gif HTTP/1.1" 200 67 "http://www.cloveretl.org/_css/general.css" "Mozilla/5.0 (Windows; U; Windows NT 6.0; de; rv:1.9.0.6) Gecko/2009011913 Firefox/3.0.6 (.NET CLR 3.5.30729)"
80.187.96.166 - - [04/Mar/2009:15:30:16 +0100] "GET /_img/li_orange.gif HTTP/1.1" 200 50 "http://www.cloveretl.org/_css/general.css" "Mozilla/5.0 (Windows; U; Windows NT 6.0; de; rv:1.9.0.6) Gecko/2009011913 Firefox/3.0.6 (.NET CLR 3.5.30729)"
222.70.68.158 - - [04/Mar/2009:15:21:46 +0100] "GET /_img/component_icon/Merge-64x64.png HTTP/1.1" 200 4297 "http://www.cloveretl.org/download/clover-server/" "Mozilla/4.0 (compatible; MSIE 6.0; Windows NT 5.1; SV1; Maxthon)"
201.76.165.34 - - [04/Mar/2009:15:24:05 +0100] "GET /favicon.ico HTTP/1.0" 200 1406 "-" "Mozilla/5.0 (Windows; U; Windows NT 5.1; pt-BR; rv:1.9.0.6) Gecko/2009011913 Firefox/3.0.6"
201.76.165.34 - - [04/Mar/2009:15:24:08 +0100] "GET /_img/tryitnow.gif HTTP/1.0" 200 11168 "http://www.cloveretl.org/" "Mozilla/5.0 (Windows; U; Windows NT 5.1; pt-BR; rv:1.9.0.6) Gecko/2009011913 Firefox/3.0.6"
201.76.165.34 - - [04/Mar/2009:15:24:12 +0100] "GET /_img/menu_tab_left.gif HTTP/1.0" 200 102 "http://www.cloveretl.org/_css/general.css" "Mozilla/5.0 (Windows; U; Windows NT 5.1; pt-BR; rv:1.9.0.6) Gecko/2009011913 Firefox/3.0.6"
201.76.165.34 - - [04/Mar/2009:15:24:12 +0100] "GET /_img/box_etl.gif HTTP/1.0" 200 38839 "http://www.cloveretl.org/_css/modules/Index.css" "Mozilla/5.0 (Windows; U; Windows NT 5.1; pt-BR; rv:1.9.0.6) Gecko/2009011913 Firefox/3.0.6"
201.76.165.34 - - [04/Mar/2009:15:24:18 +0100] "GET /_img/heading_gray.gif HTTP/1.0" 200 156 "http://www.cloveretl.org/_css/general.css" "Mozilla/5.0 (Windows; U; Windows NT 5.1; pt-BR; rv:1.9.0.6) Gecko/2009011913 Firefox/3.0.6"
201.76.165.34 - - [04/Mar/2009:15:24:18 +0100] "GET /_img/rss.gif HTTP/1.0" 200 1170 "http://www.cloveretl.org/_css/general.css" "Mozilla/5.0 (Windows; U; Windows NT 5.1; pt-BR; rv:1.9.0.6) Gecko/2009011913 Firefox/3.0.6"
201.76.165.34 - - [04/Mar/2009:15:24:19 +0100] "GET /_img/clock.gif HTTP/1.0" 200 57 "http://www.cloveretl.org/_css/general.css" "Mozilla/5.0 (Windows; U; Windows NT 5.1; pt-BR; rv:1.9.0.6) Gecko/2009011913 Firefox/3.0.6"
222.70.68.158 - - [04/Mar/2009:15:24:43 +0100] "GET /download/clovermanual/Clover_users_manual_2_1_2.pdf HTTP/1.1" 200 212992 "http://www.cloveretl.org/download/clovermanual/" "Mozilla/4.0 (compatible; MSIE 6.0; Windows NT 5.1; SV1; Maxthon)"
80.187.96.166 - - [04/Mar/2009:15:30:12 +0100] "GET /_img/tryitnow.gif HTTP/1.1" 200 11168 "http://www.cloveretl.org/" "Mozilla/5.0 (Windows; U; Windows NT 6.0; de; rv:1.9.0.6) Gecko/2009011913 Firefox/3.0.6 (.NET CLR 3.5.30729)"
80.187.96.166 - - [04/Mar/2009:15:30:14 +0100] "GET /_img/box_serv_base_anim.gif HTTP/1.1" 200 115178 "http://www.cloveretl.org/_css/modules/Index.css" "Mozilla/5.0 (Windows; U; Windows NT 6.0; de; rv:1.9.0.6) Gecko/2009011913 Firefox/3.0.6 (.NET CLR 3.5.30729)"
80.187.96.166 - - [04/Mar/2009:15:30:50 +0100] "GET /clover-server/buy HTTP/1.1" 200 7314 "http://www.cloveretl.org/" "Mozilla/5.0 (Windows; U; Windows NT 6.0; de; rv:1.9.0.6) Gecko/2009011913 Firefox/3.0.6 (.NET CLR 3.5.30729)"
80.187.96.166 - - [04/Mar/2009:15:30:50 +0100] "GET /_img/component_icon/JMSWriter-64x64.png HTTP/1.1" 200 6807 "http://www.cloveretl.org/clover-server/buy" "Mozilla/5.0 (Windows; U; Windows NT 6.0; de; rv:1.9.0.6) Gecko/2009011913 Firefox/3.0.6 (.NET CLR 3.5.30729)"
80.187.96.166 - - [04/Mar/2009:15:30:12 +0100] "GET /_css/modules/Index.css HTTP/1.1" 200 3161 "-" "Mozilla/5.0 (Windows; U; Windows NT 6.0; de; rv:1.9.0.6) Gecko/2009011913 Firefox/3.0.6 (.NET CLR 3.5.30729)"
80.187.96.166 - - [04/Mar/2009:15:30:12 +0100] "GET /_img/li_orange.gif HTTP/1.1" 200 50 "http://www.cloveretl.org/" "Mozilla/5.0 (Windows; U; Windows NT 6.0; de; rv:1.9.0.6) Gecko/2009011913 Firefox/3.0.6 (.NET CLR 3.5.30729)"
80.187.96.166 - - [04/Mar/2009:15:30:13 +0100] "GET /_img/menu_tab_left.gif HTTP/1.1" 200 102 "http://www.cloveretl.org/_css/general.css" "Mozilla/5.0 (Windows; U; Windows NT 6.0; de; rv:1.9.0.6) Gecko/2009011913 Firefox/3.0.6 (.NET CLR 3.5.30729)"
80.187.96.166 - - [04/Mar/2009:15:30:13 +0100] "GET /_img/motto_right.gif HTTP/1.1" 200 123 "http://www.cloveretl.org/_css/modules/Index.css" "Mozilla/5.0 (Windows; U; Windows NT 6.0; de; rv:1.9.0.6) Gecko/2009011913 Firefox/3.0.6 (.NET CLR 3.5.30729)"
80.187.96.166 - - [04/Mar/2009:15:30:13 +0100] "GET /_img/motto_middle.gif HTTP/1.1" 200 259 "http://www.cloveretl.org/_css/modules/Index.css" "Mozilla/5.0 (Windows; U; Windows NT 6.0; de; rv:1.9.0.6) Gecko/2009011913 Firefox/3.0.6 (.NET CLR 3.5.30729)"
80.187.96.166 - - [04/Mar/2009:15:30:14 +0100] "GET /_img/box_etl.gif HTTP/1.1" 200 38839 "http://www.cloveretl.org/_css/modules/Index.css" "Mozilla/5.0 (Windows; U; Windows NT 6.0; de; rv:1.9.0.6) Gecko/2009011913 Firefox/3.0.6 (.NET CLR 3.5.30729)"
80.187.96.166 - - [04/Mar/2009:15:30:15 +0100] "GET /_img/box_green2.gif HTTP/1.1" 200 3891 "http://www.cloveretl.org/_css/general.css" "Mozilla/5.0 (Windows; U; Windows NT 6.0; de; rv:1.9.0.6) Gecko/2009011913 Firefox/3.0.6 (.NET CLR 3.5.30729)"
80.187.96.166 - - [04/Mar/2009:15:30:16 +0100] "GET /_img/heading_gray.gif HTTP/1.1" 200 156 "http://www.cloveretl.org/_css/general.css" "Mozilla/5.0 (Windows; U; Windows NT 6.0; de; rv:1.9.0.6) Gecko/2009011913 Firefox/3.0.6 (.NET CLR 3.5.30729)"
80.187.96.166 - - [04/Mar/2009:15:30:16 +0100] "GET /_img/rss.gif HTTP/1.1" 200 1170 "http://www.cloveretl.org/_css/general.css" "Mozilla/5.0 (Windows; U; Windows NT 6.0; de; rv:1.9.0.6) Gecko/2009011913 Firefox/3.0.6 (.NET CLR 3.5.30729)"
80.187.96.166 - - [04/Mar/2009:15:30:16 +0100] "GET /_img/menu_tab_right.gif HTTP/1.1" 200 102 "http://www.cloveretl.org/_css/general.css" "Mozilla/5.0 (Windows; U; Windows NT 6.0; de; rv:1.9.0.6) Gecko/2009011913 Firefox/3.0.6 (.NET CLR 3.5.30729)"
80.187.96.166 - - [04/Mar/2009:15:30:16 +0100] "GET /_img/clock.gif HTTP/1.1" 200 57 "http://www.cloveretl.org/_css/general.css" "Mozilla/5.0 (Windows; U; Windows NT 6.0; de; rv:1.9.0.6) Gecko/2009011913 Firefox/3.0.6 (.NET CLR 3.5.30729)"
80.187.96.166 - - [04/Mar/2009:15:30:51 +0100] "GET /_img/menu_left_top.gif HTTP/1.1" 200 157 "http://www.cloveretl.org/_css/general.css" "Mozilla/5.0 (Windows; U; Windows NT 6.0; de; rv:1.9.0.6) Gecko/2009011913 Firefox/3.0.6 (.NET CLR 3.5.30729)"
222.70.68.158 - - [04/Mar/2009:15:21:22 +0100] "GET /icons/folder.gif HTTP/1.1" 404 4651 "http://www.clovergui.net/eval-update/" "Mozilla/4.0 (compatible; MSIE 6.0; Windows NT 5.1; SV1; Maxthon)"
222.70.68.158 - - [04/Mar/2009:15:21:29 +0100] "GET /_img/li_orange.gif HTTP/1.1" 304 - "http://www.cloveretl.org/download/clover-gui/" "Mozilla/4.0 (compatible; MSIE 6.0; Windows NT 5.1; SV1; Maxthon)"
195.137.177.243 - - [04/Mar/2009:15:30:38 +0100] "GET /rss/news.xml HTTP/1.1" 200 5772 "-" "RSSOwl/2.0.0.200804242342 (Windows; U; en)"
80.187.96.166 - - [04/Mar/2009:15:30:51 +0100] "GET /_img/menu_left_border.gif HTTP/1.1" 200 43 "http://www.cloveretl.org/_css/general.css" "Mozilla/5.0 (Windows; U; Windows NT 6.0; de; rv:1.9.0.6) Gecko/2009011913 Firefox/3.0.6 (.NET CLR 3.5.30729)"
80.187.96.166 - - [04/Mar/2009:15:30:52 +0100] "GET /_img/section_heading.gif HTTP/1.1" 200 93 "http://www.cloveretl.org/_css/general.css" "Mozilla/5.0 (Windows; U; Windows NT 6.0; de; rv:1.9.0.6) Gecko/2009011913 Firefox/3.0.6 (.NET CLR 3.5.30729)"
77.94.32.33 - - [04/Mar/2009:15:32:07 +0100] "GET /_img/grad_ltr.gif HTTP/1.0" 200 97 "http://www.cloveretl.org/_css/general.css" "Mozilla/5.0 (X11; U; Linux i686; en-US; rv:1.9.0.6) Gecko/2009011912 Firefox/3.0.6"
77.94.32.33 - - [04/Mar/2009:15:32:10 +0100] "GET /download/clover-gui/ HTTP/1.0" 200 10617 "http://www.cloveretl.org/download/clover-etl/" "Mozilla/5.0 (X11; U; Linux i686; en-US; rv:1.9.0.6) Gecko/2009011912 Firefox/3.0.6"
77.94.32.33 - - [04/Mar/2009:15:32:05 +0100] "GET /_img/section_heading.gif HTTP/1.0" 200 93 "http://www.cloveretl.org/_css/general.css" "Mozilla/5.0 (X11; U; Linux i686; en-US; rv:1.9.0.6) Gecko/2009011912 Firefox/3.0.6"
201.76.165.34 - - [04/Mar/2009:15:24:50 +0100] "GET /_img/tip_clover.gif HTTP/1.0" 200 1157 "http://www.cloveretl.org/_css/general.css" "Mozilla/5.0 (Windows; U; Windows NT 5.1; pt-BR; rv:1.9.0.6) Gecko/2009011913 Firefox/3.0.6"
222.70.68.158 - - [04/Mar/2009:15:25:33 +0100] "GET /_upload/clover-gui/docs/Clover_users_manual_2_1_2.pdf HTTP/1.1" 206 129355 "http://www.cloveretl.org/_upload/clover-gui/docs" "Mozilla/4.0 (compatible; MSIE 6.0; Windows NT 5.1; )"
222.70.68.158 - - [04/Mar/2009:15:25:42 +0100] "GET /_upload/clover-gui/docs/Clover_users_manual_2_1_2.pdf HTTP/1.1" 206 1410114 "http://www.cloveretl.org/_upload/clover-gui/docs" "Mozilla/4.0 (compatible; MSIE 6.0; Windows NT 5.1; )"
77.94.32.33 - - [04/Mar/2009:15:33:26 +0100] "GET /_img/clovergui/Graf_icon.png HTTP/1.0" 200 11126 "http://www.cloveretl.org/clover-gui/screenshots/" "Mozilla/5.0 (X11; U; Linux i686; en-US; rv:1.9.0.6) Gecko/2009011912 Firefox/3.0.6"
77.94.32.33 - - [04/Mar/2009:15:33:27 +0100] "GET /_img/clovergui/03Source_icon.png HTTP/1.0" 200 9128 "http://www.cloveretl.org/clover-gui/screenshots/" "Mozilla/5.0 (X11; U; Linux i686; en-US; rv:1.9.0.6) Gecko/2009011912 Firefox/3.0.6"
77.94.32.33 - - [04/Mar/2009:15:33:27 +0100] "GET /_img/clovergui/image03a_icon.png HTTP/1.0" 200 5834 "http://www.cloveretl.org/clover-gui/screenshots/" "Mozilla/5.0 (X11; U; Linux i686; en-US; rv:1.9.0.6) Gecko/2009011912 Firefox/3.0.6"
77.94.32.33 - - [04/Mar/2009:15:33:27 +0100] "GET /_img/clovergui/Paleta_parsed_icon.png HTTP/1.0" 200 5137 "http://www.cloveretl.org/clover-gui/screenshots/" "Mozilla/5.0 (X11; U; Linux i686; en-US; rv:1.9.0.6) Gecko/2009011912 Firefox/3.0.6"
77.94.32.33 - - [04/Mar/2009:15:32:03 +0100] "GET /_css/modules/Download.css HTTP/1.0" 200 136 "http://www.cloveretl.org/download/clover-etl/" "Mozilla/5.0 (X11; U; Linux i686; en-US; rv:1.9.0.6) Gecko/2009011912 Firefox/3.0.6"
77.94.32.33 - - [04/Mar/2009:15:32:04 +0100] "GET /_img/menu_left_top.gif HTTP/1.0" 200 157 "http://www.cloveretl.org/_css/general.css" "Mozilla/5.0 (X11; U; Linux i686; en-US; rv:1.9.0.6) Gecko/2009011912 Firefox/3.0.6"
77.94.32.33 - - [04/Mar/2009:15:33:26 +0100] "GET /_img/component_icon/ApproximativeJoin-64x64.png HTTP/1.0" 200 3073 "http://www.cloveretl.org/clover-gui/screenshots/" "Mozilla/5.0 (X11; U; Linux i686; en-US; rv:1.9.0.6) Gecko/2009011912 Firefox/3.0.6"
77.94.32.33 - - [04/Mar/2009:15:33:28 +0100] "GET /_img/clovergui/DB_browser_view_icon.png HTTP/1.0" 200 7413 "http://www.cloveretl.org/clover-gui/screenshots/" "Mozilla/5.0 (X11; U; Linux i686; en-US; rv:1.9.0.6) Gecko/2009011912 Firefox/3.0.6"
77.94.32.33 - - [04/Mar/2009:15:33:28 +0100] "GET /_img/clovergui/Filter_expression_icon.png HTTP/1.0" 200 5470 "http://www.cloveretl.org/clover-gui/screenshots/" "Mozilla/5.0 (X11; U; Linux i686; en-US; rv:1.9.0.6) Gecko/2009011912 Firefox/3.0.6"
80.187.96.166 - - [04/Mar/2009:15:30:51 +0100] "GET /_img/tip_bg.gif HTTP/1.1" 200 986 "http://www.cloveretl.org/_css/general.css" "Mozilla/5.0 (Windows; U; Windows NT 6.0; de; rv:1.9.0.6) Gecko/2009011913 Firefox/3.0.6 (.NET CLR 3.5.30729)"
77.94.32.33 - - [04/Mar/2009:15:32:02 +0100] "GET /download/clover-etl/ HTTP/1.0" 200 9998 "http://www.cloveretl.org/" "Mozilla/5.0 (X11; U; Linux i686; en-US; rv:1.9.0.6) Gecko/2009011912 Firefox/3.0.6"
77.94.32.33 - - [04/Mar/2009:15:32:04 +0100] "GET /_img/tip_bg.gif HTTP/1.0" 200 986 "http://www.cloveretl.org/_css/general.css" "Mozilla/5.0 (X11; U; Linux i686; en-US; rv:1.9.0.6) Gecko/2009011912 Firefox/3.0.6"
77.94.32.33 - - [04/Mar/2009:15:32:33 +0100] "GET /_img/logo_opensys.gif HTTP/1.0" 200 3856 "http://www.cloveretl.org/clover/" "Mozilla/5.0 (X11; U; Linux i686; en-US; rv:1.9.0.6) Gecko/2009011912 Firefox/3.0.6"
77.94.32.33 - - [04/Mar/2009:15:32:34 +0100] "GET /_img/component_icon/SimpleGather-64x64.png HTTP/1.0" 200 4437 "http://www.cloveretl.org/clover/" "Mozilla/5.0 (X11; U; Linux i686; en-US; rv:1.9.0.6) Gecko/2009011912 Firefox/3.0.6"
77.94.32.33 - - [04/Mar/2009:15:33:06 +0100] "GET /clover-etl/ HTTP/1.0" 200 10940 "http://www.cloveretl.org/clover/" "Mozilla/5.0 (X11; U; Linux i686; en-US; rv:1.9.0.6) Gecko/2009011912 Firefox/3.0.6"
77.94.32.33 - - [04/Mar/2009:15:33:26 +0100] "GET /_img/clovergui/image02c_icon.png HTTP/1.0" 200 5653 "http://www.cloveretl.org/clover-gui/screenshots/" "Mozilla/5.0 (X11; U; Linux i686; en-US; rv:1.9.0.6) Gecko/2009011912 Firefox/3.0.6"
77.94.32.33 - - [04/Mar/2009:15:33:27 +0100] "GET /_img/clovergui/DB_browser_query_icon.png HTTP/1.0" 200 3176 "http://www.cloveretl.org/clover-gui/screenshots/" "Mozilla/5.0 (X11; U; Linux i686; en-US; rv:1.9.0.6) Gecko/2009011912 Firefox/3.0.6"
77.94.32.33 - - [04/Mar/2009:15:33:28 +0100] "GET /_img/clovergui/CloverLog_icon.png HTTP/1.0" 200 11669 "http://www.cloveretl.org/clover-gui/screenshots/" "Mozilla/5.0 (X11; U; Linux i686; en-US; rv:1.9.0.6) Gecko/2009011912 Firefox/3.0.6"
222.70.68.158 - - [04/Mar/2009:15:32:16 +0100] "GET /_img/logo_clover.gif HTTP/1.1" 304 - "http://www.cloveretl.org/download/clovermanual/" "Mozilla/4.0 (compatible; MSIE 6.0; Windows NT 5.1; SV1; Maxthon)"
77.94.32.33 - - [04/Mar/2009:15:33:25 +0100] "GET /clover-gui/screenshots/ HTTP/1.0" 200 13153 "http://www.cloveretl.org/clover-etl/" "Mozilla/5.0 (X11; U; Linux i686; en-US; rv:1.9.0.6) Gecko/2009011912 Firefox/3.0.6"
77.94.32.33 - - [04/Mar/2009:15:33:26 +0100] "GET /_img/clovergui/image02b_icon.png HTTP/1.0" 200 5365 "http://www.cloveretl.org/clover-gui/screenshots/" "Mozilla/5.0 (X11; U; Linux i686; en-US; rv:1.9.0.6) Gecko/2009011912 Firefox/3.0.6"
77.94.32.33 - - [04/Mar/2009:15:33:27 +0100] "GET /_img/clovergui/Metadata_Wizard_Preview_icon.png HTTP/1.0" 200 11682 "http://www.cloveretl.org/clover-gui/screenshots/" "Mozilla/5.0 (X11; U; Linux i686; en-US; rv:1.9.0.6) Gecko/2009011912 Firefox/3.0.6"
77.94.32.33 - - [04/Mar/2009:15:33:28 +0100] "GET /_img/clovergui/Data_tracking_icon.png HTTP/1.0" 200 12761 "http://www.cloveretl.org/clover-gui/screenshots/" "Mozilla/5.0 (X11; U; Linux i686; en-US; rv:1.9.0.6) Gecko/2009011912 Firefox/3.0.6"
90.191.60.186 - - [04/Mar/2009:15:24:19 +0100] "GET / HTTP/1.1" 200 10616 "-" "Mozilla/5.0 (Windows; U; Windows NT 5.1; et; rv:1.9.0.6) Gecko/2009011913 Firefox/3.0.6 (.NET CLR 3.5.30729)"
90.191.60.186 - - [04/Mar/2009:15:24:19 +0100] "GET /_img/logo_clover.gif HTTP/1.1" 200 3147 "http://www.cloveretl.org/_css/general.css" "Mozilla/5.0 (Windows; U; Windows NT 5.1; et; rv:1.9.0.6) Gecko/2009011913 Firefox/3.0.6 (.NET CLR 3.5.30729)"
90.191.60.186 - - [04/Mar/2009:15:24:19 +0100] "GET /_img/content_top.gif HTTP/1.1" 200 67 "http://www.cloveretl.org/_css/general.css" "Mozilla/5.0 (Windows; U; Windows NT 5.1; et; rv:1.9.0.6) Gecko/2009011913 Firefox/3.0.6 (.NET CLR 3.5.30729)"
90.191.60.186 - - [04/Mar/2009:15:24:19 +0100] "GET /_img/motto_middle.gif HTTP/1.1" 200 259 "http://www.cloveretl.org/_css/modules/Index.css" "Mozilla/5.0 (Windows; U; Windows NT 5.1; et; rv:1.9.0.6) Gecko/2009011913 Firefox/3.0.6 (.NET CLR 3.5.30729)"
90.191.60.186 - - [04/Mar/2009:15:24:20 +0100] "GET /_img/box_gui.jpg HTTP/1.1" 200 5712 "http://www.cloveretl.org/_css/modules/Index.css" "Mozilla/5.0 (Windows; U; Windows NT 5.1; et; rv:1.9.0.6) Gecko/2009011913 Firefox/3.0.6 (.NET CLR 3.5.30729)"
90.191.60.186 - - [04/Mar/2009:15:24:20 +0100] "GET /_img/heading_gray.gif HTTP/1.1" 200 156 "http://www.cloveretl.org/_css/general.css" "Mozilla/5.0 (Windows; U; Windows NT 5.1; et; rv:1.9.0.6) Gecko/2009011913 Firefox/3.0.6 (.NET CLR 3.5.30729)"
90.191.60.186 - - [04/Mar/2009:15:24:20 +0100] "GET /_img/clock.gif HTTP/1.1" 200 57 "http://www.cloveretl.org/_css/general.css" "Mozilla/5.0 (Windows; U; Windows NT 5.1; et; rv:1.9.0.6) Gecko/2009011913 Firefox/3.0.6 (.NET CLR 3.5.30729)"
222.70.68.158 - - [04/Mar/2009:15:24:46 +0100] "GET /download/clovermanual/Clover_users_manual_2_1_2.pdf HTTP/1.1" 200 16384 "http://www.cloveretl.org/download/clovermanual" "Mozilla/4.0 (compatible; MSIE 6.0; Windows NT 5.1; )"
222.70.68.158 - - [04/Mar/2009:15:29:10 +0100] "GET /_img/li_orange.gif HTTP/1.1" 304 - "http://www.cloveretl.org/download/clovermanual/" "Mozilla/4.0 (compatible; MSIE 6.0; Windows NT 5.1; SV1; Maxthon)"
80.187.96.166 - - [04/Mar/2009:15:30:51 +0100] "GET /_img/tip_clover.gif HTTP/1.1" 200 1157 "http://www.cloveretl.org/_css/general.css" "Mozilla/5.0 (Windows; U; Windows NT 6.0; de; rv:1.9.0.6) Gecko/2009011913 Firefox/3.0.6 (.NET CLR 3.5.30729)"
77.94.32.33 - - [04/Mar/2009:15:32:06 +0100] "GET /_img/tip_clover.gif HTTP/1.0" 200 1157 "http://www.cloveretl.org/_css/general.css" "Mozilla/5.0 (X11; U; Linux i686; en-US; rv:1.9.0.6) Gecko/2009011912 Firefox/3.0.6"
77.94.32.33 - - [04/Mar/2009:15:32:11 +0100] "GET /_img/component_icon/XMLWriter-64x64.png HTTP/1.0" 200 5704 "http://www.cloveretl.org/download/clover-gui/" "Mozilla/5.0 (X11; U; Linux i686; en-US; rv:1.9.0.6) Gecko/2009011912 Firefox/3.0.6"
77.94.32.33 - - [04/Mar/2009:15:33:08 +0100] "GET /_img/component_icon/XLSDataWriter-64x64.png HTTP/1.0" 200 6024 "http://www.cloveretl.org/clover-etl/" "Mozilla/5.0 (X11; U; Linux i686; en-US; rv:1.9.0.6) Gecko/2009011912 Firefox/3.0.6"
77.94.32.33 - - [04/Mar/2009:15:33:26 +0100] "GET /_img/clovergui/image02a_icon.png HTTP/1.0" 200 5371 "http://www.cloveretl.org/clover-gui/screenshots/" "Mozilla/5.0 (X11; U; Linux i686; en-US; rv:1.9.0.6) Gecko/2009011912 Firefox/3.0.6"
77.94.32.33 - - [04/Mar/2009:15:33:27 +0100] "GET /_img/clovergui/DB_connection_wizard_icon.png HTTP/1.0" 200 6892 "http://www.cloveretl.org/clover-gui/screenshots/" "Mozilla/5.0 (X11; U; Linux i686; en-US; rv:1.9.0.6) Gecko/2009011912 Firefox/3.0.6"
77.94.32.33 - - [04/Mar/2009:15:33:28 +0100] "GET /_img/clovergui/GraphTrackingTab_icon.png HTTP/1.0" 200 9931 "http://www.cloveretl.org/clover-gui/screenshots/" "Mozilla/5.0 (X11; U; Linux i686; en-US; rv:1.9.0.6) Gecko/2009011912 Firefox/3.0.6"
90.177.74.151 - - [04/Mar/2009:15:35:19 +0100] "GET /rss/news.xml HTTP/1.1" 200 5772 "-" "Mozilla/5.0 (Macintosh; U; Intel Mac OS X; en-US; rv:1.8.1.19) Gecko/20081209 Lightning/0.9 Thunderbird/2.0.0.19"
67.195.37.176 - - [04/Mar/2009:15:35:44 +0100] "GET /robots.txt HTTP/1.0" 404 4645 "-" "Mozilla/5.0 (compatible; Yahoo! Slurp; http://help.yahoo.com/help/us/ysearch/slurp)"
80.187.96.166 - - [04/Mar/2009:15:30:12 +0100] "GET /_css/modules/Index.css HTTP/1.1" 200 3161 "http://www.cloveretl.org/" "Mozilla/5.0 (Windows; U; Windows NT 6.0; de; rv:1.9.0.6) Gecko/2009011913 Firefox/3.0.6 (.NET CLR 3.5.30729)"
80.187.96.166 - - [04/Mar/2009:15:30:13 +0100] "GET /_img/menu_top_new.gif HTTP/1.1" 200 6872 "http://www.cloveretl.org/_css/general.css" "Mozilla/5.0 (Windows; U; Windows NT 6.0; de; rv:1.9.0.6) Gecko/2009011913 Firefox/3.0.6 (.NET CLR 3.5.30729)"
77.94.32.33 - - [04/Mar/2009:15:32:04 +0100] "GET /_img/menu_left_border.gif HTTP/1.0" 200 43 "http://www.cloveretl.org/_css/general.css" "Mozilla/5.0 (X11; U; Linux i686; en-US; rv:1.9.0.6) Gecko/2009011912 Firefox/3.0.6"
77.94.32.33 - - [04/Mar/2009:15:32:31 +0100] "GET /clover/ HTTP/1.0" 200 9827 "http://www.cloveretl.org/download/clover-gui/" "Mozilla/5.0 (X11; U; Linux i686; en-US; rv:1.9.0.6) Gecko/2009011912 Firefox/3.0.6"
77.94.32.33 - - [04/Mar/2009:15:33:28 +0100] "GET /_img/clovergui/image03b_icon.png HTTP/1.0" 200 5187 "http://www.cloveretl.org/clover-gui/screenshots/" "Mozilla/5.0 (X11; U; Linux i686; en-US; rv:1.9.0.6) Gecko/2009011912 Firefox/3.0.6"
67.195.37.163 - - [04/Mar/2009:15:36:06 +0100] "GET / HTTP/1.0" 200 10617 "-" "Mozilla/5.0 (compatible; Yahoo! DE Slurp; http://help.yahoo.com/help/us/ysearch/slurp)"
77.94.32.33 - - [04/Mar/2009:15:33:28 +0100] "GET /_img/clovergui/03_icon.png HTTP/1.0" 200 8217 "http://www.cloveretl.org/clover-gui/screenshots/" "Mozilla/5.0 (X11; U; Linux i686; en-US; rv:1.9.0.6) Gecko/2009011912 Firefox/3.0.6"
77.94.32.33 - - [04/Mar/2009:15:34:11 +0100] "GET /download/clover-etl/cloverETL.rel-2-6-2.zip HTTP/1.0" 200 7036345 "http://www.cloveretl.org/download/clover-etl/" "Mozilla/5.0 (X11; U; Linux i686; en-US; rv:1.9.0.6) Gecko/2009011912 Firefox/3.0.6"
77.94.32.33 - - [04/Mar/2009:15:33:28 +0100] "GET /clover-gui/ HTTP/1.0" 200 8684 "http://www.cloveretl.org/clover-etl/" "Mozilla/5.0 (X11; U; Linux i686; en-US; rv:1.9.0.6) Gecko/2009011912 Firefox/3.0.6"
77.94.32.33 - - [04/Mar/2009:15:33:46 +0100] "GET /_img/clovergui/Graf.png HTTP/1.0" 200 149767 "http://www.cloveretl.org/clover-gui/screenshots/" "Mozilla/5.0 (X11; U; Linux i686; en-US; rv:1.9.0.6) Gecko/2009011912 Firefox/3.0.6"
77.94.32.33 - - [04/Mar/2009:15:33:57 +0100] "GET /clover-etl/ HTTP/1.0" 200 10697 "http://www.cloveretl.org/clover-gui/" "Mozilla/5.0 (X11; U; Linux i686; en-US; rv:1.9.0.6) Gecko/2009011912 Firefox/3.0.6"
80.56.240.48 - - [04/Mar/2009:15:38:28 +0100] "GET /_css/general.css HTTP/1.1" 200 8831 "http://www.cloveretl.org/" "Mozilla/5.0 (Windows; U; Windows NT 5.1; en-US) AppleWebKit/528.16 (KHTML, like Gecko) Version/4.0 Safari/528.16"
80.56.240.48 - - [04/Mar/2009:15:38:28 +0100] "GET /_img/logo_clover.gif HTTP/1.1" 200 3147 "http://www.cloveretl.org/" "Mozilla/5.0 (Windows; U; Windows NT 5.1; en-US) AppleWebKit/528.16 (KHTML, like Gecko) Version/4.0 Safari/528.16"
80.56.240.48 - - [04/Mar/2009:15:38:28 +0100] "GET /_img/menu_tab_left.gif HTTP/1.1" 200 102 "http://www.cloveretl.org/" "Mozilla/5.0 (Windows; U; Windows NT 5.1; en-US) AppleWebKit/528.16 (KHTML, like Gecko) Version/4.0 Safari/528.16"
80.56.240.48 - - [04/Mar/2009:15:38:28 +0100] "GET /_img/motto_middle.gif HTTP/1.1" 200 259 "http://www.cloveretl.org/" "Mozilla/5.0 (Windows; U; Windows NT 5.1; en-US) AppleWebKit/528.16 (KHTML, like Gecko) Version/4.0 Safari/528.16"
80.56.240.48 - - [04/Mar/2009:15:38:29 +0100] "GET /_img/box_etl.gif HTTP/1.1" 200 38839 "http://www.cloveretl.org/" "Mozilla/5.0 (Windows; U; Windows NT 5.1; en-US) AppleWebKit/528.16 (KHTML, like Gecko) Version/4.0 Safari/528.16"
80.56.240.48 - - [04/Mar/2009:15:38:30 +0100] "GET /_img/box_gray.gif HTTP/1.1" 200 583 "http://www.cloveretl.org/" "Mozilla/5.0 (Windows; U; Windows NT 5.1; en-US) AppleWebKit/528.16 (KHTML, like Gecko) Version/4.0 Safari/528.16"
114.111.36.26 - - [04/Mar/2009:15:38:15 +0100] "GET /robots.txt HTTP/1.1" 404 4645 "-" "Mozilla/4.0 (compatible; NaverBot/1.0; http://help.naver.com/customer_webtxt_02.jsp)"
114.111.36.26 - - [04/Mar/2009:15:38:16 +0100] "GET / HTTP/1.1" 200 10616 "-" "Mozilla/4.0 (compatible; NaverBot/1.0; http://help.naver.com/customer_webtxt_02.jsp)"
80.56.240.48 - - [04/Mar/2009:15:38:28 +0100] "GET /_css/modules/Index.css HTTP/1.1" 200 3161 "http://www.cloveretl.org/" "Mozilla/5.0 (Windows; U; Windows NT 5.1; en-US) AppleWebKit/528.16 (KHTML, like Gecko) Version/4.0 Safari/528.16"
80.56.240.48 - - [04/Mar/2009:15:38:28 +0100] "GET /_img/motto_left.gif HTTP/1.1" 200 79 "http://www.cloveretl.org/" "Mozilla/5.0 (Windows; U; Windows NT 5.1; en-US) AppleWebKit/528.16 (KHTML, like Gecko) Version/4.0 Safari/528.16"
80.56.240.48 - - [04/Mar/2009:15:38:28 +0100] "GET /_img/section_heading.gif HTTP/1.1" 200 93 "http://www.cloveretl.org/" "Mozilla/5.0 (Windows; U; Windows NT 5.1; en-US) AppleWebKit/528.16 (KHTML, like Gecko) Version/4.0 Safari/528.16"
80.56.240.48 - - [04/Mar/2009:15:38:29 +0100] "GET /_img/box_green2.gif HTTP/1.1" 200 3891 "http://www.cloveretl.org/" "Mozilla/5.0 (Windows; U; Windows NT 5.1; en-US) AppleWebKit/528.16 (KHTML, like Gecko) Version/4.0 Safari/528.16"
80.56.240.48 - - [04/Mar/2009:15:38:29 +0100] "GET /_img/box_gui.jpg HTTP/1.1" 200 5712 "http://www.cloveretl.org/" "Mozilla/5.0 (Windows; U; Windows NT 5.1; en-US) AppleWebKit/528.16 (KHTML, like Gecko) Version/4.0 Safari/528.16"
80.56.240.48 - - [04/Mar/2009:15:38:30 +0100] "GET /_img/rss.gif HTTP/1.1" 200 1170 "http://www.cloveretl.org/" "Mozilla/5.0 (Windows; U; Windows NT 5.1; en-US) AppleWebKit/528.16 (KHTML, like Gecko) Version/4.0 Safari/528.16"
80.56.240.48 - - [04/Mar/2009:15:38:27 +0100] "GET / HTTP/1.1" 200 10616 "http://www.google.com/search?client=safari&rls=en&q=ETL%20tool&ie=UTF-8&oe=UTF-8" "Mozilla/5.0 (Windows; U; Windows NT 5.1; en-US) AppleWebKit/528.16 (KHTML, like Gecko) Version/4.0 Safari/528.16"
80.56.240.48 - - [04/Mar/2009:15:38:28 +0100] "GET /_img/li_orange.gif HTTP/1.1" 200 50 "http://www.cloveretl.org/" "Mozilla/5.0 (Windows; U; Windows NT 5.1; en-US) AppleWebKit/528.16 (KHTML, like Gecko) Version/4.0 Safari/528.16"
80.56.240.48 - - [04/Mar/2009:15:38:28 +0100] "GET /_img/menu_top_new.gif HTTP/1.1" 200 6872 "http://www.cloveretl.org/" "Mozilla/5.0 (Windows; U; Windows NT 5.1; en-US) AppleWebKit/528.16 (KHTML, like Gecko) Version/4.0 Safari/528.16"
80.56.240.48 - - [04/Mar/2009:15:38:28 +0100] "GET /_img/motto_right.gif HTTP/1.1" 200 123 "http://www.cloveretl.org/" "Mozilla/5.0 (Windows; U; Windows NT 5.1; en-US) AppleWebKit/528.16 (KHTML, like Gecko) Version/4.0 Safari/528.16"
80.56.240.48 - - [04/Mar/2009:15:38:29 +0100] "GET /_img/content_top.gif HTTP/1.1" 200 67 "http://www.cloveretl.org/" "Mozilla/5.0 (Windows; U; Windows NT 5.1; en-US) AppleWebKit/528.16 (KHTML, like Gecko) Version/4.0 Safari/528.16"
80.56.240.48 - - [04/Mar/2009:15:38:29 +0100] "GET /_img/li_blue.gif HTTP/1.1" 200 50 "http://www.cloveretl.org/" "Mozilla/5.0 (Windows; U; Windows NT 5.1; en-US) AppleWebKit/528.16 (KHTML, like Gecko) Version/4.0 Safari/528.16"
80.56.240.48 - - [04/Mar/2009:15:38:29 +0100] "GET /_img/clock.gif HTTP/1.1" 200 57 "http://www.cloveretl.org/" "Mozilla/5.0 (Windows; U; Windows NT 5.1; en-US) AppleWebKit/528.16 (KHTML, like Gecko) Version/4.0 Safari/528.16"
80.56.240.48 - - [04/Mar/2009:15:38:30 +0100] "GET /favicon.ico HTTP/1.1" 200 1406 "http://www.cloveretl.org/" "Mozilla/5.0 (Windows; U; Windows NT 5.1; en-US) AppleWebKit/528.16 (KHTML, like Gecko) Version/4.0 Safari/528.16"
80.56.240.48 - - [04/Mar/2009:15:38:49 +0100] "GET /_img/menu_left_border.gif HTTP/1.1" 200 43 "http://www.cloveretl.org/clover-server/buy" "Mozilla/5.0 (Windows; U; Windows NT 5.1; en-US) AppleWebKit/528.16 (KHTML, like Gecko) Version/4.0 Safari/528.16"
80.56.240.48 - - [04/Mar/2009:15:38:48 +0100] "GET /clover-server/buy HTTP/1.1" 200 7040 "http://www.cloveretl.org/" "Mozilla/5.0 (Windows; U; Windows NT 5.1; en-US) AppleWebKit/528.16 (KHTML, like Gecko) Version/4.0 Safari/528.16"
80.56.240.48 - - [04/Mar/2009:15:38:49 +0100] "GET /_img/tip_bg.gif HTTP/1.1" 200 986 "http://www.cloveretl.org/clover-server/buy" "Mozilla/5.0 (Windows; U; Windows NT 5.1; en-US) AppleWebKit/528.16 (KHTML, like Gecko) Version/4.0 Safari/528.16"
80.56.240.48 - - [04/Mar/2009:15:38:28 +0100] "GET /_img/tryitnow.gif HTTP/1.1" 200 11168 "http://www.cloveretl.org/" "Mozilla/5.0 (Windows; U; Windows NT 5.1; en-US) AppleWebKit/528.16 (KHTML, like Gecko) Version/4.0 Safari/528.16"
80.56.240.48 - - [04/Mar/2009:15:38:28 +0100] "GET /_img/menu_tab_right.gif HTTP/1.1" 200 102 "http://www.cloveretl.org/" "Mozilla/5.0 (Windows; U; Windows NT 5.1; en-US) AppleWebKit/528.16 (KHTML, like Gecko) Version/4.0 Safari/528.16"
80.56.240.48 - - [04/Mar/2009:15:38:28 +0100] "GET /_img/box_serv_base_anim.gif HTTP/1.1" 200 115178 "http://www.cloveretl.org/" "Mozilla/5.0 (Windows; U; Windows NT 5.1; en-US) AppleWebKit/528.16 (KHTML, like Gecko) Version/4.0 Safari/528.16"
80.56.240.48 - - [04/Mar/2009:15:38:30 +0100] "GET /_img/heading_gray.gif HTTP/1.1" 200 156 "http://www.cloveretl.org/" "Mozilla/5.0 (Windows; U; Windows NT 5.1; en-US) AppleWebKit/528.16 (KHTML, like Gecko) Version/4.0 Safari/528.16"
80.56.240.48 - - [04/Mar/2009:15:38:49 +0100] "GET /_img/tip_clover.gif HTTP/1.1" 200 1157 "http://www.cloveretl.org/clover-server/buy" "Mozilla/5.0 (Windows; U; Windows NT 5.1; en-US) AppleWebKit/528.16 (KHTML, like Gecko) Version/4.0 Safari/528.16"
80.56.240.48 - - [04/Mar/2009:15:38:49 +0100] "GET /_img/menu_left_top.gif HTTP/1.1" 200 157 "http://www.cloveretl.org/clover-server/buy" "Mozilla/5.0 (Windows; U; Windows NT 5.1; en-US) AppleWebKit/528.16 (KHTML, like Gecko) Version/4.0 Safari/528.16"
218.109.144.249 - - [04/Mar/2009:15:40:50 +0100] "GET / HTTP/1.1" 200 10616 "-" "Mozilla/4.0 (compatible; MSIE 7.0; Windows NT 6.0;  Embedded Web Browser from: http://bsalsa.com/; SLCC1; .NET CLR 2.0.50727; Media Center PC 5.0; .NET CLR 3.5.30729; .NET CLR 3.0.30618; MAXTHON 2.0)"
90.191.60.186 - - [04/Mar/2009:15:24:19 +0100] "GET /favicon.ico HTTP/1.1" 200 1406 "-" "Mozilla/5.0 (Windows; U; Windows NT 5.1; et; rv:1.9.0.6) Gecko/2009011913 Firefox/3.0.6 (.NET CLR 3.5.30729)"
90.191.60.186 - - [04/Mar/2009:15:24:19 +0100] "GET /_img/menu_top_new.gif HTTP/1.1" 200 6872 "http://www.cloveretl.org/_css/general.css" "Mozilla/5.0 (Windows; U; Windows NT 5.1; et; rv:1.9.0.6) Gecko/2009011913 Firefox/3.0.6 (.NET CLR 3.5.30729)"
90.191.60.186 - - [04/Mar/2009:15:24:19 +0100] "GET /_img/box_serv_base_anim.gif HTTP/1.1" 200 115178 "http://www.cloveretl.org/_css/modules/Index.css" "Mozilla/5.0 (Windows; U; Windows NT 5.1; et; rv:1.9.0.6) Gecko/2009011913 Firefox/3.0.6 (.NET CLR 3.5.30729)"
222.70.68.158 - - [04/Mar/2009:15:24:49 +0100] "GET /_upload/clover-gui/docs/Clover_users_manual_2_1_2.pdf HTTP/1.1" 206 524288 "http://www.cloveretl.org/_upload/clover-gui/docs" "Mozilla/4.0 (compatible; MSIE 6.0; Windows NT 5.1; )"
222.70.68.158 - - [04/Mar/2009:15:26:24 +0100] "GET /download/clovermanual/Clover_users_manual_2_1_2.pdf HTTP/1.1" 200 16384 "http://www.cloveretl.org/download/clovermanual" "Mozilla/4.0 (compatible; MSIE 6.0; Windows NT 5.1; )"
65.55.211.78 - - [04/Mar/2009:15:39:52 +0100] "GET /clover-server/comparison/ HTTP/1.1" 200 11435 "-" "msnbot/1.1 (+http://search.msn.com/msnbot.htm)"
218.109.144.249 - - [04/Mar/2009:15:40:51 +0100] "GET /_css/general.css HTTP/1.1" 200 8831 "http://www.cloveretl.org/" "Mozilla/4.0 (compatible; MSIE 7.0; Windows NT 6.0;  Embedded Web Browser from: http://bsalsa.com/; SLCC1; .NET CLR 2.0.50727; Media Center PC 5.0; .NET CLR 3.5.30729; .NET CLR 3.0.30618; MAXTHON 2.0)"
218.109.144.249 - - [04/Mar/2009:15:40:51 +0100] "GET /_css/modules/Index.css HTTP/1.1" 200 3161 "http://www.cloveretl.org/" "Mozilla/4.0 (compatible; MSIE 7.0; Windows NT 6.0;  Embedded Web Browser from: http://bsalsa.com/; SLCC1; .NET CLR 2.0.50727; Media Center PC 5.0; .NET CLR 3.5.30729; .NET CLR 3.0.30618; MAXTHON 2.0)"
222.70.68.158 - - [04/Mar/2009:15:29:08 +0100] "GET /download/examples/ HTTP/1.1" 200 8611 "http://www.cloveretl.org/download/clovermanual/" "Mozilla/4.0 (compatible; MSIE 6.0; Windows NT 5.1; SV1; Maxthon)"
38.98.19.111 - - [04/Mar/2009:15:41:52 +0100] "GET / HTTP/1.0" 200 10616 "-" "Snapbot/1.0 (Snap Shots, +http://www.snap.com)"
38.98.19.111 - - [04/Mar/2009:15:41:50 +0100] "GET /robots.txt HTTP/1.0" 404 4645 "-" "Snapbot/1.0 (Snap Shots, +http://www.snap.com)"
201.76.165.34 - - [04/Mar/2009:15:24:34 +0100] "GET /_img/section_heading.gif HTTP/1.0" 200 93 "http://www.cloveretl.org/_css/general.css" "Mozilla/5.0 (Windows; U; Windows NT 5.1; pt-BR; rv:1.9.0.6) Gecko/2009011913 Firefox/3.0.6"
201.76.165.34 - - [04/Mar/2009:15:24:43 +0100] "GET /_css/modules/Download.css HTTP/1.0" 200 136 "http://www.cloveretl.org/download/clover-etl/" "Mozilla/5.0 (Windows; U; Windows NT 5.1; pt-BR; rv:1.9.0.6) Gecko/2009011913 Firefox/3.0.6"
201.76.165.34 - - [04/Mar/2009:15:24:52 +0100] "GET /_img/grad_ltr.gif HTTP/1.0" 200 97 "http://www.cloveretl.org/_css/general.css" "Mozilla/5.0 (Windows; U; Windows NT 5.1; pt-BR; rv:1.9.0.6) Gecko/2009011913 Firefox/3.0.6"
201.76.165.34 - - [04/Mar/2009:15:24:53 +0100] "GET /_img/menu_left_border.gif HTTP/1.0" 200 43 "http://www.cloveretl.org/_css/general.css" "Mozilla/5.0 (Windows; U; Windows NT 5.1; pt-BR; rv:1.9.0.6) Gecko/2009011913 Firefox/3.0.6"
201.76.165.34 - - [04/Mar/2009:15:25:04 +0100] "GET /download/clover-etl/cloverETL.rel-2-6-2.zip HTTP/1.0" 200 7036345 "http://www.cloveretl.org/download/clover-etl/" "Mozilla/5.0 (Windows; U; Windows NT 5.1; pt-BR; rv:1.9.0.6) Gecko/2009011913 Firefox/3.0.6"
194.51.20.126 - - [04/Mar/2009:15:43:11 +0100] "GET /_css/modules/Download.css HTTP/1.1" 200 136 "http://www.cloveretl.org/download/clover-etl/" "Mozilla/5.0 (Windows; U; Windows NT 5.1; fr; rv:1.8.1.20) Gecko/20081217 Firefox/2.0.0.20"
194.51.20.126 - - [04/Mar/2009:15:43:17 +0100] "GET /_img/menu_left_top.gif HTTP/1.1" 200 157 "http://www.cloveretl.org/_css/general.css" "Mozilla/5.0 (Windows; U; Windows NT 5.1; fr; rv:1.8.1.20) Gecko/20081217 Firefox/2.0.0.20"
116.227.217.61 - - [04/Mar/2009:15:29:25 +0100] "GET /_upload/clover-gui/docs/Clover_users_manual_2_1_2.pdf HTTP/1.1" 206 13767354 "-" "Mozilla/4.0 (compatible; MSIE 6.0; Windows NT 5.1; SV1; Maxthon; Maxthon; .NET CLR 2.0.50727)"
194.51.20.126 - - [04/Mar/2009:15:43:12 +0100] "GET /_img/section_heading.gif HTTP/1.1" 200 93 "http://www.cloveretl.org/_css/general.css" "Mozilla/5.0 (Windows; U; Windows NT 5.1; fr; rv:1.8.1.20) Gecko/20081217 Firefox/2.0.0.20"
194.51.20.126 - - [04/Mar/2009:15:43:22 +0100] "GET /_img/tip_bg.gif HTTP/1.1" 200 986 "http://www.cloveretl.org/_css/general.css" "Mozilla/5.0 (Windows; U; Windows NT 5.1; fr; rv:1.8.1.20) Gecko/20081217 Firefox/2.0.0.20"
222.70.68.158 - - [04/Mar/2009:15:24:51 +0100] "GET /_upload/clover-gui/docs/Clover_users_manual_2_1_2.pdf HTTP/1.1" 206 124583 "http://www.cloveretl.org/_upload/clover-gui/docs" "Mozilla/4.0 (compatible; MSIE 6.0; Windows NT 5.1; )"
222.70.68.158 - - [04/Mar/2009:15:25:01 +0100] "GET /_upload/clover-gui/docs/Clover_users_manual_2_1_2.pdf HTTP/1.1" 206 1213422 "http://www.cloveretl.org/_upload/clover-gui/docs" "Mozilla/4.0 (compatible; MSIE 6.0; Windows NT 5.1; )"
222.70.68.158 - - [04/Mar/2009:15:26:31 +0100] "GET /_upload/clover-gui/docs/Clover_users_manual_2_1_2.pdf HTTP/1.1" 206 356673 "http://www.cloveretl.org/_upload/clover-gui/docs" "Mozilla/4.0 (compatible; MSIE 6.0; Windows NT 5.1; )"
222.70.68.158 - - [04/Mar/2009:15:26:53 +0100] "GET /_upload/clover-gui/docs/Clover_users_manual_2_1_2.pdf HTTP/1.1" 206 64147 "http://www.cloveretl.org/_upload/clover-gui/docs" "Mozilla/4.0 (compatible; MSIE 6.0; Windows NT 5.1; )"
222.70.68.158 - - [04/Mar/2009:15:27:01 +0100] "GET /_upload/clover-gui/docs/Clover_users_manual_2_1_2.pdf HTTP/1.1" 206 5163 "http://www.cloveretl.org/_upload/clover-gui/docs" "Mozilla/4.0 (compatible; MSIE 6.0; Windows NT 5.1; )"
222.70.68.158 - - [04/Mar/2009:15:27:04 +0100] "GET /download/clovermanual/Clover_users_manual_2_1_2.pdf HTTP/1.1" 200 16384 "http://www.cloveretl.org/download/clovermanual" "Mozilla/4.0 (compatible; MSIE 6.0; Windows NT 5.1; )"
222.70.68.158 - - [04/Mar/2009:15:32:00 +0100] "GET /documentation/clover-etl/ HTTP/1.1" 200 7777 "http://www.cloveretl.org/download/clovermanual/" "Mozilla/4.0 (compatible; MSIE 6.0; Windows NT 5.1; SV1; Maxthon)"
222.70.68.158 - - [04/Mar/2009:15:32:12 +0100] "GET /development/ HTTP/1.1" 200 7260 "http://www.cloveretl.org/download/clovermanual/" "Mozilla/4.0 (compatible; MSIE 6.0; Windows NT 5.1; SV1; Maxthon)"
194.51.20.126 - - [04/Mar/2009:15:44:47 +0100] "GET /clover-etl/ HTTP/1.1" 200 10757 "http://www.cloveretl.org/" "Mozilla/5.0 (Windows; U; Windows NT 5.1; fr; rv:1.8.1.20) Gecko/20081217 Firefox/2.0.0.20"
195.137.177.243 - - [04/Mar/2009:15:45:38 +0100] "GET /rss/news.xml HTTP/1.1" 200 5772 "-" "RSSOwl/2.0.0.200804242342 (Windows; U; en)"
201.76.165.34 - - [04/Mar/2009:15:24:08 +0100] "GET /_css/modules/Index.css HTTP/1.0" 200 3161 "http://www.cloveretl.org/" "Mozilla/5.0 (Windows; U; Windows NT 5.1; pt-BR; rv:1.9.0.6) Gecko/2009011913 Firefox/3.0.6"
201.76.165.34 - - [04/Mar/2009:15:24:11 +0100] "GET /_img/menu_tab_right.gif HTTP/1.0" 200 102 "http://www.cloveretl.org/_css/general.css" "Mozilla/5.0 (Windows; U; Windows NT 5.1; pt-BR; rv:1.9.0.6) Gecko/2009011913 Firefox/3.0.6"
201.76.165.34 - - [04/Mar/2009:15:24:12 +0100] "GET /_img/motto_left.gif HTTP/1.0" 200 79 "http://www.cloveretl.org/_css/modules/Index.css" "Mozilla/5.0 (Windows; U; Windows NT 5.1; pt-BR; rv:1.9.0.6) Gecko/2009011913 Firefox/3.0.6"
201.76.165.34 - - [04/Mar/2009:15:24:12 +0100] "GET /_img/motto_middle.gif HTTP/1.0" 200 259 "http://www.cloveretl.org/_css/modules/Index.css" "Mozilla/5.0 (Windows; U; Windows NT 5.1; pt-BR; rv:1.9.0.6) Gecko/2009011913 Firefox/3.0.6"
201.76.165.34 - - [04/Mar/2009:15:24:12 +0100] "GET /_img/box_serv_base_anim.gif HTTP/1.0" 200 115178 "http://www.cloveretl.org/_css/modules/Index.css" "Mozilla/5.0 (Windows; U; Windows NT 5.1; pt-BR; rv:1.9.0.6) Gecko/2009011913 Firefox/3.0.6"
222.70.68.158 - - [04/Mar/2009:15:29:51 +0100] "GET /_img/li_orange.gif HTTP/1.1" 304 - "http://www.cloveretl.org/download/clovermanual/" "Mozilla/4.0 (compatible; MSIE 6.0; Windows NT 5.1; SV1; Maxthon)"
222.70.68.158 - - [04/Mar/2009:15:29:52 +0100] "GET /download/examples/ HTTP/1.1" 200 8895 "http://www.cloveretl.org/download/clovermanual/" "Mozilla/4.0 (compatible; MSIE 6.0; Windows NT 5.1; SV1; Maxthon)"
66.249.71.55 - - [04/Mar/2009:15:49:14 +0100] "GET /_upload/clover-gui/video-tutorial/05metadata_customers_DB.swf HTTP/1.1" 200 6048200 "-" "Mozilla/5.0 (compatible; Googlebot/2.1; +http://www.google.com/bot.html)"
194.51.20.126 - - [04/Mar/2009:15:42:59 +0100] "GET /download/clover-etl/ HTTP/1.1" 200 9998 "http://www.cloveretl.org/" "Mozilla/5.0 (Windows; U; Windows NT 5.1; fr; rv:1.8.1.20) Gecko/20081217 Firefox/2.0.0.20"
194.51.20.126 - - [04/Mar/2009:15:43:11 +0100] "GET /_img/menu_left_border.gif HTTP/1.1" 200 43 "http://www.cloveretl.org/_css/general.css" "Mozilla/5.0 (Windows; U; Windows NT 5.1; fr; rv:1.8.1.20) Gecko/20081217 Firefox/2.0.0.20"
194.51.20.126 - - [04/Mar/2009:15:43:17 +0100] "GET /_img/grad_ltr.gif HTTP/1.1" 200 97 "http://www.cloveretl.org/_css/general.css" "Mozilla/5.0 (Windows; U; Windows NT 5.1; fr; rv:1.8.1.20) Gecko/20081217 Firefox/2.0.0.20"
194.51.20.126 - - [04/Mar/2009:15:43:47 +0100] "GET /download/clover-etl/cloverETL.rel-2-6-2.zip HTTP/1.1" 200 7036345 "http://www.cloveretl.org/download/clover-etl/" "Mozilla/5.0 (Windows; U; Windows NT 5.1; fr; rv:1.8.1.20) Gecko/20081217 Firefox/2.0.0.20"
62.160.247.252 - - [04/Mar/2009:15:50:48 +0100] "GET /clover/ HTTP/1.1" 200 9262 "http://www.cloveretl.org/" "Mozilla/4.0 (compatible; MSIE 7.0; Windows NT 5.1; .NET CLR 1.1.4322)"
62.160.247.252 - - [04/Mar/2009:15:50:48 +0100] "GET /_img/logo_opensys.gif HTTP/1.1" 200 3856 "http://www.cloveretl.org/clover/" "Mozilla/4.0 (compatible; MSIE 7.0; Windows NT 5.1; .NET CLR 1.1.4322)"
62.160.247.252 - - [04/Mar/2009:15:50:48 +0100] "GET /_img/li_orange.gif HTTP/1.1" 304 - "http://www.cloveretl.org/clover/" "Mozilla/4.0 (compatible; MSIE 7.0; Windows NT 5.1; .NET CLR 1.1.4322)"
62.160.247.252 - - [04/Mar/2009:15:50:48 +0100] "GET /_img/menu_left_border.gif HTTP/1.1" 200 43 "http://www.cloveretl.org/clover/" "Mozilla/4.0 (compatible; MSIE 7.0; Windows NT 5.1; .NET CLR 1.1.4322)"
