160.83.73.25 - - [04/Mar/2009:15:20:51 +0100] "GET /favicon.ico HTTP/1.1" 200 1406 "-" "Mozilla/4.0 (compatible; MSIE 6.0; Windows NT 5.1; SV1; .NET CLR 1.1.4322; InfoPath.2; .NET CLR 2.0.50727; .NET CLR 3.0.04506.648; .NET CLR 3.5.21022)"
160.83.73.25 - - [04/Mar/2009:15:20:52 +0100] "GET /_img/menu_top_new.gif HTTP/1.1" 200 6872 "http://www.cloveretl.org/" "Mozilla/4.0 (compatible; MSIE 6.0; Windows NT 5.1; SV1; .NET CLR 1.1.4322; InfoPath.2; .NET CLR 2.0.50727; .NET CLR 3.0.04506.648; .NET CLR 3.5.21022)"
160.83.73.25 - - [04/Mar/2009:15:20:52 +0100] "GET /_img/box_serv_base_anim.gif HTTP/1.1" 200 115178 "http://www.cloveretl.org/" "Mozilla/4.0 (compatible; MSIE 6.0; Windows NT 5.1; SV1; .NET CLR 1.1.4322; InfoPath.2; .NET CLR 2.0.50727; .NET CLR 3.0.04506.648; .NET CLR 3.5.21022)"
160.83.73.25 - - [04/Mar/2009:15:20:54 +0100] "GET /_img/tryitnow.gif HTTP/1.1" 200 11168 "http://www.cloveretl.org/" "Mozilla/4.0 (compatible; MSIE 6.0; Windows NT 5.1; SV1; .NET CLR 1.1.4322; InfoPath.2; .NET CLR 2.0.50727; .NET CLR 3.0.04506.648; .NET CLR 3.5.21022)"
160.83.73.25 - - [04/Mar/2009:15:20:54 +0100] "GET /_img/logo_clover.gif HTTP/1.1" 200 3147 "http://www.cloveretl.org/" "Mozilla/4.0 (compatible; MSIE 6.0; Windows NT 5.1; SV1; .NET CLR 1.1.4322; InfoPath.2; .NET CLR 2.0.50727; .NET CLR 3.0.04506.648; .NET CLR 3.5.21022)"
160.83.73.25 - - [04/Mar/2009:15:20:54 +0100] "GET /_img/menu_tab_right.gif HTTP/1.1" 200 102 "http://www.cloveretl.org/" "Mozilla/4.0 (compatible; MSIE 6.0; Windows NT 5.1; SV1; .NET CLR 1.1.4322; InfoPath.2; .NET CLR 2.0.50727; .NET CLR 3.0.04506.648; .NET CLR 3.5.21022)"
160.83.73.25 - - [04/Mar/2009:15:20:54 +0100] "GET /_img/motto_left.gif HTTP/1.1" 200 79 "http://www.cloveretl.org/" "Mozilla/4.0 (compatible; MSIE 6.0; Windows NT 5.1; SV1; .NET CLR 1.1.4322; InfoPath.2; .NET CLR 2.0.50727; .NET CLR 3.0.04506.648; .NET CLR 3.5.21022)"
160.83.73.25 - - [04/Mar/2009:15:20:54 +0100] "GET /_img/box_green2.gif HTTP/1.1" 200 3891 "http://www.cloveretl.org/" "Mozilla/4.0 (compatible; MSIE 6.0; Windows NT 5.1; SV1; .NET CLR 1.1.4322; InfoPath.2; .NET CLR 2.0.50727; .NET CLR 3.0.04506.648; .NET CLR 3.5.21022)"
160.83.73.25 - - [04/Mar/2009:15:20:54 +0100] "GET /_img/rss.gif HTTP/1.1" 200 1170 "http://www.cloveretl.org/" "Mozilla/4.0 (compatible; MSIE 6.0; Windows NT 5.1; SV1; .NET CLR 1.1.4322; InfoPath.2; .NET CLR 2.0.50727; .NET CLR 3.0.04506.648; .NET CLR 3.5.21022)"
222.70.68.158 - - [04/Mar/2009:15:21:20 +0100] "GET /icons/back.gif HTTP/1.1" 404 4649 "http://www.clovergui.net/eval-update/" "Mozilla/4.0 (compatible; MSIE 6.0; Windows NT 5.1; SV1; Maxthon)"
222.70.68.158 - - [04/Mar/2009:15:21:20 +0100] "GET /icons/text.gif HTTP/1.1" 404 4649 "http://www.clovergui.net/eval-update/" "Mozilla/4.0 (compatible; MSIE 6.0; Windows NT 5.1; SV1; Maxthon)"
222.70.68.158 - - [04/Mar/2009:15:21:31 +0100] "GET /_css/general.css HTTP/1.1" 304 - "http://www.cloveretl.org/download/clover-server/" "Mozilla/4.0 (compatible; MSIE 6.0; Windows NT 5.1; SV1; Maxthon)"
222.70.68.158 - - [04/Mar/2009:15:21:31 +0100] "GET /_css/modules/Download.css HTTP/1.1" 304 - "http://www.cloveretl.org/download/clover-server/" "Mozilla/4.0 (compatible; MSIE 6.0; Windows NT 5.1; SV1; Maxthon)"
222.70.68.158 - - [04/Mar/2009:15:21:32 +0100] "GET /_img/menu_top_new.gif HTTP/1.1" 304 - "http://www.cloveretl.org/download/clover-server/" "Mozilla/4.0 (compatible; MSIE 6.0; Windows NT 5.1; SV1; Maxthon)"
222.70.68.158 - - [04/Mar/2009:15:21:32 +0100] "GET /_img/content_top.gif HTTP/1.1" 304 - "http://www.cloveretl.org/download/clover-server/" "Mozilla/4.0 (compatible; MSIE 6.0; Windows NT 5.1; SV1; Maxthon)"
82.94.147.26 - - [04/Mar/2009:15:20:55 +0100] "GET /_css/modules/Index.css HTTP/1.1" 200 3161 "http://www.cloveretl.org/" "Mozilla/5.0 (Windows; U; Windows NT 6.0; en-US; rv:1.9.0.6) Gecko/2009011913 Firefox/3.0.6 (.NET CLR 3.5.30729)"
82.94.147.26 - - [04/Mar/2009:15:20:55 +0100] "GET /_img/content_top.gif HTTP/1.1" 200 67 "http://www.cloveretl.org/_css/general.css" "Mozilla/5.0 (Windows; U; Windows NT 6.0; en-US; rv:1.9.0.6) Gecko/2009011913 Firefox/3.0.6 (.NET CLR 3.5.30729)"
82.94.147.26 - - [04/Mar/2009:15:20:56 +0100] "GET /_img/box_etl.gif HTTP/1.1" 200 38839 "http://www.cloveretl.org/_css/modules/Index.css" "Mozilla/5.0 (Windows; U; Windows NT 6.0; en-US; rv:1.9.0.6) Gecko/2009011913 Firefox/3.0.6 (.NET CLR 3.5.30729)"
82.94.147.26 - - [04/Mar/2009:15:21:11 +0100] "GET /_img/clovergui/image02a_icon.png HTTP/1.1" 200 5371 "http://www.cloveretl.org/clover-gui/screenshots/" "Mozilla/5.0 (Windows; U; Windows NT 6.0; en-US; rv:1.9.0.6) Gecko/2009011913 Firefox/3.0.6 (.NET CLR 3.5.30729)"
82.94.147.26 - - [04/Mar/2009:15:21:12 +0100] "GET /_img/clovergui/03Source_icon.png HTTP/1.1" 200 9128 "http://www.cloveretl.org/clover-gui/screenshots/" "Mozilla/5.0 (Windows; U; Windows NT 6.0; en-US; rv:1.9.0.6) Gecko/2009011913 Firefox/3.0.6 (.NET CLR 3.5.30729)"
82.94.147.26 - - [04/Mar/2009:15:21:12 +0100] "GET /_img/menu_left_top.gif HTTP/1.1" 200 157 "http://www.cloveretl.org/_css/general.css" "Mozilla/5.0 (Windows; U; Windows NT 6.0; en-US; rv:1.9.0.6) Gecko/2009011913 Firefox/3.0.6 (.NET CLR 3.5.30729)"
82.94.147.26 - - [04/Mar/2009:15:21:13 +0100] "GET /_img/tip_clover.gif HTTP/1.1" 200 1157 "http://www.cloveretl.org/_css/general.css" "Mozilla/5.0 (Windows; U; Windows NT 6.0; en-US; rv:1.9.0.6) Gecko/2009011913 Firefox/3.0.6 (.NET CLR 3.5.30729)"
82.99.30.26 - - [04/Mar/2009:15:20:46 +0100] "GET /documentation/clover-gui/ HTTP/1.0" 404 4733 "-" "Mozilla/4.0 (compatible; MSIE 6.0; Windows NT 5.1)"
82.94.147.26 - - [04/Mar/2009:15:20:55 +0100] "GET /_css/general.css HTTP/1.1" 200 8831 "http://www.cloveretl.org/" "Mozilla/5.0 (Windows; U; Windows NT 6.0; en-US; rv:1.9.0.6) Gecko/2009011913 Firefox/3.0.6 (.NET CLR 3.5.30729)"
82.94.147.26 - - [04/Mar/2009:15:20:55 +0100] "GET /_img/menu_top_new.gif HTTP/1.1" 200 6872 "http://www.cloveretl.org/_css/general.css" "Mozilla/5.0 (Windows; U; Windows NT 6.0; en-US; rv:1.9.0.6) Gecko/2009011913 Firefox/3.0.6 (.NET CLR 3.5.30729)"
82.94.147.26 - - [04/Mar/2009:15:20:56 +0100] "GET /_img/box_gui.jpg HTTP/1.1" 200 5712 "http://www.cloveretl.org/_css/modules/Index.css" "Mozilla/5.0 (Windows; U; Windows NT 6.0; en-US; rv:1.9.0.6) Gecko/2009011913 Firefox/3.0.6 (.NET CLR 3.5.30729)"
82.94.147.26 - - [04/Mar/2009:15:20:56 +0100] "GET /_img/heading_gray.gif HTTP/1.1" 200 156 "http://www.cloveretl.org/_css/general.css" "Mozilla/5.0 (Windows; U; Windows NT 6.0; en-US; rv:1.9.0.6) Gecko/2009011913 Firefox/3.0.6 (.NET CLR 3.5.30729)"
82.94.147.26 - - [04/Mar/2009:15:21:11 +0100] "GET /clover-gui/screenshots/ HTTP/1.1" 200 12513 "http://www.cloveretl.org/" "Mozilla/5.0 (Windows; U; Windows NT 6.0; en-US; rv:1.9.0.6) Gecko/2009011913 Firefox/3.0.6 (.NET CLR 3.5.30729)"
82.94.147.26 - - [04/Mar/2009:15:21:11 +0100] "GET /_img/clovergui/Paleta_parsed_icon.png HTTP/1.1" 200 5137 "http://www.cloveretl.org/clover-gui/screenshots/" "Mozilla/5.0 (Windows; U; Windows NT 6.0; en-US; rv:1.9.0.6) Gecko/2009011913 Firefox/3.0.6 (.NET CLR 3.5.30729)"
82.94.147.26 - - [04/Mar/2009:15:21:12 +0100] "GET /_img/clovergui/image03a_icon.png HTTP/1.1" 200 5834 "http://www.cloveretl.org/clover-gui/screenshots/" "Mozilla/5.0 (Windows; U; Windows NT 6.0; en-US; rv:1.9.0.6) Gecko/2009011913 Firefox/3.0.6 (.NET CLR 3.5.30729)"
82.94.147.26 - - [04/Mar/2009:15:21:12 +0100] "GET /_img/clovergui/DB_connection_wizard_icon.png HTTP/1.1" 200 6892 "http://www.cloveretl.org/clover-gui/screenshots/" "Mozilla/5.0 (Windows; U; Windows NT 6.0; en-US; rv:1.9.0.6) Gecko/2009011913 Firefox/3.0.6 (.NET CLR 3.5.30729)"
82.94.147.26 - - [04/Mar/2009:15:21:12 +0100] "GET /_img/clovergui/CloverLog_icon.png HTTP/1.1" 200 11669 "http://www.cloveretl.org/clover-gui/screenshots/" "Mozilla/5.0 (Windows; U; Windows NT 6.0; en-US; rv:1.9.0.6) Gecko/2009011913 Firefox/3.0.6 (.NET CLR 3.5.30729)"
82.94.147.26 - - [04/Mar/2009:15:21:13 +0100] "GET /_img/grad_ltr.gif HTTP/1.1" 200 97 "http://www.cloveretl.org/_css/general.css" "Mozilla/5.0 (Windows; U; Windows NT 6.0; en-US; rv:1.9.0.6) Gecko/2009011913 Firefox/3.0.6 (.NET CLR 3.5.30729)"
90.177.74.151 - - [04/Mar/2009:15:19:19 +0100] "GET /user/projects HTTP/1.1" 200 6380 "http://www.cloveretl.org/user/edit" "Mozilla/5.0 (Windows; U; Windows NT 5.1; en-US; rv:1.9.0.6) Gecko/2009011913 Firefox/3.0.6 (.NET CLR 3.5.30729)"
202.79.203.43 - - [04/Mar/2009:15:21:14 +0100] "GET /_img/box_green2.gif HTTP/1.0" 304 - "-" "Mozilla/4.0 (compatible;)"
90.177.74.151 - - [04/Mar/2009:15:16:01 +0100] "GET /_img/component_icon/LookupTableReaderWriter-64x64.png HTTP/1.1" 200 6506 "http://www.cloveretl.org/clover-server/buy" "Mozilla/5.0 (Windows; U; Windows NT 6.0; cs; rv:1.9.0.6) Gecko/2009011913 Firefox/3.0.6 (.NET CLR 3.5.30729)"
67.195.37.163 - - [04/Mar/2009:15:18:07 +0100] "GET / HTTP/1.0" 200 10616 "-" "Mozilla/5.0 (compatible; Yahoo! Slurp; http://help.yahoo.com/help/us/ysearch/slurp)"
82.94.147.26 - - [04/Mar/2009:15:20:56 +0100] "GET /_img/motto_right.gif HTTP/1.1" 200 123 "http://www.cloveretl.org/_css/modules/Index.css" "Mozilla/5.0 (Windows; U; Windows NT 6.0; en-US; rv:1.9.0.6) Gecko/2009011913 Firefox/3.0.6 (.NET CLR 3.5.30729)"
82.94.147.26 - - [04/Mar/2009:15:21:11 +0100] "GET /_img/clovergui/image02b_icon.png HTTP/1.1" 200 5365 "http://www.cloveretl.org/clover-gui/screenshots/" "Mozilla/5.0 (Windows; U; Windows NT 6.0; en-US; rv:1.9.0.6) Gecko/2009011913 Firefox/3.0.6 (.NET CLR 3.5.30729)"
82.94.147.26 - - [04/Mar/2009:15:21:12 +0100] "GET /_img/clovergui/03_icon.png HTTP/1.1" 200 8217 "http://www.cloveretl.org/clover-gui/screenshots/" "Mozilla/5.0 (Windows; U; Windows NT 6.0; en-US; rv:1.9.0.6) Gecko/2009011913 Firefox/3.0.6 (.NET CLR 3.5.30729)"
82.94.147.26 - - [04/Mar/2009:15:21:12 +0100] "GET /_img/clovergui/GraphTrackingTab_icon.png HTTP/1.1" 200 9931 "http://www.cloveretl.org/clover-gui/screenshots/" "Mozilla/5.0 (Windows; U; Windows NT 6.0; en-US; rv:1.9.0.6) Gecko/2009011913 Firefox/3.0.6 (.NET CLR 3.5.30729)"
82.94.147.26 - - [04/Mar/2009:15:21:26 +0100] "GET /clover-gui/screenshots/ HTTP/1.1" 200 12629 "http://www.cloveretl.org/" "Mozilla/5.0 (Windows; U; Windows NT 6.0; en-US; rv:1.9.0.6) Gecko/2009011913 Firefox/3.0.6 (.NET CLR 3.5.30729)"
82.94.147.26 - - [04/Mar/2009:15:20:55 +0100] "GET /_img/tryitnow.gif HTTP/1.1" 200 11168 "http://www.cloveretl.org/" "Mozilla/5.0 (Windows; U; Windows NT 6.0; en-US; rv:1.9.0.6) Gecko/2009011913 Firefox/3.0.6 (.NET CLR 3.5.30729)"
82.94.147.26 - - [04/Mar/2009:15:20:55 +0100] "GET /_img/menu_tab_left.gif HTTP/1.1" 200 102 "http://www.cloveretl.org/_css/general.css" "Mozilla/5.0 (Windows; U; Windows NT 6.0; en-US; rv:1.9.0.6) Gecko/2009011913 Firefox/3.0.6 (.NET CLR 3.5.30729)"
82.94.147.26 - - [04/Mar/2009:15:20:56 +0100] "GET /_img/motto_middle.gif HTTP/1.1" 200 259 "http://www.cloveretl.org/_css/modules/Index.css" "Mozilla/5.0 (Windows; U; Windows NT 6.0; en-US; rv:1.9.0.6) Gecko/2009011913 Firefox/3.0.6 (.NET CLR 3.5.30729)"
82.94.147.26 - - [04/Mar/2009:15:20:56 +0100] "GET /_img/box_green2.gif HTTP/1.1" 200 3891 "http://www.cloveretl.org/_css/general.css" "Mozilla/5.0 (Windows; U; Windows NT 6.0; en-US; rv:1.9.0.6) Gecko/2009011913 Firefox/3.0.6 (.NET CLR 3.5.30729)"
82.94.147.26 - - [04/Mar/2009:15:20:56 +0100] "GET /_img/rss.gif HTTP/1.1" 200 1170 "http://www.cloveretl.org/_css/general.css" "Mozilla/5.0 (Windows; U; Windows NT 6.0; en-US; rv:1.9.0.6) Gecko/2009011913 Firefox/3.0.6 (.NET CLR 3.5.30729)"
82.94.147.26 - - [04/Mar/2009:15:21:11 +0100] "GET /_img/component_icon/SimpleCopy-64x64.png HTTP/1.1" 200 4277 "http://www.cloveretl.org/clover-gui/screenshots/" "Mozilla/5.0 (Windows; U; Windows NT 6.0; en-US; rv:1.9.0.6) Gecko/2009011913 Firefox/3.0.6 (.NET CLR 3.5.30729)"
82.94.147.26 - - [04/Mar/2009:15:21:12 +0100] "GET /_img/clovergui/image03b_icon.png HTTP/1.1" 200 5187 "http://www.cloveretl.org/clover-gui/screenshots/" "Mozilla/5.0 (Windows; U; Windows NT 6.0; en-US; rv:1.9.0.6) Gecko/2009011913 Firefox/3.0.6 (.NET CLR 3.5.30729)"
82.94.147.26 - - [04/Mar/2009:15:21:12 +0100] "GET /_img/clovergui/DB_browser_view_icon.png HTTP/1.1" 200 7413 "http://www.cloveretl.org/clover-gui/screenshots/" "Mozilla/5.0 (Windows; U; Windows NT 6.0; en-US; rv:1.9.0.6) Gecko/2009011913 Firefox/3.0.6 (.NET CLR 3.5.30729)"
82.94.147.26 - - [04/Mar/2009:15:21:12 +0100] "GET /_img/tip_bg.gif HTTP/1.1" 200 986 "http://www.cloveretl.org/_css/general.css" "Mozilla/5.0 (Windows; U; Windows NT 6.0; en-US; rv:1.9.0.6) Gecko/2009011913 Firefox/3.0.6 (.NET CLR 3.5.30729)"
82.94.147.26 - - [04/Mar/2009:15:21:27 +0100] "GET /_img/component_icon/XMLXPathReader-64x64.png HTTP/1.1" 200 4658 "http://www.cloveretl.org/clover-gui/screenshots/" "Mozilla/5.0 (Windows; U; Windows NT 6.0; en-US; rv:1.9.0.6) Gecko/2009011913 Firefox/3.0.6 (.NET CLR 3.5.30729)"
90.177.74.151 - - [04/Mar/2009:15:22:44 +0100] "GET /user/projects HTTP/1.1" 200 6855 "-" "Mozilla/5.0 (Windows; U; Windows NT 5.1; en-US; rv:1.9.0.6) Gecko/2009011913 Firefox/3.0.6 (.NET CLR 3.5.30729)"
90.177.74.151 - - [04/Mar/2009:15:22:44 +0100] "GET /_img/component_icon/LookupTableReaderWriter-64x64.png HTTP/1.1" 200 6506 "http://www.cloveretl.org/user/projects" "Mozilla/5.0 (Windows; U; Windows NT 5.1; en-US; rv:1.9.0.6) Gecko/2009011913 Firefox/3.0.6 (.NET CLR 3.5.30729)"
90.177.74.151 - - [04/Mar/2009:15:19:01 +0100] "GET /user/edit HTTP/1.1" 200 23880 "http://www.cloveretl.org/user/evaluation-form/?id=3563&hash=be43e9d012a291995562f6a5b9d5fb85" "Mozilla/5.0 (Windows; U; Windows NT 5.1; en-US; rv:1.9.0.6) Gecko/2009011913 Firefox/3.0.6 (.NET CLR 3.5.30729)"
90.177.74.151 - - [04/Mar/2009:15:19:04 +0100] "GET /user/projects HTTP/1.1" 200 6351 "http://www.cloveretl.org/user/edit" "Mozilla/5.0 (Windows; U; Windows NT 5.1; en-US; rv:1.9.0.6) Gecko/2009011913 Firefox/3.0.6 (.NET CLR 3.5.30729)"
90.177.74.151 - - [04/Mar/2009:15:19:08 +0100] "GET /user/bugs HTTP/1.1" 500 - "http://www.cloveretl.org/user/projects" "Mozilla/5.0 (Windows; U; Windows NT 5.1; en-US; rv:1.9.0.6) Gecko/2009011913 Firefox/3.0.6 (.NET CLR 3.5.30729)"
160.83.73.25 - - [04/Mar/2009:15:23:57 +0100] "GET / HTTP/1.1" 200 10617 "-" "Mozilla/4.0 (compatible; MSIE 6.0; Windows NT 5.1; SV1; .NET CLR 1.1.4322; InfoPath.2; .NET CLR 2.0.50727; .NET CLR 3.0.04506.648; .NET CLR 3.5.21022)"
90.191.60.186 - - [04/Mar/2009:15:24:20 +0100] "GET /_img/li_orange.gif HTTP/1.1" 200 50 "http://www.cloveretl.org/" "Mozilla/5.0 (Windows; U; Windows NT 5.1; et; rv:1.9.0.6) Gecko/2009011913 Firefox/3.0.6 (.NET CLR 3.5.30729)"
90.191.60.186 - - [04/Mar/2009:15:24:20 +0100] "GET /_img/box_green2.gif HTTP/1.1" 200 3891 "http://www.cloveretl.org/_css/general.css" "Mozilla/5.0 (Windows; U; Windows NT 5.1; et; rv:1.9.0.6) Gecko/2009011913 Firefox/3.0.6 (.NET CLR 3.5.30729)"
222.70.68.158 - - [04/Mar/2009:15:21:30 +0100] "GET /download/clover-server/ HTTP/1.1" 200 7687 "http://www.cloveretl.org/download/clover-gui/" "Mozilla/4.0 (compatible; MSIE 6.0; Windows NT 5.1; SV1; Maxthon)"
222.70.68.158 - - [04/Mar/2009:15:21:31 +0100] "GET /_css/general-ie.css HTTP/1.1" 304 - "http://www.cloveretl.org/download/clover-server/" "Mozilla/4.0 (compatible; MSIE 6.0; Windows NT 5.1; SV1; Maxthon)"
222.70.68.158 - - [04/Mar/2009:15:21:32 +0100] "GET /_img/li_orange.gif HTTP/1.1" 304 - "http://www.cloveretl.org/download/clover-server/" "Mozilla/4.0 (compatible; MSIE 6.0; Windows NT 5.1; SV1; Maxthon)"
222.70.68.158 - - [04/Mar/2009:15:21:32 +0100] "GET /_img/menu_left_border.gif HTTP/1.1" 304 - "http://www.cloveretl.org/download/clover-server/" "Mozilla/4.0 (compatible; MSIE 6.0; Windows NT 5.1; SV1; Maxthon)"
222.70.68.158 - - [04/Mar/2009:15:21:33 +0100] "GET /_img/logo_clover.gif HTTP/1.1" 304 - "http://www.cloveretl.org/download/clover-server/" "Mozilla/4.0 (compatible; MSIE 6.0; Windows NT 5.1; SV1; Maxthon)"
222.70.68.158 - - [04/Mar/2009:15:21:33 +0100] "GET /_img/menu_tab_right.gif HTTP/1.1" 304 - "http://www.cloveretl.org/download/clover-server/" "Mozilla/4.0 (compatible; MSIE 6.0; Windows NT 5.1; SV1; Maxthon)"
222.70.68.158 - - [04/Mar/2009:15:21:33 +0100] "GET /_img/tip_bg.gif HTTP/1.1" 304 - "http://www.cloveretl.org/download/clover-server/" "Mozilla/4.0 (compatible; MSIE 6.0; Windows NT 5.1; SV1; Maxthon)"
222.70.68.158 - - [04/Mar/2009:15:21:34 +0100] "GET /_img/section_heading.gif HTTP/1.1" 304 - "http://www.cloveretl.org/download/clover-server/" "Mozilla/4.0 (compatible; MSIE 6.0; Windows NT 5.1; SV1; Maxthon)"
222.70.68.158 - - [04/Mar/2009:15:21:43 +0100] "GET /download/clovermanual/ HTTP/1.1" 200 9260 "http://www.cloveretl.org/download/clover-server/" "Mozilla/4.0 (compatible; MSIE 6.0; Windows NT 5.1; SV1; Maxthon)"
222.70.68.158 - - [04/Mar/2009:15:21:45 +0100] "GET /_img/grad_ltr.gif HTTP/1.1" 304 - "http://www.cloveretl.org/download/clovermanual/" "Mozilla/4.0 (compatible; MSIE 6.0; Windows NT 5.1; SV1; Maxthon)"
201.76.165.34 - - [04/Mar/2009:15:24:06 +0100] "GET /_css/general.css HTTP/1.0" 200 8831 "http://www.cloveretl.org/" "Mozilla/5.0 (Windows; U; Windows NT 5.1; pt-BR; rv:1.9.0.6) Gecko/2009011913 Firefox/3.0.6"
201.76.165.34 - - [04/Mar/2009:15:24:12 +0100] "GET /_img/logo_clover.gif HTTP/1.0" 200 3147 "http://www.cloveretl.org/_css/general.css" "Mozilla/5.0 (Windows; U; Windows NT 5.1; pt-BR; rv:1.9.0.6) Gecko/2009011913 Firefox/3.0.6"
201.76.165.34 - - [04/Mar/2009:15:24:13 +0100] "GET /_img/box_gui.jpg HTTP/1.0" 200 5712 "http://www.cloveretl.org/_css/modules/Index.css" "Mozilla/5.0 (Windows; U; Windows NT 5.1; pt-BR; rv:1.9.0.6) Gecko/2009011913 Firefox/3.0.6"
222.70.68.158 - - [04/Mar/2009:15:24:17 +0100] "GET /download/clovermanual/ HTTP/1.1" 200 8471 "http://www.cloveretl.org/download/clover-server/" "Mozilla/4.0 (compatible; MSIE 6.0; Windows NT 5.1; SV1; Maxthon)"
222.70.68.158 - - [04/Mar/2009:15:24:18 +0100] "GET /_css/modules/Download.css HTTP/1.1" 304 - "http://www.cloveretl.org/download/clovermanual/" "Mozilla/4.0 (compatible; MSIE 6.0; Windows NT 5.1; SV1; Maxthon)"
222.70.68.158 - - [04/Mar/2009:15:24:19 +0100] "GET /_img/menu_top_new.gif HTTP/1.1" 304 - "http://www.cloveretl.org/download/clovermanual/" "Mozilla/4.0 (compatible; MSIE 6.0; Windows NT 5.1; SV1; Maxthon)"
222.70.68.158 - - [04/Mar/2009:15:24:19 +0100] "GET /_img/content_top.gif HTTP/1.1" 304 - "http://www.cloveretl.org/download/clovermanual/" "Mozilla/4.0 (compatible; MSIE 6.0; Windows NT 5.1; SV1; Maxthon)"
222.70.68.158 - - [04/Mar/2009:15:24:20 +0100] "GET /_img/grad_ltr.gif HTTP/1.1" 304 - "http://www.cloveretl.org/download/clovermanual/" "Mozilla/4.0 (compatible; MSIE 6.0; Windows NT 5.1; SV1; Maxthon)"
222.70.68.158 - - [04/Mar/2009:15:24:20 +0100] "GET /_img/logo_clover.gif HTTP/1.1" 304 - "http://www.cloveretl.org/download/clovermanual/" "Mozilla/4.0 (compatible; MSIE 6.0; Windows NT 5.1; SV1; Maxthon)"
222.70.68.158 - - [04/Mar/2009:15:24:21 +0100] "GET /_img/menu_tab_right.gif HTTP/1.1" 304 - "http://www.cloveretl.org/download/clovermanual/" "Mozilla/4.0 (compatible; MSIE 6.0; Windows NT 5.1; SV1; Maxthon)"
222.70.68.158 - - [04/Mar/2009:15:24:21 +0100] "GET /_img/tip_bg.gif HTTP/1.1" 304 - "http://www.cloveretl.org/download/clovermanual/" "Mozilla/4.0 (compatible; MSIE 6.0; Windows NT 5.1; SV1; Maxthon)"
222.70.68.158 - - [04/Mar/2009:15:24:22 +0100] "GET /_img/section_heading.gif HTTP/1.1" 304 - "http://www.cloveretl.org/download/clovermanual/" "Mozilla/4.0 (compatible; MSIE 6.0; Windows NT 5.1; SV1; Maxthon)"
222.70.68.158 - - [04/Mar/2009:15:24:30 +0100] "GET /download/clovermanual/Clover_users_manual_2_1_2.pdf HTTP/1.1" 200 335872 "-" "Mozilla/4.0 (compatible; MSIE 6.0; Windows NT 5.1; SV1; Maxthon)"
90.191.60.186 - - [04/Mar/2009:15:24:20 +0100] "GET /_img/tryitnow.gif HTTP/1.1" 200 11168 "http://www.cloveretl.org/" "Mozilla/5.0 (Windows; U; Windows NT 5.1; et; rv:1.9.0.6) Gecko/2009011913 Firefox/3.0.6 (.NET CLR 3.5.30729)"
116.227.217.61 - - [04/Mar/2009:15:24:30 +0100] "GET /_img/box_gray.gif HTTP/1.1" 200 583 "http://www.cloveretl.org/documentation/" "Mozilla/4.0 (compatible; MSIE 6.0; Windows NT 5.1; SV1; Maxthon; Maxthon; .NET CLR 2.0.50727)"
116.227.217.61 - - [04/Mar/2009:15:24:31 +0100] "GET /_img/heading_gray.gif HTTP/1.1" 200 156 "http://www.cloveretl.org/documentation/" "Mozilla/4.0 (compatible; MSIE 6.0; Windows NT 5.1; SV1; Maxthon; Maxthon; .NET CLR 2.0.50727)"
116.227.217.61 - - [04/Mar/2009:15:24:31 +0100] "GET /_img/logo_clover.gif HTTP/1.1" 200 3147 "http://www.cloveretl.org/documentation/" "Mozilla/4.0 (compatible; MSIE 6.0; Windows NT 5.1; SV1; Maxthon; Maxthon; .NET CLR 2.0.50727)"
116.227.217.61 - - [04/Mar/2009:15:24:31 +0100] "GET /_img/menu_left_top.gif HTTP/1.1" 200 157 "http://www.cloveretl.org/documentation/" "Mozilla/4.0 (compatible; MSIE 6.0; Windows NT 5.1; SV1; Maxthon; Maxthon; .NET CLR 2.0.50727)"
116.227.217.61 - - [04/Mar/2009:15:24:25 +0100] "GET /_css/general-ie.css HTTP/1.1" 200 41 "http://www.cloveretl.org/documentation/" "Mozilla/4.0 (compatible; MSIE 6.0; Windows NT 5.1; SV1; Maxthon; Maxthon; .NET CLR 2.0.50727)"
116.227.217.61 - - [04/Mar/2009:15:24:30 +0100] "GET /_img/menu_top_new.gif HTTP/1.1" 200 6872 "http://www.cloveretl.org/documentation/" "Mozilla/4.0 (compatible; MSIE 6.0; Windows NT 5.1; SV1; Maxthon; Maxthon; .NET CLR 2.0.50727)"
116.227.217.61 - - [04/Mar/2009:15:24:31 +0100] "GET /_img/tip_clover.gif HTTP/1.1" 200 1157 "http://www.cloveretl.org/documentation/" "Mozilla/4.0 (compatible; MSIE 6.0; Windows NT 5.1; SV1; Maxthon; Maxthon; .NET CLR 2.0.50727)"
90.177.74.151 - - [04/Mar/2009:15:23:10 +0100] "GET / HTTP/1.1" 200 10923 "http://www.cloveretl.org/user/projects" "Mozilla/5.0 (Windows; U; Windows NT 5.1; en-US; rv:1.9.0.6) Gecko/2009011913 Firefox/3.0.6 (.NET CLR 3.5.30729)"
90.177.74.151 - - [04/Mar/2009:15:23:23 +0100] "GET /user/reactivate-evaluation HTTP/1.1" 200 5968 "http://www.cloveretl.org/" "Mozilla/5.0 (Windows; U; Windows NT 5.1; en-US; rv:1.9.0.6) Gecko/2009011913 Firefox/3.0.6 (.NET CLR 3.5.30729)"
116.227.217.61 - - [04/Mar/2009:15:24:25 +0100] "GET /_css/general.css HTTP/1.1" 200 8831 "http://www.cloveretl.org/documentation/" "Mozilla/4.0 (compatible; MSIE 6.0; Windows NT 5.1; SV1; Maxthon; Maxthon; .NET CLR 2.0.50727)"
116.227.217.61 - - [04/Mar/2009:15:24:30 +0100] "GET /_img/content_top.gif HTTP/1.1" 200 67 "http://www.cloveretl.org/documentation/" "Mozilla/4.0 (compatible; MSIE 6.0; Windows NT 5.1; SV1; Maxthon; Maxthon; .NET CLR 2.0.50727)"
116.227.217.61 - - [04/Mar/2009:15:24:30 +0100] "GET /_img/out.gif HTTP/1.1" 200 57 "http://www.cloveretl.org/documentation/" "Mozilla/4.0 (compatible; MSIE 6.0; Windows NT 5.1; SV1; Maxthon; Maxthon; .NET CLR 2.0.50727)"
116.227.217.61 - - [04/Mar/2009:15:24:31 +0100] "GET /_img/section_heading.gif HTTP/1.1" 200 93 "http://www.cloveretl.org/documentation/" "Mozilla/4.0 (compatible; MSIE 6.0; Windows NT 5.1; SV1; Maxthon; Maxthon; .NET CLR 2.0.50727)"
116.227.217.61 - - [04/Mar/2009:15:24:24 +0100] "GET /documentation/ HTTP/1.1" 200 10097 "-" "Mozilla/4.0 (compatible; MSIE 6.0; Windows NT 5.1; SV1; Maxthon; Maxthon; .NET CLR 2.0.50727)"
116.227.217.61 - - [04/Mar/2009:15:24:30 +0100] "GET /_img/li_orange.gif HTTP/1.1" 200 50 "http://www.cloveretl.org/documentation/" "Mozilla/4.0 (compatible; MSIE 6.0; Windows NT 5.1; SV1; Maxthon; Maxthon; .NET CLR 2.0.50727)"
116.227.217.61 - - [04/Mar/2009:15:24:30 +0100] "GET /_img/tip_bg.gif HTTP/1.1" 200 986 "http://www.cloveretl.org/documentation/" "Mozilla/4.0 (compatible; MSIE 6.0; Windows NT 5.1; SV1; Maxthon; Maxthon; .NET CLR 2.0.50727)"
201.76.165.34 - - [04/Mar/2009:15:24:10 +0100] "GET /_img/li_orange.gif HTTP/1.0" 200 50 "http://www.cloveretl.org/" "Mozilla/5.0 (Windows; U; Windows NT 5.1; pt-BR; rv:1.9.0.6) Gecko/2009011913 Firefox/3.0.6"
201.76.165.34 - - [04/Mar/2009:15:24:11 +0100] "GET /_img/menu_top_new.gif HTTP/1.0" 200 6872 "http://www.cloveretl.org/_css/general.css" "Mozilla/5.0 (Windows; U; Windows NT 5.1; pt-BR; rv:1.9.0.6) Gecko/2009011913 Firefox/3.0.6"
116.227.217.61 - - [04/Mar/2009:15:24:31 +0100] "GET /_img/menu_tab_right.gif HTTP/1.1" 200 102 "http://www.cloveretl.org/documentation/" "Mozilla/4.0 (compatible; MSIE 6.0; Windows NT 5.1; SV1; Maxthon; Maxthon; .NET CLR 2.0.50727)"
222.70.68.158 - - [04/Mar/2009:15:24:16 +0100] "GET /_img/li_orange.gif HTTP/1.1" 304 - "http://www.cloveretl.org/download/clover-server/" "Mozilla/4.0 (compatible; MSIE 6.0; Windows NT 5.1; SV1; Maxthon)"
222.70.68.158 - - [04/Mar/2009:15:24:18 +0100] "GET /_css/general.css HTTP/1.1" 304 - "http://www.cloveretl.org/download/clovermanual/" "Mozilla/4.0 (compatible; MSIE 6.0; Windows NT 5.1; SV1; Maxthon)"
222.70.68.158 - - [04/Mar/2009:15:24:18 +0100] "GET /_css/general-ie.css HTTP/1.1" 304 - "http://www.cloveretl.org/download/clovermanual/" "Mozilla/4.0 (compatible; MSIE 6.0; Windows NT 5.1; SV1; Maxthon)"
222.70.68.158 - - [04/Mar/2009:15:24:19 +0100] "GET /_img/li_orange.gif HTTP/1.1" 304 - "http://www.cloveretl.org/download/clovermanual/" "Mozilla/4.0 (compatible; MSIE 6.0; Windows NT 5.1; SV1; Maxthon)"
222.70.68.158 - - [04/Mar/2009:15:24:19 +0100] "GET /_img/menu_left_border.gif HTTP/1.1" 304 - "http://www.cloveretl.org/download/clovermanual/" "Mozilla/4.0 (compatible; MSIE 6.0; Windows NT 5.1; SV1; Maxthon)"
222.70.68.158 - - [04/Mar/2009:15:24:20 +0100] "GET /_img/box_gray.gif HTTP/1.1" 304 - "http://www.cloveretl.org/download/clovermanual/" "Mozilla/4.0 (compatible; MSIE 6.0; Windows NT 5.1; SV1; Maxthon)"
222.70.68.158 - - [04/Mar/2009:15:24:20 +0100] "GET /_img/menu_tab_left.gif HTTP/1.1" 304 - "http://www.cloveretl.org/download/clovermanual/" "Mozilla/4.0 (compatible; MSIE 6.0; Windows NT 5.1; SV1; Maxthon)"
222.70.68.158 - - [04/Mar/2009:15:24:21 +0100] "GET /_img/menu_left_top.gif HTTP/1.1" 304 - "http://www.cloveretl.org/download/clovermanual/" "Mozilla/4.0 (compatible; MSIE 6.0; Windows NT 5.1; SV1; Maxthon)"
222.70.68.158 - - [04/Mar/2009:15:24:21 +0100] "GET /_img/tip_clover.gif HTTP/1.1" 304 - "http://www.cloveretl.org/download/clovermanual/" "Mozilla/4.0 (compatible; MSIE 6.0; Windows NT 5.1; SV1; Maxthon)"
222.70.68.158 - - [04/Mar/2009:15:24:22 +0100] "GET /_img/heading_gray.gif HTTP/1.1" 304 - "http://www.cloveretl.org/download/clovermanual/" "Mozilla/4.0 (compatible; MSIE 6.0; Windows NT 5.1; SV1; Maxthon)"
222.70.68.158 - - [04/Mar/2009:15:24:49 +0100] "GET /_upload/clover-gui/docs/Clover_users_manual_2_1_2.pdf HTTP/1.1" 206 524288 "http://www.cloveretl.org/_upload/clover-gui/docs" "Mozilla/4.0 (compatible; MSIE 6.0; Windows NT 5.1; )"
222.70.68.158 - - [04/Mar/2009:15:24:49 +0100] "GET /_upload/clover-gui/docs/Clover_users_manual_2_1_2.pdf HTTP/1.1" 206 524288 "http://www.cloveretl.org/_upload/clover-gui/docs" "Mozilla/4.0 (compatible; MSIE 6.0; Windows NT 5.1; )"
222.70.68.158 - - [04/Mar/2009:15:24:51 +0100] "GET /_upload/clover-gui/docs/Clover_users_manual_2_1_2.pdf HTTP/1.1" 206 253232 "http://www.cloveretl.org/_upload/clover-gui/docs" "Mozilla/4.0 (compatible; MSIE 6.0; Windows NT 5.1; )"
222.70.68.158 - - [04/Mar/2009:15:25:09 +0100] "GET /_upload/clover-gui/docs/Clover_users_manual_2_1_2.pdf HTTP/1.1" 206 1219521 "http://www.cloveretl.org/_upload/clover-gui/docs" "Mozilla/4.0 (compatible; MSIE 6.0; Windows NT 5.1; )"
222.70.68.158 - - [04/Mar/2009:15:26:57 +0100] "GET /_upload/clover-gui/docs/Clover_users_manual_2_1_2.pdf HTTP/1.1" 206 30220 "http://www.cloveretl.org/_upload/clover-gui/docs" "Mozilla/4.0 (compatible; MSIE 6.0; Windows NT 5.1; )"
222.70.68.158 - - [04/Mar/2009:15:27:01 +0100] "GET /_upload/clover-gui/docs/Clover_users_manual_2_1_2.pdf HTTP/1.1" 206 16244 "http://www.cloveretl.org/_upload/clover-gui/docs" "Mozilla/4.0 (compatible; MSIE 6.0; Windows NT 5.1; )"
222.70.68.158 - - [04/Mar/2009:15:26:58 +0100] "GET /_upload/clover-gui/docs/Clover_users_manual_2_1_2.pdf HTTP/1.1" 206 38477 "http://www.cloveretl.org/_upload/clover-gui/docs" "Mozilla/4.0 (compatible; MSIE 6.0; Windows NT 5.1; )"
222.70.68.158 - - [04/Mar/2009:15:27:02 +0100] "GET /_upload/clover-gui/docs/Clover_users_manual_2_1_2.pdf HTTP/1.1" 206 3430 "http://www.cloveretl.org/_upload/clover-gui/docs" "Mozilla/4.0 (compatible; MSIE 6.0; Windows NT 5.1; )"
222.70.68.158 - - [04/Mar/2009:15:26:52 +0100] "GET /_upload/clover-gui/docs/Clover_users_manual_2_1_2.pdf HTTP/1.1" 206 53563 "http://www.cloveretl.org/_upload/clover-gui/docs" "Mozilla/4.0 (compatible; MSIE 6.0; Windows NT 5.1; )"
222.70.68.158 - - [04/Mar/2009:15:27:02 +0100] "GET /_upload/clover-gui/docs/Clover_users_manual_2_1_2.pdf HTTP/1.1" 206 33363 "http://www.cloveretl.org/_upload/clover-gui/docs" "Mozilla/4.0 (compatible; MSIE 6.0; Windows NT 5.1; )"
77.94.32.33 - - [04/Mar/2009:15:26:49 +0100] "GET /_css/general.css HTTP/1.0" 200 8831 "http://www.cloveretl.org/" "Mozilla/5.0 (X11; U; Linux i686; en-US; rv:1.9.0.6) Gecko/2009011912 Firefox/3.0.6"
77.94.32.33 - - [04/Mar/2009:15:26:53 +0100] "GET /_img/logo_clover.gif HTTP/1.0" 200 3147 "http://www.cloveretl.org/_css/general.css" "Mozilla/5.0 (X11; U; Linux i686; en-US; rv:1.9.0.6) Gecko/2009011912 Firefox/3.0.6"
202.79.203.43 - - [04/Mar/2009:15:22:53 +0100] "GET /_img/box_serv_base_anim.gif HTTP/1.0" 304 - "-" "Mozilla/4.0 (compatible;)"
201.76.165.34 - - [04/Mar/2009:15:24:05 +0100] "GET / HTTP/1.0" 200 10616 "http://www.google.com.br/search?q=clover+etl&ie=utf-8&oe=utf-8&aq=t&rls=org.mozilla:pt-BR:official&client=firefox-a" "Mozilla/5.0 (Windows; U; Windows NT 5.1; pt-BR; rv:1.9.0.6) Gecko/2009011913 Firefox/3.0.6"
77.94.32.33 - - [04/Mar/2009:15:26:47 +0100] "GET / HTTP/1.0" 200 10616 "http://en.wikipedia.org/wiki/Clover.ETL" "Mozilla/5.0 (X11; U; Linux i686; en-US; rv:1.9.0.6) Gecko/2009011912 Firefox/3.0.6"
77.94.32.33 - - [04/Mar/2009:15:26:51 +0100] "GET /_img/tryitnow.gif HTTP/1.0" 200 11168 "http://www.cloveretl.org/" "Mozilla/5.0 (X11; U; Linux i686; en-US; rv:1.9.0.6) Gecko/2009011912 Firefox/3.0.6"
77.94.32.33 - - [04/Mar/2009:15:26:53 +0100] "GET /_img/motto_left.gif HTTP/1.0" 200 79 "http://www.cloveretl.org/_css/modules/Index.css" "Mozilla/5.0 (X11; U; Linux i686; en-US; rv:1.9.0.6) Gecko/2009011912 Firefox/3.0.6"
77.94.32.33 - - [04/Mar/2009:15:26:54 +0100] "GET /_img/clock.gif HTTP/1.0" 200 57 "http://www.cloveretl.org/_css/general.css" "Mozilla/5.0 (X11; U; Linux i686; en-US; rv:1.9.0.6) Gecko/2009011912 Firefox/3.0.6"
222.70.68.158 - - [04/Mar/2009:15:26:58 +0100] "GET /_upload/clover-gui/docs/Clover_users_manual_2_1_2.pdf HTTP/1.1" 206 65536 "http://www.cloveretl.org/_upload/clover-gui/docs" "Mozilla/4.0 (compatible; MSIE 6.0; Windows NT 5.1; )"
90.191.60.186 - - [04/Mar/2009:15:24:17 +0100] "GET / HTTP/1.1" 200 10616 "-" "Mozilla/4.0 (compatible; MSIE 7.0; Windows NT 5.1; Mozilla/4.0 (compatible; MSIE 6.0; Windows NT 5.1; SV1) ; .NET CLR 1.1.4322; .NET CLR 2.0.50727; .NET CLR 3.0.4506.2152; .NET CLR 3.5.30729)"
90.191.60.186 - - [04/Mar/2009:15:24:19 +0100] "GET /_css/general.css HTTP/1.1" 200 8831 "http://www.cloveretl.org/" "Mozilla/5.0 (Windows; U; Windows NT 5.1; et; rv:1.9.0.6) Gecko/2009011913 Firefox/3.0.6 (.NET CLR 3.5.30729)"
90.191.60.186 - - [04/Mar/2009:15:24:19 +0100] "GET /_img/menu_tab_right.gif HTTP/1.1" 200 102 "http://www.cloveretl.org/_css/general.css" "Mozilla/5.0 (Windows; U; Windows NT 5.1; et; rv:1.9.0.6) Gecko/2009011913 Firefox/3.0.6 (.NET CLR 3.5.30729)"
90.191.60.186 - - [04/Mar/2009:15:24:19 +0100] "GET /_img/motto_left.gif HTTP/1.1" 200 79 "http://www.cloveretl.org/_css/modules/Index.css" "Mozilla/5.0 (Windows; U; Windows NT 5.1; et; rv:1.9.0.6) Gecko/2009011913 Firefox/3.0.6 (.NET CLR 3.5.30729)"
90.191.60.186 - - [04/Mar/2009:15:24:20 +0100] "GET /_img/li_blue.gif HTTP/1.1" 200 50 "http://www.cloveretl.org/_css/modules/Index.css" "Mozilla/5.0 (Windows; U; Windows NT 5.1; et; rv:1.9.0.6) Gecko/2009011913 Firefox/3.0.6 (.NET CLR 3.5.30729)"
90.191.60.186 - - [04/Mar/2009:15:24:20 +0100] "GET /_img/box_gray.gif HTTP/1.1" 200 583 "http://www.cloveretl.org/_css/general.css" "Mozilla/5.0 (Windows; U; Windows NT 5.1; et; rv:1.9.0.6) Gecko/2009011913 Firefox/3.0.6 (.NET CLR 3.5.30729)"
90.191.60.186 - - [04/Mar/2009:15:24:20 +0100] "GET /_img/rss.gif HTTP/1.1" 200 1170 "http://www.cloveretl.org/_css/general.css" "Mozilla/5.0 (Windows; U; Windows NT 5.1; et; rv:1.9.0.6) Gecko/2009011913 Firefox/3.0.6 (.NET CLR 3.5.30729)"
222.70.68.158 - - [04/Mar/2009:15:24:46 +0100] "GET /_upload/clover-gui/docs/Clover_users_manual_2_1_2.pdf HTTP/1.1" 206 524288 "http://www.cloveretl.org/_upload/clover-gui/docs" "Mozilla/4.0 (compatible; MSIE 6.0; Windows NT 5.1; )"
222.70.68.158 - - [04/Mar/2009:15:25:49 +0100] "GET /_upload/clover-gui/docs/Clover_users_manual_2_1_2.pdf HTTP/1.1" 206 71422 "http://www.cloveretl.org/_upload/clover-gui/docs" "Mozilla/4.0 (compatible; MSIE 6.0; Windows NT 5.1; )"
222.70.68.158 - - [04/Mar/2009:15:25:57 +0100] "GET /_upload/clover-gui/docs/Clover_users_manual_2_1_2.pdf HTTP/1.1" 206 615488 "http://www.cloveretl.org/_upload/clover-gui/docs" "Mozilla/4.0 (compatible; MSIE 6.0; Windows NT 5.1; )"
222.70.68.158 - - [04/Mar/2009:15:27:02 +0100] "GET /_upload/clover-gui/docs/Clover_users_manual_2_1_2.pdf HTTP/1.1" 206 50362 "http://www.cloveretl.org/_upload/clover-gui/docs" "Mozilla/4.0 (compatible; MSIE 6.0; Windows NT 5.1; )"
222.70.68.158 - - [04/Mar/2009:15:24:51 +0100] "GET /_upload/clover-gui/docs/Clover_users_manual_2_1_2.pdf HTTP/1.1" 206 60612 "http://www.cloveretl.org/_upload/clover-gui/docs" "Mozilla/4.0 (compatible; MSIE 6.0; Windows NT 5.1; )"
222.70.68.158 - - [04/Mar/2009:15:24:59 +0100] "GET /_upload/clover-gui/docs/Clover_users_manual_2_1_2.pdf HTTP/1.1" 206 124583 "http://www.cloveretl.org/_upload/clover-gui/docs" "Mozilla/4.0 (compatible; MSIE 6.0; Windows NT 5.1; )"
222.70.68.158 - - [04/Mar/2009:15:25:21 +0100] "GET /_upload/clover-gui/docs/Clover_users_manual_2_1_2.pdf HTTP/1.1" 206 254644 "http://www.cloveretl.org/_upload/clover-gui/docs" "Mozilla/4.0 (compatible; MSIE 6.0; Windows NT 5.1; )"
222.70.68.158 - - [04/Mar/2009:15:25:49 +0100] "GET /_upload/clover-gui/docs/Clover_users_manual_2_1_2.pdf HTTP/1.1" 206 700992 "http://www.cloveretl.org/_upload/clover-gui/docs" "Mozilla/4.0 (compatible; MSIE 6.0; Windows NT 5.1; )"
222.70.68.158 - - [04/Mar/2009:15:26:35 +0100] "GET /_upload/clover-gui/docs/Clover_users_manual_2_1_2.pdf HTTP/1.1" 206 55704 "http://www.cloveretl.org/_upload/clover-gui/docs" "Mozilla/4.0 (compatible; MSIE 6.0; Windows NT 5.1; )"
222.70.68.158 - - [04/Mar/2009:15:26:39 +0100] "GET /_upload/clover-gui/docs/Clover_users_manual_2_1_2.pdf HTTP/1.1" 206 141478 "http://www.cloveretl.org/_upload/clover-gui/docs" "Mozilla/4.0 (compatible; MSIE 6.0; Windows NT 5.1; )"
222.70.68.158 - - [04/Mar/2009:15:26:48 +0100] "GET /_upload/clover-gui/docs/Clover_users_manual_2_1_2.pdf HTTP/1.1" 206 48104 "http://www.cloveretl.org/_upload/clover-gui/docs" "Mozilla/4.0 (compatible; MSIE 6.0; Windows NT 5.1; )"
222.70.68.158 - - [04/Mar/2009:15:26:53 +0100] "GET /_upload/clover-gui/docs/Clover_users_manual_2_1_2.pdf HTTP/1.1" 206 68301 "http://www.cloveretl.org/_upload/clover-gui/docs" "Mozilla/4.0 (compatible; MSIE 6.0; Windows NT 5.1; )"
116.227.217.61 - - [04/Mar/2009:15:24:30 +0100] "GET /_img/menu_left_border.gif HTTP/1.1" 200 43 "http://www.cloveretl.org/documentation/" "Mozilla/4.0 (compatible; MSIE 6.0; Windows NT 5.1; SV1; Maxthon; Maxthon; .NET CLR 2.0.50727)"
222.70.68.158 - - [04/Mar/2009:15:24:57 +0100] "GET /_upload/clover-gui/docs/Clover_users_manual_2_1_2.pdf HTTP/1.1" 206 1219521 "http://www.cloveretl.org/_upload/clover-gui/docs" "Mozilla/4.0 (compatible; MSIE 6.0; Windows NT 5.1; )"
222.70.68.158 - - [04/Mar/2009:15:26:50 +0100] "GET /_upload/clover-gui/docs/Clover_users_manual_2_1_2.pdf HTTP/1.1" 206 56544 "http://www.cloveretl.org/_upload/clover-gui/docs" "Mozilla/4.0 (compatible; MSIE 6.0; Windows NT 5.1; )"
222.70.68.158 - - [04/Mar/2009:15:26:55 +0100] "GET /_upload/clover-gui/docs/Clover_users_manual_2_1_2.pdf HTTP/1.1" 206 30463 "http://www.cloveretl.org/_upload/clover-gui/docs" "Mozilla/4.0 (compatible; MSIE 6.0; Windows NT 5.1; )"
222.70.68.158 - - [04/Mar/2009:15:26:57 +0100] "GET /_upload/clover-gui/docs/Clover_users_manual_2_1_2.pdf HTTP/1.1" 200 13787041 "http://www.cloveretl.org/_upload/clover-gui/docs" "Mozilla/4.0 (compatible; MSIE 6.0; Windows NT 5.1; )"
90.177.74.151 - - [04/Mar/2009:15:15:59 +0100] "GET / HTTP/1.1" 200 10616 "-" "Mozilla/5.0 (Windows; U; Windows NT 6.0; cs; rv:1.9.0.6) Gecko/2009011913 Firefox/3.0.6 (.NET CLR 3.5.30729)"
90.177.74.151 - - [04/Mar/2009:15:16:01 +0100] "GET /clover-server/buy HTTP/1.1" 200 7574 "http://www.cloveretl.org/" "Mozilla/5.0 (Windows; U; Windows NT 6.0; cs; rv:1.9.0.6) Gecko/2009011913 Firefox/3.0.6 (.NET CLR 3.5.30729)"
90.177.74.151 - - [04/Mar/2009:15:19:12 +0100] "GET /user/projects HTTP/1.1" 200 6332 "http://www.cloveretl.org/user/edit" "Mozilla/5.0 (Windows; U; Windows NT 5.1; en-US; rv:1.9.0.6) Gecko/2009011913 Firefox/3.0.6 (.NET CLR 3.5.30729)"
90.177.74.151 - - [04/Mar/2009:15:19:15 +0100] "GET /user/feature-request HTTP/1.1" 500 - "http://www.cloveretl.org/user/projects" "Mozilla/5.0 (Windows; U; Windows NT 5.1; en-US; rv:1.9.0.6) Gecko/2009011913 Firefox/3.0.6 (.NET CLR 3.5.30729)"
222.70.68.158 - - [04/Mar/2009:15:26:43 +0100] "GET /_upload/clover-gui/docs/Clover_users_manual_2_1_2.pdf HTTP/1.1" 206 128844 "http://www.cloveretl.org/_upload/clover-gui/docs" "Mozilla/4.0 (compatible; MSIE 6.0; Windows NT 5.1; )"
222.70.68.158 - - [04/Mar/2009:15:26:54 +0100] "GET /_upload/clover-gui/docs/Clover_users_manual_2_1_2.pdf HTTP/1.1" 206 58434 "http://www.cloveretl.org/_upload/clover-gui/docs" "Mozilla/4.0 (compatible; MSIE 6.0; Windows NT 5.1; )"
77.94.32.33 - - [04/Mar/2009:15:26:54 +0100] "GET /_img/motto_right.gif HTTP/1.0" 200 123 "http://www.cloveretl.org/_css/modules/Index.css" "Mozilla/5.0 (X11; U; Linux i686; en-US; rv:1.9.0.6) Gecko/2009011912 Firefox/3.0.6"
77.94.32.33 - - [04/Mar/2009:15:26:51 +0100] "GET /_img/li_orange.gif HTTP/1.0" 200 50 "http://www.cloveretl.org/" "Mozilla/5.0 (X11; U; Linux i686; en-US; rv:1.9.0.6) Gecko/2009011912 Firefox/3.0.6"
77.94.32.33 - - [04/Mar/2009:15:26:53 +0100] "GET /_img/menu_top_new.gif HTTP/1.0" 200 6872 "http://www.cloveretl.org/_css/general.css" "Mozilla/5.0 (X11; U; Linux i686; en-US; rv:1.9.0.6) Gecko/2009011912 Firefox/3.0.6"
201.76.165.34 - - [04/Mar/2009:15:24:11 +0100] "GET /_img/content_top.gif HTTP/1.0" 200 67 "http://www.cloveretl.org/_css/general.css" "Mozilla/5.0 (Windows; U; Windows NT 5.1; pt-BR; rv:1.9.0.6) Gecko/2009011913 Firefox/3.0.6"
201.76.165.34 - - [04/Mar/2009:15:24:16 +0100] "GET /_img/li_blue.gif HTTP/1.0" 200 50 "http://www.cloveretl.org/_css/modules/Index.css" "Mozilla/5.0 (Windows; U; Windows NT 5.1; pt-BR; rv:1.9.0.6) Gecko/2009011913 Firefox/3.0.6"
201.76.165.34 - - [04/Mar/2009:15:24:17 +0100] "GET /_img/box_green2.gif HTTP/1.0" 200 3891 "http://www.cloveretl.org/_css/general.css" "Mozilla/5.0 (Windows; U; Windows NT 5.1; pt-BR; rv:1.9.0.6) Gecko/2009011913 Firefox/3.0.6"
201.76.165.34 - - [04/Mar/2009:15:24:18 +0100] "GET /_img/box_gray.gif HTTP/1.0" 200 583 "http://www.cloveretl.org/_css/general.css" "Mozilla/5.0 (Windows; U; Windows NT 5.1; pt-BR; rv:1.9.0.6) Gecko/2009011913 Firefox/3.0.6"
201.76.165.34 - - [04/Mar/2009:15:24:33 +0100] "GET /_img/tip_bg.gif HTTP/1.0" 200 986 "http://www.cloveretl.org/_css/general.css" "Mozilla/5.0 (Windows; U; Windows NT 5.1; pt-BR; rv:1.9.0.6) Gecko/2009011913 Firefox/3.0.6"
201.76.165.34 - - [04/Mar/2009:15:24:42 +0100] "GET /download/clover-etl/ HTTP/1.0" 200 10046 "http://www.cloveretl.org/download/" "Mozilla/5.0 (Windows; U; Windows NT 5.1; pt-BR; rv:1.9.0.6) Gecko/2009011913 Firefox/3.0.6"
222.70.68.158 - - [04/Mar/2009:15:24:49 +0100] "GET /_upload/clover-gui/docs/Clover_users_manual_2_1_2.pdf HTTP/1.1" 206 524288 "http://www.cloveretl.org/_upload/clover-gui/docs" "Mozilla/4.0 (compatible; MSIE 6.0; Windows NT 5.1; )"
222.70.68.158 - - [04/Mar/2009:15:25:35 +0100] "GET /_upload/clover-gui/docs/Clover_users_manual_2_1_2.pdf HTTP/1.1" 206 126616 "http://www.cloveretl.org/_upload/clover-gui/docs" "Mozilla/4.0 (compatible; MSIE 6.0; Windows NT 5.1; )"
222.70.68.158 - - [04/Mar/2009:15:25:51 +0100] "GET /_upload/clover-gui/docs/Clover_users_manual_2_1_2.pdf HTTP/1.1" 206 1215455 "http://www.cloveretl.org/_upload/clover-gui/docs" "Mozilla/4.0 (compatible; MSIE 6.0; Windows NT 5.1; )"
77.94.32.33 - - [04/Mar/2009:15:26:54 +0100] "GET /_img/content_top.gif HTTP/1.0" 200 67 "http://www.cloveretl.org/_css/general.css" "Mozilla/5.0 (X11; U; Linux i686; en-US; rv:1.9.0.6) Gecko/2009011912 Firefox/3.0.6"
77.94.32.33 - - [04/Mar/2009:15:26:49 +0100] "GET /_css/modules/Index.css HTTP/1.0" 200 3161 "http://www.cloveretl.org/" "Mozilla/5.0 (X11; U; Linux i686; en-US; rv:1.9.0.6) Gecko/2009011912 Firefox/3.0.6"
77.94.32.33 - - [04/Mar/2009:15:26:53 +0100] "GET /_img/menu_tab_left.gif HTTP/1.0" 200 102 "http://www.cloveretl.org/_css/general.css" "Mozilla/5.0 (X11; U; Linux i686; en-US; rv:1.9.0.6) Gecko/2009011912 Firefox/3.0.6"
77.94.32.33 - - [04/Mar/2009:15:26:54 +0100] "GET /_img/rss.gif HTTP/1.0" 200 1170 "http://www.cloveretl.org/_css/general.css" "Mozilla/5.0 (X11; U; Linux i686; en-US; rv:1.9.0.6) Gecko/2009011912 Firefox/3.0.6"
116.227.217.61 - - [04/Mar/2009:15:24:32 +0100] "GET /_img/menu_tab_left.gif HTTP/1.1" 200 102 "http://www.cloveretl.org/documentation/" "Mozilla/4.0 (compatible; MSIE 6.0; Windows NT 5.1; SV1; Maxthon; Maxthon; .NET CLR 2.0.50727)"
222.70.68.158 - - [04/Mar/2009:15:25:04 +0100] "GET /_upload/clover-gui/docs/Clover_users_manual_2_1_2.pdf HTTP/1.1" 206 1217488 "http://www.cloveretl.org/_upload/clover-gui/docs" "Mozilla/4.0 (compatible; MSIE 6.0; Windows NT 5.1; )"
222.70.68.158 - - [04/Mar/2009:15:26:18 +0100] "GET /_upload/clover-gui/docs/Clover_users_manual_2_1_2.pdf HTTP/1.1" 206 529035 "http://www.cloveretl.org/_upload/clover-gui/docs" "Mozilla/4.0 (compatible; MSIE 6.0; Windows NT 5.1; )"
222.70.68.158 - - [04/Mar/2009:15:26:46 +0100] "GET /_upload/clover-gui/docs/Clover_users_manual_2_1_2.pdf HTTP/1.1" 206 106631 "http://www.cloveretl.org/_upload/clover-gui/docs" "Mozilla/4.0 (compatible; MSIE 6.0; Windows NT 5.1; )"
222.70.68.158 - - [04/Mar/2009:15:26:57 +0100] "GET /_upload/clover-gui/docs/Clover_users_manual_2_1_2.pdf HTTP/1.1" 206 62375 "http://www.cloveretl.org/_upload/clover-gui/docs" "Mozilla/4.0 (compatible; MSIE 6.0; Windows NT 5.1; )"
90.191.60.186 - - [04/Mar/2009:15:24:19 +0100] "GET /_css/modules/Index.css HTTP/1.1" 200 3161 "http://www.cloveretl.org/" "Mozilla/5.0 (Windows; U; Windows NT 5.1; et; rv:1.9.0.6) Gecko/2009011913 Firefox/3.0.6 (.NET CLR 3.5.30729)"
90.191.60.186 - - [04/Mar/2009:15:24:19 +0100] "GET /_img/menu_tab_left.gif HTTP/1.1" 200 102 "http://www.cloveretl.org/_css/general.css" "Mozilla/5.0 (Windows; U; Windows NT 5.1; et; rv:1.9.0.6) Gecko/2009011913 Firefox/3.0.6 (.NET CLR 3.5.30729)"
90.191.60.186 - - [04/Mar/2009:15:24:19 +0100] "GET /_img/motto_right.gif HTTP/1.1" 200 123 "http://www.cloveretl.org/_css/modules/Index.css" "Mozilla/5.0 (Windows; U; Windows NT 5.1; et; rv:1.9.0.6) Gecko/2009011913 Firefox/3.0.6 (.NET CLR 3.5.30729)"
90.191.60.186 - - [04/Mar/2009:15:24:20 +0100] "GET /_img/box_etl.gif HTTP/1.1" 200 38839 "http://www.cloveretl.org/_css/modules/Index.css" "Mozilla/5.0 (Windows; U; Windows NT 5.1; et; rv:1.9.0.6) Gecko/2009011913 Firefox/3.0.6 (.NET CLR 3.5.30729)"
222.70.68.158 - - [04/Mar/2009:15:24:49 +0100] "GET /_upload/clover-gui/docs/Clover_users_manual_2_1_2.pdf HTTP/1.1" 206 524288 "http://www.cloveretl.org/_upload/clover-gui/docs" "Mozilla/4.0 (compatible; MSIE 6.0; Windows NT 5.1; )"
222.70.68.158 - - [04/Mar/2009:15:25:09 +0100] "GET /_upload/clover-gui/docs/Clover_users_manual_2_1_2.pdf HTTP/1.1" 206 64677 "http://www.cloveretl.org/_upload/clover-gui/docs" "Mozilla/4.0 (compatible; MSIE 6.0; Windows NT 5.1; )"
222.70.68.158 - - [04/Mar/2009:15:25:16 +0100] "GET /_upload/clover-gui/docs/Clover_users_manual_2_1_2.pdf HTTP/1.1" 206 128649 "http://www.cloveretl.org/_upload/clover-gui/docs" "Mozilla/4.0 (compatible; MSIE 6.0; Windows NT 5.1; )"
222.70.68.158 - - [04/Mar/2009:15:25:23 +0100] "GET /_upload/clover-gui/docs/Clover_users_manual_2_1_2.pdf HTTP/1.1" 206 705057 "http://www.cloveretl.org/_upload/clover-gui/docs" "Mozilla/4.0 (compatible; MSIE 6.0; Windows NT 5.1; )"
222.70.68.158 - - [04/Mar/2009:15:26:19 +0100] "GET /_upload/clover-gui/docs/Clover_users_manual_2_1_2.pdf HTTP/1.1" 206 55900 "http://www.cloveretl.org/_upload/clover-gui/docs" "Mozilla/4.0 (compatible; MSIE 6.0; Windows NT 5.1; )"
222.70.68.158 - - [04/Mar/2009:15:26:27 +0100] "GET /_upload/clover-gui/docs/Clover_users_manual_2_1_2.pdf HTTP/1.1" 206 599967 "http://www.cloveretl.org/_upload/clover-gui/docs" "Mozilla/4.0 (compatible; MSIE 6.0; Windows NT 5.1; )"
77.94.32.33 - - [04/Mar/2009:15:26:55 +0100] "GET /_img/motto_middle.gif HTTP/1.0" 200 259 "http://www.cloveretl.org/_css/modules/Index.css" "Mozilla/5.0 (X11; U; Linux i686; en-US; rv:1.9.0.6) Gecko/2009011912 Firefox/3.0.6"
77.94.32.33 - - [04/Mar/2009:15:26:55 +0100] "GET /_img/menu_tab_right.gif HTTP/1.0" 200 102 "http://www.cloveretl.org/_css/general.css" "Mozilla/5.0 (X11; U; Linux i686; en-US; rv:1.9.0.6) Gecko/2009011912 Firefox/3.0.6"
77.94.32.33 - - [04/Mar/2009:15:26:56 +0100] "GET /_img/box_green2.gif HTTP/1.0" 200 3891 "http://www.cloveretl.org/_css/general.css" "Mozilla/5.0 (X11; U; Linux i686; en-US; rv:1.9.0.6) Gecko/2009011912 Firefox/3.0.6"
77.94.32.33 - - [04/Mar/2009:15:26:56 +0100] "GET /_img/box_gray.gif HTTP/1.0" 200 583 "http://www.cloveretl.org/_css/general.css" "Mozilla/5.0 (X11; U; Linux i686; en-US; rv:1.9.0.6) Gecko/2009011912 Firefox/3.0.6"
77.94.32.33 - - [04/Mar/2009:15:26:56 +0100] "GET /_img/li_blue.gif HTTP/1.0" 200 50 "http://www.cloveretl.org/_css/modules/Index.css" "Mozilla/5.0 (X11; U; Linux i686; en-US; rv:1.9.0.6) Gecko/2009011912 Firefox/3.0.6"
77.94.32.33 - - [04/Mar/2009:15:26:52 +0100] "GET /favicon.ico HTTP/1.0" 200 1406 "-" "Mozilla/5.0 (X11; U; Linux i686; en-US; rv:1.9.0.6) Gecko/2009011912 Firefox/3.0.6"
77.94.32.33 - - [04/Mar/2009:15:26:53 +0100] "GET /_img/box_etl.gif HTTP/1.0" 200 38839 "http://www.cloveretl.org/_css/modules/Index.css" "Mozilla/5.0 (X11; U; Linux i686; en-US; rv:1.9.0.6) Gecko/2009011912 Firefox/3.0.6"
82.94.147.26 - - [04/Mar/2009:15:20:54 +0100] "GET / HTTP/1.1" 200 10616 "http://en.wikipedia.org/wiki/Clover.ETL" "Mozilla/5.0 (Windows; U; Windows NT 6.0; en-US; rv:1.9.0.6) Gecko/2009011913 Firefox/3.0.6 (.NET CLR 3.5.30729)"
82.94.147.26 - - [04/Mar/2009:15:20:55 +0100] "GET /favicon.ico HTTP/1.1" 200 1406 "-" "Mozilla/5.0 (Windows; U; Windows NT 6.0; en-US; rv:1.9.0.6) Gecko/2009011913 Firefox/3.0.6 (.NET CLR 3.5.30729)"
82.94.147.26 - - [04/Mar/2009:15:20:55 +0100] "GET /_img/logo_clover.gif HTTP/1.1" 200 3147 "http://www.cloveretl.org/_css/general.css" "Mozilla/5.0 (Windows; U; Windows NT 6.0; en-US; rv:1.9.0.6) Gecko/2009011913 Firefox/3.0.6 (.NET CLR 3.5.30729)"
82.94.147.26 - - [04/Mar/2009:15:20:56 +0100] "GET /_img/motto_left.gif HTTP/1.1" 200 79 "http://www.cloveretl.org/_css/modules/Index.css" "Mozilla/5.0 (Windows; U; Windows NT 6.0; en-US; rv:1.9.0.6) Gecko/2009011913 Firefox/3.0.6 (.NET CLR 3.5.30729)"
82.94.147.26 - - [04/Mar/2009:15:20:56 +0100] "GET /_img/li_blue.gif HTTP/1.1" 200 50 "http://www.cloveretl.org/_css/modules/Index.css" "Mozilla/5.0 (Windows; U; Windows NT 6.0; en-US; rv:1.9.0.6) Gecko/2009011913 Firefox/3.0.6 (.NET CLR 3.5.30729)"
82.94.147.26 - - [04/Mar/2009:15:20:56 +0100] "GET /_img/box_gray.gif HTTP/1.1" 200 583 "http://www.cloveretl.org/_css/general.css" "Mozilla/5.0 (Windows; U; Windows NT 6.0; en-US; rv:1.9.0.6) Gecko/2009011913 Firefox/3.0.6 (.NET CLR 3.5.30729)"
82.94.147.26 - - [04/Mar/2009:15:20:56 +0100] "GET /_img/clock.gif HTTP/1.1" 200 57 "http://www.cloveretl.org/_css/general.css" "Mozilla/5.0 (Windows; U; Windows NT 6.0; en-US; rv:1.9.0.6) Gecko/2009011913 Firefox/3.0.6 (.NET CLR 3.5.30729)"
82.94.147.26 - - [04/Mar/2009:15:21:11 +0100] "GET /_img/clovergui/Graf_icon.png HTTP/1.1" 200 11126 "http://www.cloveretl.org/clover-gui/screenshots/" "Mozilla/5.0 (Windows; U; Windows NT 6.0; en-US; rv:1.9.0.6) Gecko/2009011913 Firefox/3.0.6 (.NET CLR 3.5.30729)"
82.94.147.26 - - [04/Mar/2009:15:21:12 +0100] "GET /_img/clovergui/Filter_expression_icon.png HTTP/1.1" 200 5470 "http://www.cloveretl.org/clover-gui/screenshots/" "Mozilla/5.0 (Windows; U; Windows NT 6.0; en-US; rv:1.9.0.6) Gecko/2009011913 Firefox/3.0.6 (.NET CLR 3.5.30729)"
82.94.147.26 - - [04/Mar/2009:15:21:12 +0100] "GET /_img/clovergui/DB_browser_query_icon.png HTTP/1.1" 200 3176 "http://www.cloveretl.org/clover-gui/screenshots/" "Mozilla/5.0 (Windows; U; Windows NT 6.0; en-US; rv:1.9.0.6) Gecko/2009011913 Firefox/3.0.6 (.NET CLR 3.5.30729)"
82.94.147.26 - - [04/Mar/2009:15:21:12 +0100] "GET /_img/clovergui/Data_tracking_icon.png HTTP/1.1" 200 12761 "http://www.cloveretl.org/clover-gui/screenshots/" "Mozilla/5.0 (Windows; U; Windows NT 6.0; en-US; rv:1.9.0.6) Gecko/2009011913 Firefox/3.0.6 (.NET CLR 3.5.30729)"
82.94.147.26 - - [04/Mar/2009:15:21:15 +0100] "GET /_img/clovergui/Graf.png HTTP/1.1" 200 149767 "http://www.cloveretl.org/clover-gui/screenshots/" "Mozilla/5.0 (Windows; U; Windows NT 6.0; en-US; rv:1.9.0.6) Gecko/2009011913 Firefox/3.0.6 (.NET CLR 3.5.30729)"
160.83.73.25 - - [04/Mar/2009:15:20:50 +0100] "GET / HTTP/1.1" 200 10616 "http://confluence.gslb.db.com/display/RITQuant/Web+Analytics+Warehouse" "Mozilla/4.0 (compatible; MSIE 6.0; Windows NT 5.1; SV1; .NET CLR 1.1.4322; InfoPath.2; .NET CLR 2.0.50727; .NET CLR 3.0.04506.648; .NET CLR 3.5.21022)"
160.83.73.25 - - [04/Mar/2009:15:20:51 +0100] "GET /_css/general.css HTTP/1.1" 200 8831 "http://www.cloveretl.org/" "Mozilla/4.0 (compatible; MSIE 6.0; Windows NT 5.1; SV1; .NET CLR 1.1.4322; InfoPath.2; .NET CLR 2.0.50727; .NET CLR 3.0.04506.648; .NET CLR 3.5.21022)"
